Archive member included to satisfy reference by file (symbol)

app/libapp.a(main.c.obj)      (--whole-archive)
app/libapp.a(io.c.obj)        (--whole-archive)
app/libapp.a(flash_map_extended.c.obj)
                              (--whole-archive)
app/libapp.a(os.c.obj)        (--whole-archive)
app/libapp.a(keys.c.obj)      (--whole-archive)
app/libapp.a(boot_serial_extensions.c.obj)
                              (--whole-archive)
app/libapp.a(boot_serial_extension_zephyr_basic.c.obj)
                              (--whole-archive)
app/libapp.a(image_validate.c.obj)
                              (--whole-archive)
app/libapp.a(tlv.c.obj)       (--whole-archive)
app/libapp.a(encrypted.c.obj)
                              (--whole-archive)
app/libapp.a(image_rsa.c.obj)
                              (--whole-archive)
app/libapp.a(image_ecdsa.c.obj)
                              (--whole-archive)
app/libapp.a(image_ed25519.c.obj)
                              (--whole-archive)
app/libapp.a(bootutil_misc.c.obj)
                              (--whole-archive)
app/libapp.a(fault_injection_hardening.c.obj)
                              (--whole-archive)
app/libapp.a(loader.c.obj)    (--whole-archive)
app/libapp.a(swap_misc.c.obj)
                              (--whole-archive)
app/libapp.a(caps.c.obj)      (--whole-archive)
app/libapp.a(swap_scratch.c.obj)
                              (--whole-archive)
app/libapp.a(autogen-pubkey.c.obj)
                              (--whole-archive)
app/libapp.a(arm_cleanup.c.obj)
                              (--whole-archive)
app/libapp.a(nrf_cleanup.c.obj)
                              (--whole-archive)
zephyr/libzephyr.a(crc32c_sw.c.obj)
                              (--whole-archive)
zephyr/libzephyr.a(crc32_sw.c.obj)
                              (--whole-archive)
zephyr/libzephyr.a(crc24_sw.c.obj)
                              (--whole-archive)
zephyr/libzephyr.a(crc16_sw.c.obj)
                              (--whole-archive)
zephyr/libzephyr.a(crc8_sw.c.obj)
                              (--whole-archive)
zephyr/libzephyr.a(crc7_sw.c.obj)
                              (--whole-archive)
zephyr/libzephyr.a(crc4_sw.c.obj)
                              (--whole-archive)
zephyr/libzephyr.a(heap.c.obj)
                              (--whole-archive)
zephyr/libzephyr.a(cbprintf_packaged.c.obj)
                              (--whole-archive)
zephyr/libzephyr.a(printk.c.obj)
                              (--whole-archive)
zephyr/libzephyr.a(sem.c.obj)
                              (--whole-archive)
zephyr/libzephyr.a(thread_entry.c.obj)
                              (--whole-archive)
zephyr/libzephyr.a(cbprintf_nano.c.obj)
                              (--whole-archive)
zephyr/libzephyr.a(cbprintf.c.obj)
                              (--whole-archive)
zephyr/libzephyr.a(assert.c.obj)
                              (--whole-archive)
zephyr/libzephyr.a(reboot.c.obj)
                              (--whole-archive)
zephyr/libzephyr.a(base64.c.obj)
                              (--whole-archive)
zephyr/libzephyr.a(dec.c.obj)
                              (--whole-archive)
zephyr/libzephyr.a(hex.c.obj)
                              (--whole-archive)
zephyr/libzephyr.a(rb.c.obj)  (--whole-archive)
zephyr/libzephyr.a(timeutil.c.obj)
                              (--whole-archive)
zephyr/libzephyr.a(bitarray.c.obj)
                              (--whole-archive)
zephyr/libzephyr.a(onoff.c.obj)
                              (--whole-archive)
zephyr/libzephyr.a(notify.c.obj)
                              (--whole-archive)
zephyr/libzephyr.a(last_section_id.c.obj)
                              (--whole-archive)
zephyr/libzephyr.a(configs.c.obj)
                              (--whole-archive)
zephyr/libzephyr.a(mem_attr.c.obj)
                              (--whole-archive)
zephyr/libzephyr.a(flash_map.c.obj)
                              (--whole-archive)
zephyr/libzephyr.a(flash_map_layout.c.obj)
                              (--whole-archive)
zephyr/libzephyr.a(tracing_none.c.obj)
                              (--whole-archive)
zephyr/libzephyr.a(flash_util.c.obj)
                              (--whole-archive)
zephyr/libzephyr.a(banner.c.obj)
                              (--whole-archive)
zephyr/libzephyr.a(flash_map_partition_manager.c.obj)
                              (--whole-archive)
zephyr/libzephyr.a(nrf_cc3xx_platform_abort_zephyr.c.obj)
                              (--whole-archive)
zephyr/libzephyr.a(nrf_cc3xx_platform_mutex_zephyr.c.obj)
                              (--whole-archive)
zephyr/libzephyr.a(serial_adapter.c.obj)
                              (--whole-archive)
zephyr/libzephyr.a(boot_serial.c.obj)
                              (--whole-archive)
zephyr/libzephyr.a(zcbor_bulk.c.obj)
                              (--whole-archive)
zephyr/arch/common/libarch__common.a(sw_isr_common.c.obj)
                              (--whole-archive)
[...]
Memory Configuration

Name             Origin             Length             Attributes
FLASH            0x0000000000000000 0x0000000000010000 xr
RAM              0x0000000020002000 0x000000000006e000 xw
IDT_LIST         0x00000000ffff7fff 0x0000000000008000 xw
*default*        0x0000000000000000 0xffffffffffffffff

Linker script and memory map

LOAD zephyr/CMakeFiles/zephyr_final.dir/misc/empty_file.c.obj
LOAD zephyr/CMakeFiles/zephyr_final.dir/isr_tables.c.obj
LOAD zephyr/CMakeFiles/offsets.dir/./arch/arm/core/offsets/offsets.c.obj
LOAD app/libapp.a
LOAD zephyr/libzephyr.a
LOAD zephyr/arch/common/libarch__common.a
LOAD zephyr/arch/arch/arm/core/libarch__arm__core.a
LOAD zephyr/arch/arch/arm/core/cortex_m/libarch__arm__core__cortex_m.a
LOAD zephyr/arch/arch/arm/core/cortex_m/cmse/libarch__arm__core__cortex_m__cmse.a
LOAD zephyr/arch/arch/arm/core/mpu/libarch__arm__core__mpu.a
LOAD zephyr/lib/libc/minimal/liblib__libc__minimal.a
LOAD zephyr/lib/libc/common/liblib__libc__common.a
LOAD zephyr/soc/soc/nrf5340/libsoc__nordic.a
LOAD zephyr/drivers/clock_control/libdrivers__clock_control.a
LOAD zephyr/drivers/flash/libdrivers__flash.a
LOAD zephyr/drivers/gpio/libdrivers__gpio.a
LOAD zephyr/drivers/pinctrl/libdrivers__pinctrl.a
LOAD zephyr/drivers/serial/libdrivers__serial.a
LOAD zephyr/drivers/timer/libdrivers__timer.a
LOAD modules/nrf/lib/fprotect/lib..__nrf__lib__fprotect.a
LOAD modules/nrf/subsys/pcd/lib..__nrf__subsys__pcd.a
LOAD modules/nrf/modules/mcuboot/hooks/lib..__nrf__modules__mcuboot__hooks.a
LOAD modules/nrf/drivers/hw_cc3xx/lib..__nrf__drivers__hw_cc3xx.a
LOAD modules/mcuboot/boot/bootutil/zephyr/libmcuboot_util.a
LOAD modules/mbedtls/libmbedTLSBase.a
LOAD modules/mbedtls/libmbedTLSCrypto.a
LOAD modules/mbedtls/libmbedTLSX509.a
LOAD modules/mbedtls/libmodules__mbedtls.a
LOAD modules/hal_nordic/modules/hal_nordic/nrfx/libmodules__hal_nordic__nrfx.a
LOAD modules/zcbor/libmodules__zcbor.a
LOAD zephyr/kernel/libkernel.a
LOAD zephyr/arch/common/libisr_tables.a
LOAD modules/mbedtls/libmbedTLSBase.a
LOAD modules/mbedtls/libmbedTLSCrypto.a
LOAD modules/mbedtls/libmbedTLSX509.a
LOAD /opt/nordic/ncs/v3.0.2/nrfxlib/crypto/nrf_cc312_platform/lib/cortex-m33/soft-float/no-interrupts/libnrf_cc312_platform_0.9.19.a
LOAD /opt/nordic/ncs/toolchains/ef4fc6722e/opt/zephyr-sdk/arm-zephyr-eabi/bin/../lib/gcc/arm-zephyr-eabi/12.2.0/thumb/v8-m.main/nofp/libgcc.a
                0x0000000000000020                _region_min_align = 0x20

.rel.plt        0x0000000000000000        0x0
 *(SORT_BY_ALIGNMENT(.rel.plt))
                [!provide]                        PROVIDE (__rel_iplt_start = .)
 *(SORT_BY_ALIGNMENT(.rel.iplt))
 .rel.iplt      0x0000000000000000        0x0 zephyr/CMakeFiles/zephyr_final.dir/isr_tables.c.obj
                [!provide]                        PROVIDE (__rel_iplt_end = .)

.rela.plt       0x0000000000000000        0x0
 *(SORT_BY_ALIGNMENT(.rela.plt))
                [!provide]                        PROVIDE (__rela_iplt_start = .)
 *(SORT_BY_ALIGNMENT(.rela.iplt))
                [!provide]                        PROVIDE (__rela_iplt_end = .)

.rel.dyn
 *(SORT_BY_ALIGNMENT(.rel.*))

.rela.dyn
 *(SORT_BY_ALIGNMENT(.rela.*))

/DISCARD/
 *(SORT_BY_ALIGNMENT(.plt))

/DISCARD/
 *(SORT_BY_ALIGNMENT(.iplt))
                0x0000000000000000                __rom_region_start = 0x0

rom_start       0x0000000000000000      0x154
                0x0000000000000000                __rom_start_address = .
 FILL mask 0x00
                0x0000000000000000                . = (. + (0x0 - (. - __rom_start_address)))
                0x0000000000000000                . = ALIGN (0x4)
                0x0000000000000000                . = ALIGN (0x80)
                0x0000000000000000                . = ALIGN (0x200)
                0x0000000000000000                _vector_start = .
 *(SORT_BY_ALIGNMENT(.exc_vector_table))
 *(SORT_BY_ALIGNMENT(.exc_vector_table.*))
 .exc_vector_table._vector_table_section
                0x0000000000000000       0x40 zephyr/arch/arch/arm/core/cortex_m/libarch__arm__core__cortex_m.a(vector_table.S.obj)
                0x0000000000000000                _vector_table
 *(SORT_BY_ALIGNMENT(.vectors))
                0x0000000000000154                _vector_end = .
                0x0000000000000040                . = ALIGN (0x4)
 *(SORT_BY_ALIGNMENT(.gnu.linkonce.irq_vector_table*))
 .gnu.linkonce.irq_vector_table
                0x0000000000000040      0x114 zephyr/CMakeFiles/zephyr_final.dir/isr_tables.c.obj
                0x0000000000000040                _irq_vector_table
                0x0000000000000154                _vector_end = .

text            0x0000000000000154     0xb330
                0x0000000000000154                __text_region_start = .
 *(SORT_BY_ALIGNMENT(.text))
 .text          0x0000000000000154       0x30 /opt/nordic/ncs/toolchains/ef4fc6722e/opt/zephyr-sdk/arm-zephyr-eabi/bin/../lib/gcc/arm-zephyr-eabi/12.2.0/thumb/v8-m.main/nofp/libgcc.a(_aeabi_uldivmod.o)
                0x0000000000000154                __aeabi_uldivmod
 .text          0x0000000000000184        0x4 /opt/nordic/ncs/toolchains/ef4fc6722e/opt/zephyr-sdk/arm-zephyr-eabi/bin/../lib/gcc/arm-zephyr-eabi/12.2.0/thumb/v8-m.main/nofp/libgcc.a(_dvmd_tls.o)
                0x0000000000000184                __aeabi_ldiv0
                0x0000000000000184                __aeabi_idiv0
 .text          0x0000000000000188      0x29c /opt/nordic/ncs/toolchains/ef4fc6722e/opt/zephyr-sdk/arm-zephyr-eabi/bin/../lib/gcc/arm-zephyr-eabi/12.2.0/thumb/v8-m.main/nofp/libgcc.a(_udivmoddi4.o)
                0x0000000000000188                __udivmoddi4
 *(SORT_BY_ALIGNMENT(.text.*))
 .text.main     0x0000000000000424       0xec app/libapp.a(main.c.obj)
                0x0000000000000424                main
 .text.io_detect_pin
                0x0000000000000510       0x48 app/libapp.a(io.c.obj)
                0x0000000000000510                io_detect_pin
 .text.flash_area_id_from_multi_image_slot
                0x0000000000000558       0x24 app/libapp.a(flash_map_extended.c.obj)
                0x0000000000000558                flash_area_id_from_multi_image_slot
 .text.flash_area_id_from_direct_image
                0x000000000000057c       0x14 app/libapp.a(flash_map_extended.c.obj)
                0x000000000000057c                flash_area_id_from_direct_image
 .text.os_heap_init
                0x0000000000000590       0x10 app/libapp.a(os.c.obj)
                0x0000000000000590                os_heap_init
 .text.bs_peruser_system_specific
                0x00000000000005a0       0x64 app/libapp.a(boot_serial_extensions.c.obj)
                0x00000000000005a0                bs_peruser_system_specific
 .text.bs_custom_storage_erase
                0x0000000000000604       0x70 app/libapp.a(boot_serial_extension_zephyr_basic.c.obj)
 .text.bootutil_img_validate
                0x0000000000000674      0x218 app/libapp.a(image_validate.c.obj)
                0x0000000000000674                bootutil_img_validate
 .text.bootutil_cmp_rsasig
                0x000000000000088c      0x12c app/libapp.a(image_rsa.c.obj)
 .text.bootutil_verify_sig
                0x00000000000009b8       0xd0 app/libapp.a(image_rsa.c.obj)
                0x00000000000009b8                bootutil_verify_sig
 .text.boot_initialize_area
                0x0000000000000a88       0x60 app/libapp.a(loader.c.obj)
 .text.boot_read_sectors
                0x0000000000000ae8       0x4c app/libapp.a(loader.c.obj)
 .text.boot_validate_slot.constprop.0.isra.0
                0x0000000000000b34      0x14c app/libapp.a(loader.c.obj)
 .text.boot_copy_region
                0x0000000000000c80       0xac app/libapp.a(loader.c.obj)
                0x0000000000000c80                boot_copy_region
 .text.context_boot_go
                0x0000000000000d2c      0x588 app/libapp.a(loader.c.obj)
                0x0000000000000d2c                context_boot_go
 .text.boot_go  0x00000000000012b4       0x20 app/libapp.a(loader.c.obj)
                0x00000000000012b4                boot_go
 .text.boot_get_max_app_size
                0x00000000000012d4       0xd0 app/libapp.a(loader.c.obj)
                0x00000000000012d4                boot_get_max_app_size
 .text.cleanup_arm_nvic
                0x00000000000013a4       0x38 app/libapp.a(arm_cleanup.c.obj)
                0x00000000000013a4                cleanup_arm_nvic
 .text.nrf_cleanup_peripheral
                0x00000000000013dc       0x9c app/libapp.a(nrf_cleanup.c.obj)
                0x00000000000013dc                nrf_cleanup_peripheral
 .text.char_out
                0x0000000000001478        0xc zephyr/libzephyr.a(printk.c.obj)
 .text.vprintk  0x0000000000001484       0x1c zephyr/libzephyr.a(printk.c.obj)
                0x0000000000001484                vprintk
 .text.z_cbvprintf_impl
                0x00000000000014a0      0x444 zephyr/libzephyr.a(cbprintf_nano.c.obj)
                0x00000000000014a0                z_cbvprintf_impl
 .text.sys_reboot
                0x00000000000018e4       0x2c zephyr/libzephyr.a(reboot.c.obj)
                0x00000000000018e4                sys_reboot
 .text.base64_encode
                0x0000000000001910       0xfc zephyr/libzephyr.a(base64.c.obj)
                0x0000000000001910                base64_encode
 .text.base64_decode
                0x0000000000001a0c      0x140 zephyr/libzephyr.a(base64.c.obj)
                0x0000000000001a0c                base64_decode
 .text.process_event
                0x0000000000001b4c      0x21c zephyr/libzephyr.a(onoff.c.obj)
 .text.mem_attr_get_regions
                0x0000000000001d68        0xc zephyr/libzephyr.a(mem_attr.c.obj)
                0x0000000000001d68                mem_attr_get_regions
 .text.flash_area_open
                0x0000000000001d74       0x4c zephyr/libzephyr.a(flash_map.c.obj)
                0x0000000000001d74                flash_area_open
 .text.flash_area_sectors
                0x0000000000001dc0       0x34 zephyr/libzephyr.a(flash_map_layout.c.obj)
                0x0000000000001dc0                flash_area_sectors
 .text.boot_banner
                0x0000000000001df4       0x24 zephyr/libzephyr.a(banner.c.obj)
                0x0000000000001df4                boot_banner
 .text.nrf_cc3xx_platform_abort_init
                0x0000000000001e18        0xc zephyr/libzephyr.a(nrf_cc3xx_platform_abort_zephyr.c.obj)
                0x0000000000001e18                nrf_cc3xx_platform_abort_init
 .text.mutex_free_platform
                0x0000000000001e24       0x54 zephyr/libzephyr.a(nrf_cc3xx_platform_mutex_zephyr.c.obj)
 .text.mutex_lock_platform
                0x0000000000001e78       0x74 zephyr/libzephyr.a(nrf_cc3xx_platform_mutex_zephyr.c.obj)
 .text.mutex_unlock_platform
                0x0000000000001eec       0x68 zephyr/libzephyr.a(nrf_cc3xx_platform_mutex_zephyr.c.obj)
 .text.mutex_init_platform
                0x0000000000001f54       0x94 zephyr/libzephyr.a(nrf_cc3xx_platform_mutex_zephyr.c.obj)
 .text.nrf_cc3xx_platform_mutex_init
                0x0000000000001fe8       0x2c zephyr/libzephyr.a(nrf_cc3xx_platform_mutex_zephyr.c.obj)
                0x0000000000001fe8                nrf_cc3xx_platform_mutex_init
 .text.boot_uart_fifo_callback
                0x0000000000002014       0xa0 zephyr/libzephyr.a(serial_adapter.c.obj)
 .text.console_out
                0x00000000000020b4       0x18 zephyr/libzephyr.a(serial_adapter.c.obj)
                0x00000000000020b4                console_out
 .text.console_read
                0x00000000000020cc       0x90 zephyr/libzephyr.a(serial_adapter.c.obj)
                0x00000000000020cc                console_read
 .text.boot_console_init
                0x000000000000215c       0xa4 zephyr/libzephyr.a(serial_adapter.c.obj)
                0x000000000000215c                boot_console_init
 .text.boot_serial_output
                0x0000000000002200      0x140 zephyr/libzephyr.a(boot_serial.c.obj)
 .text.bs_upload
                0x0000000000002340      0x2b0 zephyr/libzephyr.a(boot_serial.c.obj)
 .text.bs_rc_rsp
                0x00000000000025f0       0x38 zephyr/libzephyr.a(boot_serial.c.obj)
 .text.boot_serial_in_dec.constprop.0
                0x0000000000002628       0x68 zephyr/libzephyr.a(boot_serial.c.obj)
 .text.reset_cbor_state
                0x0000000000002690       0x24 zephyr/libzephyr.a(boot_serial.c.obj)
                0x0000000000002690                reset_cbor_state
 .text.boot_serial_input
                0x00000000000026b4      0x3e4 zephyr/libzephyr.a(boot_serial.c.obj)
                0x00000000000026b4                boot_serial_input
 .text.boot_serial_start
                0x0000000000002a98       0xe4 zephyr/libzephyr.a(boot_serial.c.obj)
                0x0000000000002a98                boot_serial_start
 .text.z_SysNmiOnReset
                0x0000000000002b7c        0x8 zephyr/arch/arch/arm/core/libarch__arm__core.a(nmi_on_reset.S.obj)
                0x0000000000002b7c                z_SysNmiOnReset
 .text._HandlerModeExit
                0x0000000000002b84       0x28 zephyr/arch/arch/arm/core/cortex_m/libarch__arm__core__cortex_m.a(exc_exit.c.obj)
                0x0000000000002b84                z_arm_exc_exit
                0x0000000000002b84                z_arm_int_exit
 .text.usage_fault.constprop.0
                0x0000000000002bac       0x5c zephyr/arch/arch/arm/core/cortex_m/libarch__arm__core__cortex_m.a(fault.c.obj)
 .text.bus_fault.constprop.0
                0x0000000000002c08       0x6c zephyr/arch/arch/arm/core/cortex_m/libarch__arm__core__cortex_m.a(fault.c.obj)
 .text.mem_manage_fault.constprop.0
                0x0000000000002c74       0x78 zephyr/arch/arch/arm/core/cortex_m/libarch__arm__core__cortex_m.a(fault.c.obj)
 .text.z_arm_fault
                0x0000000000002cec      0x118 zephyr/arch/arch/arm/core/cortex_m/libarch__arm__core__cortex_m.a(fault.c.obj)
                0x0000000000002cec                z_arm_fault
 .text.z_arm_fault_init
                0x0000000000002e04       0x20 zephyr/arch/arch/arm/core/cortex_m/libarch__arm__core__cortex_m.a(fault.c.obj)
                0x0000000000002e04                z_arm_fault_init
 .text.__fault  0x0000000000002e24       0x14 zephyr/arch/arch/arm/core/cortex_m/libarch__arm__core__cortex_m.a(fault_s.S.obj)
                0x0000000000002e24                z_arm_bus_fault
                0x0000000000002e24                z_arm_usage_fault
                0x0000000000002e24                z_arm_mpu_fault
                0x0000000000002e24                z_arm_exc_spurious
                0x0000000000002e24                z_arm_debug_monitor
                0x0000000000002e24                z_arm_hard_fault
 .text._reset_section
                0x0000000000002e38       0x60 zephyr/arch/arch/arm/core/cortex_m/libarch__arm__core__cortex_m.a(reset.S.obj)
                0x0000000000002e38                z_arm_reset
                0x0000000000002e38                __start
 .text.z_arm_clear_arm_mpu_config
                0x0000000000002e98       0x24 zephyr/arch/arch/arm/core/cortex_m/libarch__arm__core__cortex_m.a(scb.c.obj)
                0x0000000000002e98                z_arm_clear_arm_mpu_config
 .text.z_arm_init_arch_hw_at_boot
                0x0000000000002ebc       0x4c zephyr/arch/arch/arm/core/cortex_m/libarch__arm__core__cortex_m.a(scb.c.obj)
                0x0000000000002ebc                z_arm_init_arch_hw_at_boot
 .text.z_impl_k_thread_abort
                0x0000000000002f08       0x2c zephyr/arch/arch/arm/core/cortex_m/libarch__arm__core__cortex_m.a(thread_abort.c.obj)
                0x0000000000002f08                z_impl_k_thread_abort
 .text.z_arm_pendsv
                0x0000000000002f34       0x58 zephyr/arch/arch/arm/core/cortex_m/libarch__arm__core__cortex_m.a(swap_helper.S.obj)
                0x0000000000002f34                z_arm_pendsv
 .text.z_arm_svc
                0x0000000000002f8c       0x24 zephyr/arch/arch/arm/core/cortex_m/libarch__arm__core__cortex_m.a(swap_helper.S.obj)
                0x0000000000002f8c                z_arm_svc
 .text.arch_irq_enable
                0x0000000000002fb0       0x1c zephyr/arch/arch/arm/core/cortex_m/libarch__arm__core__cortex_m.a(irq_manage.c.obj)
                0x0000000000002fb0                arch_irq_enable
 .text.arch_irq_disable
                0x0000000000002fcc       0x28 zephyr/arch/arch/arm/core/cortex_m/libarch__arm__core__cortex_m.a(irq_manage.c.obj)
                0x0000000000002fcc                arch_irq_disable
 .text.arch_irq_is_enabled
                0x0000000000002ff4       0x1c zephyr/arch/arch/arm/core/cortex_m/libarch__arm__core__cortex_m.a(irq_manage.c.obj)
                0x0000000000002ff4                arch_irq_is_enabled
 .text.z_arm_irq_priority_set
                0x0000000000003010       0x2c zephyr/arch/arch/arm/core/cortex_m/libarch__arm__core__cortex_m.a(irq_manage.c.obj)
                0x0000000000003010                z_arm_irq_priority_set
 .text.z_prep_c
                0x000000000000303c       0x38 zephyr/arch/arch/arm/core/cortex_m/libarch__arm__core__cortex_m.a(prep_c.c.obj)
                0x000000000000303c                z_prep_c
 .text.arch_new_thread
                0x0000000000003074       0x38 zephyr/arch/arch/arm/core/cortex_m/libarch__arm__core__cortex_m.a(thread.c.obj)
                0x0000000000003074                arch_new_thread
 .text.arch_switch_to_main_thread
                0x00000000000030ac       0x34 zephyr/arch/arch/arm/core/cortex_m/libarch__arm__core__cortex_m.a(thread.c.obj)
                0x00000000000030ac                arch_switch_to_main_thread
 .text.z_arm_cpu_idle_init
                0x00000000000030e0        0xc zephyr/arch/arch/arm/core/cortex_m/libarch__arm__core__cortex_m.a(cpu_idle.c.obj)
                0x00000000000030e0                z_arm_cpu_idle_init
 .text.z_arm_interrupt_init
                0x00000000000030ec       0x18 zephyr/arch/arch/arm/core/cortex_m/libarch__arm__core__cortex_m.a(irq_init.c.obj)
                0x00000000000030ec                z_arm_interrupt_init
 .text._isr_wrapper
                0x0000000000003104       0x24 zephyr/arch/arch/arm/core/cortex_m/libarch__arm__core__cortex_m.a(isr_wrapper.c.obj)
                0x0000000000003104                _isr_wrapper
 .text.z_arm_configure_static_mpu_regions
                0x0000000000003128       0x38 zephyr/arch/arch/arm/core/mpu/libarch__arm__core__mpu.a(arm_core_mpu.c.obj)
                0x0000000000003128                z_arm_configure_static_mpu_regions
 .text.region_init
                0x0000000000003160       0x34 zephyr/arch/arch/arm/core/mpu/libarch__arm__core__mpu.a(arm_mpu.c.obj)
 .text.region_allocate_and_init
                0x0000000000003194       0x24 zephyr/arch/arch/arm/core/mpu/libarch__arm__core__mpu.a(arm_mpu.c.obj)
 .text.mpu_configure_regions_and_partition.constprop.0
                0x00000000000031b8      0x148 zephyr/arch/arch/arm/core/mpu/libarch__arm__core__mpu.a(arm_mpu.c.obj)
 .text.arm_core_mpu_enable
                0x0000000000003300       0x18 zephyr/arch/arch/arm/core/mpu/libarch__arm__core__mpu.a(arm_mpu.c.obj)
                0x0000000000003300                arm_core_mpu_enable
 .text.arm_core_mpu_disable
                0x0000000000003318       0x14 zephyr/arch/arch/arm/core/mpu/libarch__arm__core__mpu.a(arm_mpu.c.obj)
                0x0000000000003318                arm_core_mpu_disable
 .text.arm_core_mpu_configure_static_mpu_regions
                0x000000000000332c       0x14 zephyr/arch/arch/arm/core/mpu/libarch__arm__core__mpu.a(arm_mpu.c.obj)
                0x000000000000332c                arm_core_mpu_configure_static_mpu_regions
 .text.arm_core_mpu_mark_areas_for_dynamic_regions
                0x0000000000003340       0xb8 zephyr/arch/arch/arm/core/mpu/libarch__arm__core__mpu.a(arm_mpu.c.obj)
                0x0000000000003340                arm_core_mpu_mark_areas_for_dynamic_regions
 .text.z_arm_mpu_init
                0x00000000000033f8      0x11c zephyr/arch/arch/arm/core/mpu/libarch__arm__core__mpu.a(arm_mpu.c.obj)
                0x00000000000033f8                z_arm_mpu_init
 .text.snprintf
                0x0000000000003514       0x34 zephyr/lib/libc/minimal/liblib__libc__minimal.a(sprintf.c.obj)
                0x0000000000003514                snprintf
 .text.nrf_gpio_pin_control_select
                0x0000000000003548       0x3c zephyr/soc/soc/nrf5340/libsoc__nordic.a(soc.c.obj)
 .text.nordicsemi_nrf53_init
                0x0000000000003584       0x5c zephyr/soc/soc/nrf5340/libsoc__nordic.a(soc.c.obj)
 .text.rtc_pretick_init
                0x00000000000035e0       0x60 zephyr/soc/soc/nrf5340/libsoc__nordic.a(soc.c.obj)
 .text.z_arm_on_enter_cpu_idle
                0x0000000000003640       0x64 zephyr/soc/soc/nrf5340/libsoc__nordic.a(soc.c.obj)
                0x0000000000003640                z_arm_on_enter_cpu_idle
 .text.arch_busy_wait
                0x00000000000036a4       0x24 zephyr/soc/soc/nrf5340/libsoc__nordic.a(soc.c.obj)
                0x00000000000036a4                arch_busy_wait
 .text.nrf53_cpunet_mgmt_init
                0x00000000000036c8       0x10 zephyr/soc/soc/nrf5340/libsoc__nordic.a(nrf53_cpunet_mgmt.c.obj)
 .text.onoff_start
                0x00000000000036d8       0x6c zephyr/soc/soc/nrf5340/libsoc__nordic.a(nrf53_cpunet_mgmt.c.obj)
 .text.sys_arch_reboot
                0x0000000000003744       0x24 zephyr/soc/soc/nrf5340/libsoc__nordic.a(reboot.c.obj)
                0x0000000000003744                sys_arch_reboot
 .text.onoff_stop
                0x0000000000003768       0x30 zephyr/drivers/clock_control/libdrivers__clock_control.a(clock_control_nrf.c.obj)
 .text.onoff_start
                0x0000000000003798       0x44 zephyr/drivers/clock_control/libdrivers__clock_control.a(clock_control_nrf.c.obj)
 .text.generic_hfclk_stop
                0x00000000000037dc       0x34 zephyr/drivers/clock_control/libdrivers__clock_control.a(clock_control_nrf.c.obj)
 .text.clk_init
                0x0000000000003810       0x64 zephyr/drivers/clock_control/libdrivers__clock_control.a(clock_control_nrf.c.obj)
 .text.api_blocking_start
                0x0000000000003874       0x34 zephyr/drivers/clock_control/libdrivers__clock_control.a(clock_control_nrf.c.obj)
 .text.clkstarted_handle.constprop.0
                0x00000000000038a8       0x4c zephyr/drivers/clock_control/libdrivers__clock_control.a(clock_control_nrf.c.obj)
 .text.generic_hfclk_start
                0x00000000000038f4       0x78 zephyr/drivers/clock_control/libdrivers__clock_control.a(clock_control_nrf.c.obj)
 .text.clock_event_handler
                0x000000000000396c       0x34 zephyr/drivers/clock_control/libdrivers__clock_control.a(clock_control_nrf.c.obj)
 .text.z_nrf_clock_control_lf_on
                0x00000000000039a0       0xf8 zephyr/drivers/clock_control/libdrivers__clock_control.a(clock_control_nrf.c.obj)
                0x00000000000039a0                z_nrf_clock_control_lf_on
 .text.qspi_get_zephyr_ret_code
                0x0000000000003a98       0x1c zephyr/drivers/flash/libdrivers__flash.a(nrf_qspi_nor.c.obj)
 .text.qspi_nor_pages_layout
                0x0000000000003ab4       0x10 zephyr/drivers/flash/libdrivers__flash.a(nrf_qspi_nor.c.obj)
 .text.qspi_flash_get_parameters
                0x0000000000003ac4        0x8 zephyr/drivers/flash/libdrivers__flash.a(nrf_qspi_nor.c.obj)
 .text.nrf_qspi_pins_set.constprop.0
                0x0000000000003acc       0x5c zephyr/drivers/flash/libdrivers__flash.a(nrf_qspi_nor.c.obj)
 .text.qspi_wait_for_completion.isra.0
                0x0000000000003b28       0x1c zephyr/drivers/flash/libdrivers__flash.a(nrf_qspi_nor.c.obj)
 .text.qspi_nor_write
                0x0000000000003b44      0x10c zephyr/drivers/flash/libdrivers__flash.a(nrf_qspi_nor.c.obj)
 .text.qspi_nor_read
                0x0000000000003c50      0x13c zephyr/drivers/flash/libdrivers__flash.a(nrf_qspi_nor.c.obj)
 .text.qspi_nor_erase
                0x0000000000003d8c       0xfc zephyr/drivers/flash/libdrivers__flash.a(nrf_qspi_nor.c.obj)
 .text.qspi_nor_init
                0x0000000000003e88      0x1b8 zephyr/drivers/flash/libdrivers__flash.a(nrf_qspi_nor.c.obj)
 .text.flash_nrf_pages_layout
                0x0000000000004040       0x10 zephyr/drivers/flash/libdrivers__flash.a(soc_flash_nrf.c.obj)
 .text.flash_nrf_get_parameters
                0x0000000000004050        0x8 zephyr/drivers/flash/libdrivers__flash.a(soc_flash_nrf.c.obj)
 .text.nrf_flash_init
                0x0000000000004058       0x28 zephyr/drivers/flash/libdrivers__flash.a(soc_flash_nrf.c.obj)
 .text.flash_nrf_erase
                0x0000000000004080       0x64 zephyr/drivers/flash/libdrivers__flash.a(soc_flash_nrf.c.obj)
 .text.flash_nrf_write
                0x00000000000040e4       0x98 zephyr/drivers/flash/libdrivers__flash.a(soc_flash_nrf.c.obj)
 .text.flash_sim_page_layout
                0x000000000000417c       0x10 zephyr/drivers/flash/libdrivers__flash.a(flash_simulator.c.obj)
 .text.flash_sim_get_parameters
                0x000000000000418c        0x8 zephyr/drivers/flash/libdrivers__flash.a(flash_simulator.c.obj)
 .text.flash_sim_write
                0x0000000000004194       0x78 zephyr/drivers/flash/libdrivers__flash.a(flash_simulator.c.obj)
 .text.flash_sim_read
                0x000000000000420c       0x2c zephyr/drivers/flash/libdrivers__flash.a(flash_simulator.c.obj)
 .text.flash_sim_erase
                0x0000000000004238       0x50 zephyr/drivers/flash/libdrivers__flash.a(flash_simulator.c.obj)
 .text.flash_init
                0x0000000000004288       0x18 zephyr/drivers/flash/libdrivers__flash.a(flash_simulator.c.obj)
 .text.z_impl_flash_simulator_get_memory
                0x00000000000042a0       0x10 zephyr/drivers/flash/libdrivers__flash.a(flash_simulator.c.obj)
                0x00000000000042a0                z_impl_flash_simulator_get_memory
 .text.gpio_nrfx_pin_interrupt_configure
                0x00000000000042b0      0x100 zephyr/drivers/gpio/libdrivers__gpio.a(gpio_nrfx.c.obj)
 .text.gpio_nrfx_init
                0x00000000000043b0       0x48 zephyr/drivers/gpio/libdrivers__gpio.a(gpio_nrfx.c.obj)
 .text.nrfx_gpio_handler
                0x00000000000043f8       0x4c zephyr/drivers/gpio/libdrivers__gpio.a(gpio_nrfx.c.obj)
 .text.gpio_nrfx_pin_configure
                0x0000000000004444      0x188 zephyr/drivers/gpio/libdrivers__gpio.a(gpio_nrfx.c.obj)
 .text.nrf_gpio_pin_port_decode
                0x00000000000045cc       0x24 zephyr/drivers/pinctrl/libdrivers__pinctrl.a(pinctrl_nrf.c.obj)
 .text.pinctrl_configure_pins
                0x00000000000045f0      0x1a0 zephyr/drivers/pinctrl/libdrivers__pinctrl.a(pinctrl_nrf.c.obj)
                0x00000000000045f0                pinctrl_configure_pins
 .text.uarte_nrfx_poll_out
                0x0000000000004790       0xb4 zephyr/drivers/serial/libdrivers__serial.a(uart_nrfx_uarte.c.obj)
 .text.uarte_0_init
                0x0000000000004844      0x10c zephyr/drivers/serial/libdrivers__serial.a(uart_nrfx_uarte.c.obj)
 .text.compare_int_lock
                0x0000000000004950       0x40 zephyr/drivers/timer/libdrivers__timer.a(nrf_rtc_timer.c.obj)
 .text.sys_clock_timeout_handler
                0x0000000000004990       0x48 zephyr/drivers/timer/libdrivers__timer.a(nrf_rtc_timer.c.obj)
 .text.compare_int_unlock
                0x00000000000049d8       0x4c zephyr/drivers/timer/libdrivers__timer.a(nrf_rtc_timer.c.obj)
 .text.z_nrf_rtc_timer_read
                0x0000000000004a24       0x44 zephyr/drivers/timer/libdrivers__timer.a(nrf_rtc_timer.c.obj)
                0x0000000000004a24                z_nrf_rtc_timer_read
 .text.compare_set
                0x0000000000004a68      0x124 zephyr/drivers/timer/libdrivers__timer.a(nrf_rtc_timer.c.obj)
 .text.sys_clock_driver_init
                0x0000000000004b8c       0x90 zephyr/drivers/timer/libdrivers__timer.a(nrf_rtc_timer.c.obj)
 .text.rtc_nrf_isr
                0x0000000000004c1c       0xd0 zephyr/drivers/timer/libdrivers__timer.a(nrf_rtc_timer.c.obj)
                0x0000000000004c1c                rtc_nrf_isr
 .text.sys_clock_set_timeout
                0x0000000000004cec       0x5c zephyr/drivers/timer/libdrivers__timer.a(nrf_rtc_timer.c.obj)
                0x0000000000004cec                sys_clock_set_timeout
 .text.sys_clock_elapsed
                0x0000000000004d48       0x14 zephyr/drivers/timer/libdrivers__timer.a(nrf_rtc_timer.c.obj)
                0x0000000000004d48                sys_clock_elapsed
 .text.sys_clock_disable
                0x0000000000004d5c       0x30 zephyr/drivers/timer/libdrivers__timer.a(nrf_rtc_timer.c.obj)
                0x0000000000004d5c                sys_clock_disable
 .text.fprotect_area
                0x0000000000004d8c       0x3c modules/nrf/lib/fprotect/lib..__nrf__lib__fprotect.a(fprotect_spu.c.obj)
                0x0000000000004d8c                fprotect_area
 .text.pcd_fw_copy_status_get
                0x0000000000004dc8       0x48 modules/nrf/subsys/pcd/lib..__nrf__subsys__pcd.a(pcd.c.obj)
                0x0000000000004dc8                pcd_fw_copy_status_get
 .text.network_core_finished_check_handler
                0x0000000000004e10       0x20 modules/nrf/subsys/pcd/lib..__nrf__subsys__pcd.a(pcd.c.obj)
 .text.network_core_pcd_cmdset.constprop.0
                0x0000000000004e30       0xd8 modules/nrf/subsys/pcd/lib..__nrf__subsys__pcd.a(pcd.c.obj)
 .text.pcd_network_core_update_initiate
                0x0000000000004f08       0x3c modules/nrf/subsys/pcd/lib..__nrf__subsys__pcd.a(pcd.c.obj)
                0x0000000000004f08                pcd_network_core_update_initiate
 .text.pcd_network_core_update
                0x0000000000004f44       0x14 modules/nrf/subsys/pcd/lib..__nrf__subsys__pcd.a(pcd.c.obj)
                0x0000000000004f44                pcd_network_core_update
 .text.pcd_lock_ram
                0x0000000000004f58       0x14 modules/nrf/subsys/pcd/lib..__nrf__subsys__pcd.a(pcd.c.obj)
                0x0000000000004f58                pcd_lock_ram
 .text.boot_image_check_hook
                0x0000000000004f6c       0x18 modules/nrf/modules/mcuboot/hooks/lib..__nrf__modules__mcuboot__hooks.a(nrf53_hooks.c.obj)
                0x0000000000004f6c                boot_image_check_hook
 .text.network_core_update
                0x0000000000004f84       0x50 modules/nrf/modules/mcuboot/hooks/lib..__nrf__modules__mcuboot__hooks.a(nrf53_hooks.c.obj)
                0x0000000000004f84                network_core_update
 .text.boot_write_magic
                0x0000000000004fd4       0x40 modules/mcuboot/boot/bootutil/zephyr/libmcuboot_util.a(bootutil_public.c.obj)
                0x0000000000004fd4                boot_write_magic
 .text.boot_read_swap_state
                0x0000000000005014       0xac modules/mcuboot/boot/bootutil/zephyr/libmcuboot_util.a(bootutil_public.c.obj)
                0x0000000000005014                boot_read_swap_state
 .text.boot_swap_type_multi
                0x00000000000050c0       0xb0 modules/mcuboot/boot/bootutil/zephyr/libmcuboot_util.a(bootutil_public.c.obj)
                0x00000000000050c0                boot_swap_type_multi
 .text.mbedtls_ct_bool
                0x0000000000005170       0x18 modules/mbedtls/libmbedTLSBase.a(bignum_core.c.obj)
 .text.mbedtls_mpi_core_cond_assign
                0x0000000000005188       0x30 modules/mbedtls/libmbedTLSBase.a(bignum_core.c.obj)
                0x0000000000005188                mbedtls_mpi_core_cond_assign
 .text.mbedtls_mpi_core_exp_mod_optionally_safe
                0x00000000000051b8      0x1a0 modules/mbedtls/libmbedTLSBase.a(bignum_core.c.obj)
 .text.mbedtls_ct_mpi_sign_if
                0x0000000000005358       0x1c modules/mbedtls/libmbedTLSBase.a(bignum.c.obj)
 .text.mbedtls_mpi_div_mpi
                0x0000000000005374      0x334 modules/mbedtls/libmbedTLSBase.a(bignum.c.obj)
                0x0000000000005374                mbedtls_mpi_div_mpi
 .text.mbedtls_ct_memcpy_if
                0x00000000000056a8       0x88 modules/mbedtls/libmbedTLSBase.a(constant_time.c.obj)
                0x00000000000056a8                mbedtls_ct_memcpy_if
 .text.mbedtls_md_info_from_type
                0x0000000000005730       0x10 modules/mbedtls/libmbedTLSBase.a(md.c.obj)
                0x0000000000005730                mbedtls_md_info_from_type
 .text.verify_header
                0x0000000000005740       0x40 modules/mbedtls/libmbedTLSBase.a(memory_buffer_alloc.c.obj)
 .text.verify_chain
                0x0000000000005780       0x3c modules/mbedtls/libmbedTLSBase.a(memory_buffer_alloc.c.obj)
 .text.buffer_alloc_calloc
                0x00000000000057bc      0x114 modules/mbedtls/libmbedTLSBase.a(memory_buffer_alloc.c.obj)
 .text.buffer_alloc_free
                0x00000000000058d0      0x124 modules/mbedtls/libmbedTLSBase.a(memory_buffer_alloc.c.obj)
 .text.mbedtls_memory_buffer_alloc_init
                0x00000000000059f4       0x68 modules/mbedtls/libmbedTLSBase.a(memory_buffer_alloc.c.obj)
                0x00000000000059f4                mbedtls_memory_buffer_alloc_init
 .text.mbedtls_platform_zeroize
                0x0000000000005a5c       0x18 modules/mbedtls/libmbedTLSBase.a(platform_util.c.obj)
                0x0000000000005a5c                mbedtls_platform_zeroize
 .text.mbedtls_calloc
                0x0000000000005a74        0xc modules/mbedtls/libmbedTLSBase.a(platform.c.obj)
                0x0000000000005a74                mbedtls_calloc
 .text.mbedtls_free
                0x0000000000005a80        0xc modules/mbedtls/libmbedTLSBase.a(platform.c.obj)
                0x0000000000005a80                mbedtls_free
 .text.mbedtls_platform_set_calloc_free
                0x0000000000005a8c       0x14 modules/mbedtls/libmbedTLSBase.a(platform.c.obj)
                0x0000000000005a8c                mbedtls_platform_set_calloc_free
 .text.rsa_check_context.constprop.0
                0x0000000000005aa0       0xb8 modules/mbedtls/libmbedTLSBase.a(rsa.c.obj)
 .text.mbedtls_rsa_set_padding
                0x0000000000005b58       0x30 modules/mbedtls/libmbedTLSBase.a(rsa.c.obj)
                0x0000000000005b58                mbedtls_rsa_set_padding
 .text.mbedtls_rsa_check_pubkey
                0x0000000000005b88       0x4c modules/mbedtls/libmbedTLSBase.a(rsa.c.obj)
                0x0000000000005b88                mbedtls_rsa_check_pubkey
 .text.mbedtls_rsa_public
                0x0000000000005bd4       0x90 modules/mbedtls/libmbedTLSBase.a(rsa.c.obj)
                0x0000000000005bd4                mbedtls_rsa_public
 .text.mbedtls_sha256_starts
                0x0000000000005c64       0x5c modules/mbedtls/libmbedTLSBase.a(sha256.c.obj)
                0x0000000000005c64                mbedtls_sha256_starts
 .text.mbedtls_internal_sha256_process
                0x0000000000005cc0      0x130 modules/mbedtls/libmbedTLSBase.a(sha256.c.obj)
                0x0000000000005cc0                mbedtls_internal_sha256_process
 .text.nrf53_errata_42
                0x0000000000005df0       0x24 modules/hal_nordic/modules/hal_nordic/nrfx/libmodules__hal_nordic__nrfx.a(system_nrf5340_application.c.obj)
 .text.SystemInit
                0x0000000000005e14      0x1c4 modules/hal_nordic/modules/hal_nordic/nrfx/libmodules__hal_nordic__nrfx.a(system_nrf5340_application.c.obj)
                0x0000000000005e14                SystemInit
 .text.nrfx_flag32_alloc
                0x0000000000005fd8       0x40 modules/hal_nordic/modules/hal_nordic/nrfx/libmodules__hal_nordic__nrfx.a(nrfx_flag32_allocator.c.obj)
                0x0000000000005fd8                nrfx_flag32_alloc
 .text.nrfx_flag32_free
                0x0000000000006018       0x38 modules/hal_nordic/modules/hal_nordic/nrfx/libmodules__hal_nordic__nrfx.a(nrfx_flag32_allocator.c.obj)
                0x0000000000006018                nrfx_flag32_free
 .text.nrfx_gppi_channels_enable
                0x0000000000006050        0xc modules/hal_nordic/modules/hal_nordic/nrfx/libmodules__hal_nordic__nrfx.a(nrfx_gppi_dppi.c.obj)
                0x0000000000006050                nrfx_gppi_channels_enable
 .text.nrfx_gppi_channel_alloc
                0x000000000000605c        0xc modules/hal_nordic/modules/hal_nordic/nrfx/libmodules__hal_nordic__nrfx.a(nrfx_gppi_dppi.c.obj)
                0x000000000000605c                nrfx_gppi_channel_alloc
 .text.clock_stop
                0x0000000000006068       0xf4 modules/hal_nordic/modules/hal_nordic/nrfx/libmodules__hal_nordic__nrfx.a(nrfx_clock.c.obj)
 .text.nrfx_clock_init
                0x000000000000615c       0x20 modules/hal_nordic/modules/hal_nordic/nrfx/libmodules__hal_nordic__nrfx.a(nrfx_clock.c.obj)
                0x000000000000615c                nrfx_clock_init
 .text.nrfx_clock_enable
                0x000000000000617c       0x30 modules/hal_nordic/modules/hal_nordic/nrfx/libmodules__hal_nordic__nrfx.a(nrfx_clock.c.obj)
                0x000000000000617c                nrfx_clock_enable
 .text.nrfx_clock_start
                0x00000000000061ac       0xd0 modules/hal_nordic/modules/hal_nordic/nrfx/libmodules__hal_nordic__nrfx.a(nrfx_clock.c.obj)
                0x00000000000061ac                nrfx_clock_start
 .text.nrfx_power_clock_irq_handler
                0x000000000000627c       0x70 modules/hal_nordic/modules/hal_nordic/nrfx/libmodules__hal_nordic__nrfx.a(nrfx_clock.c.obj)
                0x000000000000627c                nrfx_power_clock_irq_handler
 .text.nrfx_dppi_channel_alloc
                0x00000000000062ec       0x10 modules/hal_nordic/modules/hal_nordic/nrfx/libmodules__hal_nordic__nrfx.a(nrfx_dppi.c.obj)
                0x00000000000062ec                nrfx_dppi_channel_alloc
 .text.nrf_gpio_pin_port_decode
                0x00000000000062fc       0x24 modules/hal_nordic/modules/hal_nordic/nrfx/libmodules__hal_nordic__nrfx.a(nrfx_gpiote.c.obj)
 .text.get_pin_idx
                0x0000000000006320       0x14 modules/hal_nordic/modules/hal_nordic/nrfx/libmodules__hal_nordic__nrfx.a(nrfx_gpiote.c.obj)
 .text.call_handler.constprop.0
                0x0000000000006334       0x40 modules/hal_nordic/modules/hal_nordic/nrfx/libmodules__hal_nordic__nrfx.a(nrfx_gpiote.c.obj)
 .text.pin_te_get.constprop.0
                0x0000000000006374       0x18 modules/hal_nordic/modules/hal_nordic/nrfx/libmodules__hal_nordic__nrfx.a(nrfx_gpiote.c.obj)
 .text.pin_is_output.constprop.0
                0x000000000000638c       0x18 modules/hal_nordic/modules/hal_nordic/nrfx/libmodules__hal_nordic__nrfx.a(nrfx_gpiote.c.obj)
 .text.pin_in_use_by_te.constprop.0
                0x00000000000063a4       0x18 modules/hal_nordic/modules/hal_nordic/nrfx/libmodules__hal_nordic__nrfx.a(nrfx_gpiote.c.obj)
 .text.latch_pending_read_and_check
                0x00000000000063bc       0x3c modules/hal_nordic/modules/hal_nordic/nrfx/libmodules__hal_nordic__nrfx.a(nrfx_gpiote.c.obj)
 .text.release_handler.isra.0
                0x00000000000063f8       0x58 modules/hal_nordic/modules/hal_nordic/nrfx/libmodules__hal_nordic__nrfx.a(nrfx_gpiote.c.obj)
 .text.__nrfy_internal_gpiote_events_process.constprop.0
                0x0000000000006450       0x5c modules/hal_nordic/modules/hal_nordic/nrfx/libmodules__hal_nordic__nrfx.a(nrfx_gpiote.c.obj)
 .text.pin_uninit
                0x00000000000064ac       0x84 modules/hal_nordic/modules/hal_nordic/nrfx/libmodules__hal_nordic__nrfx.a(nrfx_gpiote.c.obj)
 .text.nrfx_gpiote_input_configure
                0x0000000000006530      0x178 modules/hal_nordic/modules/hal_nordic/nrfx/libmodules__hal_nordic__nrfx.a(nrfx_gpiote.c.obj)
                0x0000000000006530                nrfx_gpiote_input_configure
 .text.nrfx_gpiote_output_configure
                0x00000000000066a8      0x104 modules/hal_nordic/modules/hal_nordic/nrfx/libmodules__hal_nordic__nrfx.a(nrfx_gpiote.c.obj)
                0x00000000000066a8                nrfx_gpiote_output_configure
 .text.nrfx_gpiote_global_callback_set
                0x00000000000067ac        0xc modules/hal_nordic/modules/hal_nordic/nrfx/libmodules__hal_nordic__nrfx.a(nrfx_gpiote.c.obj)
                0x00000000000067ac                nrfx_gpiote_global_callback_set
 .text.nrfx_gpiote_channel_get
                0x00000000000067b8       0x34 modules/hal_nordic/modules/hal_nordic/nrfx/libmodules__hal_nordic__nrfx.a(nrfx_gpiote.c.obj)
                0x00000000000067b8                nrfx_gpiote_channel_get
 .text.nrfx_gpiote_init
                0x00000000000067ec       0x64 modules/hal_nordic/modules/hal_nordic/nrfx/libmodules__hal_nordic__nrfx.a(nrfx_gpiote.c.obj)
                0x00000000000067ec                nrfx_gpiote_init
 .text.nrfx_gpiote_init_check
                0x0000000000006850       0x14 modules/hal_nordic/modules/hal_nordic/nrfx/libmodules__hal_nordic__nrfx.a(nrfx_gpiote.c.obj)
                0x0000000000006850                nrfx_gpiote_init_check
 .text.nrfx_gpiote_channel_free
                0x0000000000006864        0xc modules/hal_nordic/modules/hal_nordic/nrfx/libmodules__hal_nordic__nrfx.a(nrfx_gpiote.c.obj)
                0x0000000000006864                nrfx_gpiote_channel_free
 .text.nrfx_gpiote_channel_alloc
                0x0000000000006870        0xc modules/hal_nordic/modules/hal_nordic/nrfx/libmodules__hal_nordic__nrfx.a(nrfx_gpiote.c.obj)
                0x0000000000006870                nrfx_gpiote_channel_alloc
 .text.nrfx_gpiote_trigger_enable
                0x000000000000687c       0xac modules/hal_nordic/modules/hal_nordic/nrfx/libmodules__hal_nordic__nrfx.a(nrfx_gpiote.c.obj)
                0x000000000000687c                nrfx_gpiote_trigger_enable
 .text.nrfx_gpiote_0_irq_handler
                0x0000000000006928      0x1b8 modules/hal_nordic/modules/hal_nordic/nrfx/libmodules__hal_nordic__nrfx.a(nrfx_gpiote.c.obj)
                0x0000000000006928                nrfx_gpiote_0_irq_handler
 .text.nvmc_readonly_mode_set
                0x0000000000006ae0       0x14 modules/hal_nordic/modules/hal_nordic/nrfx/libmodules__hal_nordic__nrfx.a(nrfx_nvmc.c.obj)
 .text.nvmc_word_write
                0x0000000000006af4       0x18 modules/hal_nordic/modules/hal_nordic/nrfx/libmodules__hal_nordic__nrfx.a(nrfx_nvmc.c.obj)
 .text.nrfx_nvmc_page_erase
                0x0000000000006b0c       0x3c modules/hal_nordic/modules/hal_nordic/nrfx/libmodules__hal_nordic__nrfx.a(nrfx_nvmc.c.obj)
                0x0000000000006b0c                nrfx_nvmc_page_erase
 .text.nrfx_nvmc_word_write
                0x0000000000006b48       0x20 modules/hal_nordic/modules/hal_nordic/nrfx/libmodules__hal_nordic__nrfx.a(nrfx_nvmc.c.obj)
                0x0000000000006b48                nrfx_nvmc_word_write
 .text.nrfx_nvmc_bytes_write
                0x0000000000006b68       0x84 modules/hal_nordic/modules/hal_nordic/nrfx/libmodules__hal_nordic__nrfx.a(nrfx_nvmc.c.obj)
                0x0000000000006b68                nrfx_nvmc_bytes_write
 .text.qspi_deactivate
                0x0000000000006bec       0x24 modules/hal_nordic/modules/hal_nordic/nrfx/libmodules__hal_nordic__nrfx.a(nrfx_qspi.c.obj)
 .text.qspi_ready_wait
                0x0000000000006c10       0x54 modules/hal_nordic/modules/hal_nordic/nrfx/libmodules__hal_nordic__nrfx.a(nrfx_qspi.c.obj)
 .text.qspi_activate
                0x0000000000006c64       0x34 modules/hal_nordic/modules/hal_nordic/nrfx/libmodules__hal_nordic__nrfx.a(nrfx_qspi.c.obj)
 .text.qspi_xfer
                0x0000000000006c98      0x104 modules/hal_nordic/modules/hal_nordic/nrfx/libmodules__hal_nordic__nrfx.a(nrfx_qspi.c.obj)
 .text.qspi_event_xfer_handle.constprop.0
                0x0000000000006d9c       0x28 modules/hal_nordic/modules/hal_nordic/nrfx/libmodules__hal_nordic__nrfx.a(nrfx_qspi.c.obj)
 .text.nrf_gpio_cfg.constprop.0
                0x0000000000006dc4       0x44 modules/hal_nordic/modules/hal_nordic/nrfx/libmodules__hal_nordic__nrfx.a(nrfx_qspi.c.obj)
 .text.nrf_qspi_cinstrdata_get.constprop.0
                0x0000000000006e08       0x40 modules/hal_nordic/modules/hal_nordic/nrfx/libmodules__hal_nordic__nrfx.a(nrfx_qspi.c.obj)
 .text.nrf_qspi_cinstrdata_set.constprop.0
                0x0000000000006e48       0x64 modules/hal_nordic/modules/hal_nordic/nrfx/libmodules__hal_nordic__nrfx.a(nrfx_qspi.c.obj)
 .text.nrf_qspi_pins_set.constprop.0
                0x0000000000006eac       0x5c modules/hal_nordic/modules/hal_nordic/nrfx/libmodules__hal_nordic__nrfx.a(nrfx_qspi.c.obj)
 .text.qspi_workaround_215_43_apply
                0x0000000000006f08       0x70 modules/hal_nordic/modules/hal_nordic/nrfx/libmodules__hal_nordic__nrfx.a(nrfx_qspi.c.obj)
 .text.qspi_configure
                0x0000000000006f78      0x138 modules/hal_nordic/modules/hal_nordic/nrfx/libmodules__hal_nordic__nrfx.a(nrfx_qspi.c.obj)
 .text.nrfx_qspi_init
                0x00000000000070b0       0x40 modules/hal_nordic/modules/hal_nordic/nrfx/libmodules__hal_nordic__nrfx.a(nrfx_qspi.c.obj)
                0x00000000000070b0                nrfx_qspi_init
 .text.nrfx_qspi_cinstr_xfer
                0x00000000000070f0       0xbc modules/hal_nordic/modules/hal_nordic/nrfx/libmodules__hal_nordic__nrfx.a(nrfx_qspi.c.obj)
                0x00000000000070f0                nrfx_qspi_cinstr_xfer
 .text.nrfx_qspi_activate
                0x00000000000071ac       0x18 modules/hal_nordic/modules/hal_nordic/nrfx/libmodules__hal_nordic__nrfx.a(nrfx_qspi.c.obj)
                0x00000000000071ac                nrfx_qspi_activate
 .text.nrfx_qspi_deactivate
                0x00000000000071c4       0x24 modules/hal_nordic/modules/hal_nordic/nrfx/libmodules__hal_nordic__nrfx.a(nrfx_qspi.c.obj)
                0x00000000000071c4                nrfx_qspi_deactivate
 .text.nrfx_qspi_init_check
                0x00000000000071e8       0x14 modules/hal_nordic/modules/hal_nordic/nrfx/libmodules__hal_nordic__nrfx.a(nrfx_qspi.c.obj)
                0x00000000000071e8                nrfx_qspi_init_check
 .text.nrfx_qspi_erase
                0x00000000000071fc       0xac modules/hal_nordic/modules/hal_nordic/nrfx/libmodules__hal_nordic__nrfx.a(nrfx_qspi.c.obj)
                0x00000000000071fc                nrfx_qspi_erase
 .text.nrfx_qspi_irq_handler
                0x00000000000072a8       0x94 modules/hal_nordic/modules/hal_nordic/nrfx/libmodules__hal_nordic__nrfx.a(nrfx_qspi.c.obj)
                0x00000000000072a8                nrfx_qspi_irq_handler
 .text.value_encode_len
                0x000000000000733c       0x60 modules/zcbor/libmodules__zcbor.a(zcbor_encode.c.obj)
 .text.z_fatal_error
                0x000000000000739c       0x30 zephyr/kernel/libkernel.a(fatal.c.obj)
                0x000000000000739c                z_fatal_error
 .text.z_sys_init_run_level
                0x00000000000073cc       0x2c zephyr/kernel/libkernel.a(init.c.obj)
 .text.bg_thread_main
                0x00000000000073f8       0xc4 zephyr/kernel/libkernel.a(init.c.obj)
 .text.z_bss_zero
                0x00000000000074bc       0x18 zephyr/kernel/libkernel.a(init.c.obj)
                0x00000000000074bc                z_bss_zero
 .text.z_init_cpu
                0x00000000000074d4       0x68 zephyr/kernel/libkernel.a(init.c.obj)
                0x00000000000074d4                z_init_cpu
 .text.z_cstart
                0x000000000000753c       0xdc zephyr/kernel/libkernel.a(init.c.obj)
                0x000000000000753c                z_cstart
 .text.init_mem_slab_obj_core_list
                0x0000000000007618       0x24 zephyr/kernel/libkernel.a(mem_slab.c.obj)
 .text.k_mem_slab_alloc
                0x000000000000763c       0x5c zephyr/kernel/libkernel.a(mem_slab.c.obj)
                0x000000000000763c                k_mem_slab_alloc
 .text.z_impl_k_mutex_lock
                0x0000000000007698       0xf0 zephyr/kernel/libkernel.a(mutex.c.obj)
                0x0000000000007698                z_impl_k_mutex_lock
 .text.z_impl_k_mutex_unlock
                0x0000000000007788       0xa0 zephyr/kernel/libkernel.a(mutex.c.obj)
                0x0000000000007788                z_impl_k_mutex_unlock
 .text.z_impl_k_sem_give
                0x0000000000007828       0x68 zephyr/kernel/libkernel.a(sem.c.obj)
                0x0000000000007828                z_impl_k_sem_give
 .text.z_impl_k_sem_take
                0x0000000000007890       0x4c zephyr/kernel/libkernel.a(sem.c.obj)
                0x0000000000007890                z_impl_k_sem_take
 .text.z_setup_new_thread
                0x00000000000078dc       0x60 zephyr/kernel/libkernel.a(thread.c.obj)
                0x00000000000078dc                z_setup_new_thread
 .text.z_swap_irqlock
                0x000000000000793c       0x30 zephyr/kernel/libkernel.a(sched.c.obj)
 .text.ready_thread
                0x000000000000796c       0x84 zephyr/kernel/libkernel.a(sched.c.obj)
 .text.unready_thread
                0x00000000000079f0       0x4c zephyr/kernel/libkernel.a(sched.c.obj)
 .text.z_pend_curr
                0x0000000000007a3c       0x50 zephyr/kernel/libkernel.a(sched.c.obj)
                0x0000000000007a3c                z_pend_curr
 .text.z_thread_prio_set
                0x0000000000007a8c       0x90 zephyr/kernel/libkernel.a(sched.c.obj)
                0x0000000000007a8c                z_thread_prio_set
 .text.z_reschedule
                0x0000000000007b1c       0x24 zephyr/kernel/libkernel.a(sched.c.obj)
                0x0000000000007b1c                z_reschedule
 .text.z_reschedule_irqlock
                0x0000000000007b40       0x28 zephyr/kernel/libkernel.a(sched.c.obj)
                0x0000000000007b40                z_reschedule_irqlock
 .text.k_sched_lock
                0x0000000000007b68       0x28 zephyr/kernel/libkernel.a(sched.c.obj)
                0x0000000000007b68                k_sched_lock
 .text.k_sched_unlock
                0x0000000000007b90       0x60 zephyr/kernel/libkernel.a(sched.c.obj)
                0x0000000000007b90                k_sched_unlock
 .text.z_sched_init
                0x0000000000007bf0       0x10 zephyr/kernel/libkernel.a(sched.c.obj)
                0x0000000000007bf0                z_sched_init
 .text.z_impl_k_yield
                0x0000000000007c00       0x78 zephyr/kernel/libkernel.a(sched.c.obj)
                0x0000000000007c00                z_impl_k_yield
 .text.z_tick_sleep
                0x0000000000007c78       0x78 zephyr/kernel/libkernel.a(sched.c.obj)
 .text.z_impl_k_wakeup
                0x0000000000007cf0       0x4c zephyr/kernel/libkernel.a(sched.c.obj)
                0x0000000000007cf0                z_impl_k_wakeup
 .text.z_impl_k_sched_current_thread_query
                0x0000000000007d3c        0xc zephyr/kernel/libkernel.a(sched.c.obj)
                0x0000000000007d3c                z_impl_k_sched_current_thread_query
 .text.z_thread_abort
                0x0000000000007d48      0x104 zephyr/kernel/libkernel.a(sched.c.obj)
                0x0000000000007d48                z_thread_abort
 .text.z_data_copy
                0x0000000000007e4c       0x38 zephyr/kernel/libkernel.a(xip.c.obj)
                0x0000000000007e4c                z_data_copy
 .text.first    0x0000000000007e84       0x10 zephyr/kernel/libkernel.a(timeout.c.obj)
 .text.elapsed  0x0000000000007e94       0x14 zephyr/kernel/libkernel.a(timeout.c.obj)
 .text.remove_timeout
                0x0000000000007ea8       0x38 zephyr/kernel/libkernel.a(timeout.c.obj)
 .text.z_add_timeout
                0x0000000000007ee0       0xec zephyr/kernel/libkernel.a(timeout.c.obj)
                0x0000000000007ee0                z_add_timeout
 .text.sys_clock_announce
                0x0000000000007fcc       0xb8 zephyr/kernel/libkernel.a(timeout.c.obj)
                0x0000000000007fcc                sys_clock_announce
 .text.sys_clock_tick_get
                0x0000000000008084       0x30 zephyr/kernel/libkernel.a(timeout.c.obj)
                0x0000000000008084                sys_clock_tick_get
 .text.z_timer_expiration_handler
                0x00000000000080b4       0xe0 zephyr/kernel/libkernel.a(timer.c.obj)
                0x00000000000080b4                z_timer_expiration_handler
 .text.z_impl_k_timer_start
                0x0000000000008194       0x74 zephyr/kernel/libkernel.a(timer.c.obj)
                0x0000000000008194                z_impl_k_timer_start
 .text.nrf_cc3xx_platform_init_no_rng
                0x0000000000008208       0x38 /opt/nordic/ncs/v3.0.2/nrfxlib/crypto/nrf_cc312_platform/lib/cortex-m33/soft-float/no-interrupts/libnrf_cc312_platform_0.9.19.a(nrf_cc3xx_platform.c.obj)
                0x0000000000008208                nrf_cc3xx_platform_init_no_rng
 .text.nrf_cc3xx_platform_abort
                0x0000000000008240       0x24 /opt/nordic/ncs/v3.0.2/nrfxlib/crypto/nrf_cc312_platform/lib/cortex-m33/soft-float/no-interrupts/libnrf_cc312_platform_0.9.19.a(nrf_cc3xx_platform_abort.c.obj)
 .text.CC_PalAbort
                0x0000000000008264       0x44 /opt/nordic/ncs/v3.0.2/nrfxlib/crypto/nrf_cc312_platform/lib/cortex-m33/soft-float/no-interrupts/libnrf_cc312_platform_0.9.19.a(nrf_cc3xx_platform_abort.c.obj)
                0x0000000000008264                CC_PalAbort
 .text.nrf_cc3xx_platform_set_abort
                0x00000000000082a8       0x10 /opt/nordic/ncs/v3.0.2/nrfxlib/crypto/nrf_cc312_platform/lib/cortex-m33/soft-float/no-interrupts/libnrf_cc312_platform_0.9.19.a(nrf_cc3xx_platform_abort.c.obj)
                0x00000000000082a8                nrf_cc3xx_platform_set_abort
 .text.mutex_free
                0x00000000000082b8       0x34 /opt/nordic/ncs/v3.0.2/nrfxlib/crypto/nrf_cc312_platform/lib/cortex-m33/soft-float/no-interrupts/libnrf_cc312_platform_0.9.19.a(nrf_cc3xx_platform_mutex.c.obj)
 .text.mutex_lock
                0x00000000000082ec       0x48 /opt/nordic/ncs/v3.0.2/nrfxlib/crypto/nrf_cc312_platform/lib/cortex-m33/soft-float/no-interrupts/libnrf_cc312_platform_0.9.19.a(nrf_cc3xx_platform_mutex.c.obj)
 .text.mutex_unlock
                0x0000000000008334       0x38 /opt/nordic/ncs/v3.0.2/nrfxlib/crypto/nrf_cc312_platform/lib/cortex-m33/soft-float/no-interrupts/libnrf_cc312_platform_0.9.19.a(nrf_cc3xx_platform_mutex.c.obj)
 .text.mutex_init
                0x000000000000836c       0x20 /opt/nordic/ncs/v3.0.2/nrfxlib/crypto/nrf_cc312_platform/lib/cortex-m33/soft-float/no-interrupts/libnrf_cc312_platform_0.9.19.a(nrf_cc3xx_platform_mutex.c.obj)
 .text.nrf_cc3xx_platform_set_mutexes
                0x000000000000838c       0x78 /opt/nordic/ncs/v3.0.2/nrfxlib/crypto/nrf_cc312_platform/lib/cortex-m33/soft-float/no-interrupts/libnrf_cc312_platform_0.9.19.a(nrf_cc3xx_platform_mutex.c.obj)
                0x000000000000838c                nrf_cc3xx_platform_set_mutexes
 .text.CC_LibInitNoRng
                0x0000000000008404       0x28 /opt/nordic/ncs/v3.0.2/nrfxlib/crypto/nrf_cc312_platform/lib/cortex-m33/soft-float/no-interrupts/libnrf_cc312_platform_0.9.19.a(cc_lib.c.obj)
                0x0000000000008404                CC_LibInitNoRng
 .text.CC_HalInit
                0x000000000000842c        0x4 /opt/nordic/ncs/v3.0.2/nrfxlib/crypto/nrf_cc312_platform/lib/cortex-m33/soft-float/no-interrupts/libnrf_cc312_platform_0.9.19.a(cc_hal.c.obj)
                0x000000000000842c                CC_HalInit
 .text.CC_PalInit
                0x0000000000008430       0x5c /opt/nordic/ncs/v3.0.2/nrfxlib/crypto/nrf_cc312_platform/lib/cortex-m33/soft-float/no-interrupts/libnrf_cc312_platform_0.9.19.a(cc_pal.c.obj)
                0x0000000000008430                CC_PalInit
 .text.CC_PalTerminate
                0x000000000000848c       0x34 /opt/nordic/ncs/v3.0.2/nrfxlib/crypto/nrf_cc312_platform/lib/cortex-m33/soft-float/no-interrupts/libnrf_cc312_platform_0.9.19.a(cc_pal.c.obj)
                0x000000000000848c                CC_PalTerminate
 .text.CC_PalDmaInit
                0x00000000000084c0        0x4 /opt/nordic/ncs/v3.0.2/nrfxlib/crypto/nrf_cc312_platform/lib/cortex-m33/soft-float/no-interrupts/libnrf_cc312_platform_0.9.19.a(cc_pal_dma.c.obj)
                0x00000000000084c0                CC_PalDmaInit
 .text.CC_PalDmaTerminate
                0x00000000000084c4        0x4 /opt/nordic/ncs/v3.0.2/nrfxlib/crypto/nrf_cc312_platform/lib/cortex-m33/soft-float/no-interrupts/libnrf_cc312_platform_0.9.19.a(cc_pal_dma.c.obj)
                0x00000000000084c4                CC_PalDmaTerminate
 .text.CC_PalMutexCreate
                0x00000000000084c8       0x14 /opt/nordic/ncs/v3.0.2/nrfxlib/crypto/nrf_cc312_platform/lib/cortex-m33/soft-float/no-interrupts/libnrf_cc312_platform_0.9.19.a(cc_pal_mutex.c.obj)
                0x00000000000084c8                CC_PalMutexCreate
 .text.CC_PalMutexDestroy
                0x00000000000084dc       0x14 /opt/nordic/ncs/v3.0.2/nrfxlib/crypto/nrf_cc312_platform/lib/cortex-m33/soft-float/no-interrupts/libnrf_cc312_platform_0.9.19.a(cc_pal_mutex.c.obj)
                0x00000000000084dc                CC_PalMutexDestroy
 .text.CC_PalPowerSaveModeInit
                0x00000000000084f0       0x3c /opt/nordic/ncs/v3.0.2/nrfxlib/crypto/nrf_cc312_platform/lib/cortex-m33/soft-float/no-interrupts/libnrf_cc312_platform_0.9.19.a(cc_pal_pm.c.obj)
                0x00000000000084f0                CC_PalPowerSaveModeInit
 .text._OffsetAbsSyms
                0x000000000000852c        0x2 zephyr/CMakeFiles/offsets.dir/./arch/arm/core/offsets/offsets.c.obj
                0x000000000000852c                _OffsetAbsSyms
 .text.flash_device_base
                0x000000000000852e        0xc app/libapp.a(flash_map_extended.c.obj)
                0x000000000000852e                flash_device_base
 .text.flash_area_get_device_id
                0x000000000000853a        0x4 app/libapp.a(flash_map_extended.c.obj)
                0x000000000000853a                flash_area_get_device_id
 .text.flash_area_get_sector
                0x000000000000853e       0x32 app/libapp.a(flash_map_extended.c.obj)
                0x000000000000853e                flash_area_get_sector
 .text.bootutil_tlv_iter_begin
                0x0000000000008570       0x9c app/libapp.a(tlv.c.obj)
                0x0000000000008570                bootutil_tlv_iter_begin
 .text.bootutil_tlv_iter_next
                0x000000000000860c       0x98 app/libapp.a(tlv.c.obj)
                0x000000000000860c                bootutil_tlv_iter_next
 .text.bootutil_tlv_iter_is_prot
                0x00000000000086a4       0x1c app/libapp.a(tlv.c.obj)
                0x00000000000086a4                bootutil_tlv_iter_is_prot
 .text.boot_fih_memequal
                0x00000000000086c0        0x4 app/libapp.a(bootutil_misc.c.obj)
                0x00000000000086c0                boot_fih_memequal
 .text.boot_trailer_sz
                0x00000000000086c4        0xa app/libapp.a(bootutil_misc.c.obj)
                0x00000000000086c4                boot_trailer_sz
 .text.boot_status_off
                0x00000000000086ce       0x16 app/libapp.a(bootutil_misc.c.obj)
                0x00000000000086ce                boot_status_off
 .text.bootutil_max_image_size
                0x00000000000086e4        0x6 app/libapp.a(bootutil_misc.c.obj)
                0x00000000000086e4                bootutil_max_image_size
 .text.boot_read_image_size
                0x00000000000086ea       0xb0 app/libapp.a(bootutil_misc.c.obj)
                0x00000000000086ea                boot_read_image_size
 .text.close_all_flash_areas
                0x000000000000879a       0x3c app/libapp.a(loader.c.obj)
 .text.boot_read_image_headers.constprop.0
                0x00000000000087d6       0x52 app/libapp.a(loader.c.obj)
 .text.boot_status_reset
                0x0000000000008828       0x12 app/libapp.a(loader.c.obj)
                0x0000000000008828                boot_status_reset
 .text.boot_status_is_reset
                0x000000000000883a       0x1a app/libapp.a(loader.c.obj)
                0x000000000000883a                boot_status_is_reset
 .text.boot_slots_compatible
                0x0000000000008854       0x88 app/libapp.a(swap_scratch.c.obj)
                0x0000000000008854                boot_slots_compatible
 .text.app_max_size
                0x00000000000088dc       0x78 app/libapp.a(swap_scratch.c.obj)
                0x00000000000088dc                app_max_size
 .text.boot_read_image_header
                0x0000000000008954       0x24 app/libapp.a(swap_scratch.c.obj)
                0x0000000000008954                boot_read_image_header
 .text.crc16_itu_t
                0x0000000000008978       0x28 zephyr/libzephyr.a(crc16_sw.c.obj)
                0x0000000000008978                crc16_itu_t
 .text.arch_printk_char_out
                0x00000000000089a0        0x4 zephyr/libzephyr.a(printk.c.obj)
                0x00000000000089a0                arch_printk_char_out
 .text.printk   0x00000000000089a4       0x1a zephyr/libzephyr.a(printk.c.obj)
                0x00000000000089a4                printk
 .text.z_thread_entry
                0x00000000000089be       0x14 zephyr/libzephyr.a(thread_entry.c.obj)
                0x00000000000089be                z_thread_entry
 .text.process_recheck
                0x00000000000089d2       0x38 zephyr/libzephyr.a(onoff.c.obj)
 .text.validate_args
                0x0000000000008a0a       0x20 zephyr/libzephyr.a(onoff.c.obj)
 .text.notify_one
                0x0000000000008a2a       0x2c zephyr/libzephyr.a(onoff.c.obj)
 .text.transition_complete
                0x0000000000008a56       0x1a zephyr/libzephyr.a(onoff.c.obj)
 .text.onoff_manager_init
                0x0000000000008a70       0x26 zephyr/libzephyr.a(onoff.c.obj)
                0x0000000000008a70                onoff_manager_init
 .text.onoff_request
                0x0000000000008a96       0xae zephyr/libzephyr.a(onoff.c.obj)
                0x0000000000008a96                onoff_request
 .text.sys_notify_validate
                0x0000000000008b44       0x22 zephyr/libzephyr.a(notify.c.obj)
                0x0000000000008b44                sys_notify_validate
 .text.sys_notify_finalize
                0x0000000000008b66       0x1a zephyr/libzephyr.a(notify.c.obj)
                0x0000000000008b66                sys_notify_finalize
 .text._ConfigAbsSyms
                0x0000000000008b80        0x2 zephyr/libzephyr.a(configs.c.obj)
                0x0000000000008b80                _ConfigAbsSyms
 .text.flash_area_close
                0x0000000000008b82        0x2 zephyr/libzephyr.a(flash_map.c.obj)
                0x0000000000008b82                flash_area_close
 .text.flash_area_read
                0x0000000000008b84       0x2a zephyr/libzephyr.a(flash_map.c.obj)
                0x0000000000008b84                flash_area_read
 .text.flash_area_write
                0x0000000000008bae       0x2a zephyr/libzephyr.a(flash_map.c.obj)
                0x0000000000008bae                flash_area_write
 .text.flash_area_erase
                0x0000000000008bd8       0x30 zephyr/libzephyr.a(flash_map.c.obj)
                0x0000000000008bd8                flash_area_erase
 .text.flash_area_align
                0x0000000000008c08        0xe zephyr/libzephyr.a(flash_map.c.obj)
                0x0000000000008c08                flash_area_align
 .text.flash_area_erased_val
                0x0000000000008c16        0xe zephyr/libzephyr.a(flash_map.c.obj)
                0x0000000000008c16                flash_area_erased_val
 .text.get_sectors_cb
                0x0000000000008c24       0x44 zephyr/libzephyr.a(flash_map_layout.c.obj)
 .text.flash_area_get_sectors
                0x0000000000008c68       0x32 zephyr/libzephyr.a(flash_map_layout.c.obj)
                0x0000000000008c68                flash_area_get_sectors
 .text.abort_function
                0x0000000000008c9a        0x8 zephyr/libzephyr.a(nrf_cc3xx_platform_abort_zephyr.c.obj)
 .text.console_write
                0x0000000000008ca2       0x1c zephyr/libzephyr.a(serial_adapter.c.obj)
                0x0000000000008ca2                console_write
 .text.erase_range
                0x0000000000008cbe       0x3e zephyr/libzephyr.a(boot_serial.c.obj)
 .text.zcbor_map_decode_bulk
                0x0000000000008cfc       0xa4 zephyr/libzephyr.a(zcbor_bulk.c.obj)
                0x0000000000008cfc                zcbor_map_decode_bulk
 .text.z_arm_fatal_error
                0x0000000000008da0        0xc zephyr/arch/arch/arm/core/libarch__arm__core.a(fatal.c.obj)
                0x0000000000008da0                z_arm_fatal_error
 .text.z_do_kernel_oops
                0x0000000000008dac        0x8 zephyr/arch/arch/arm/core/libarch__arm__core.a(fatal.c.obj)
                0x0000000000008dac                z_do_kernel_oops
 .text.z_arm_nmi
                0x0000000000008db4        0xe zephyr/arch/arch/arm/core/libarch__arm__core.a(nmi.c.obj)
                0x0000000000008db4                z_arm_nmi
 .text.z_irq_spurious
                0x0000000000008dc2        0x8 zephyr/arch/arch/arm/core/cortex_m/libarch__arm__core__cortex_m.a(irq_manage.c.obj)
                0x0000000000008dc2                z_irq_spurious
 .text.configure_builtin_stack_guard
                0x0000000000008dca        0x8 zephyr/arch/arch/arm/core/cortex_m/libarch__arm__core__cortex_m.a(thread.c.obj)
                0x0000000000008dca                configure_builtin_stack_guard
 .text.arch_irq_unlock_outlined
                0x0000000000008dd2        0xe zephyr/arch/arch/arm/core/cortex_m/libarch__arm__core__cortex_m.a(thread.c.obj)
                0x0000000000008dd2                arch_irq_unlock_outlined
 .text.arch_cpu_idle
                0x0000000000008de0       0x32 zephyr/arch/arch/arm/core/cortex_m/libarch__arm__core__cortex_m.a(cpu_idle.c.obj)
                0x0000000000008de0                arch_cpu_idle
 .text.arch_cpu_atomic_idle
                0x0000000000008e12       0x38 zephyr/arch/arch/arm/core/cortex_m/libarch__arm__core__cortex_m.a(cpu_idle.c.obj)
                0x0000000000008e12                arch_cpu_atomic_idle
 .text.arm_cmse_mpu_region_get
                0x0000000000008e4a       0x12 zephyr/arch/arch/arm/core/cortex_m/cmse/libarch__arm__core__cortex_m__cmse.a(arm_core_cmse.c.obj)
                0x0000000000008e4a                arm_cmse_mpu_region_get
 .text.mpu_configure_region
                0x0000000000008e5c       0x32 zephyr/arch/arch/arm/core/mpu/libarch__arm__core__mpu.a(arm_mpu.c.obj)
 .text.strlen   0x0000000000008e8e        0xe zephyr/lib/libc/minimal/liblib__libc__minimal.a(string.c.obj)
                0x0000000000008e8e                strlen
 .text.memcmp   0x0000000000008e9c       0x20 zephyr/lib/libc/minimal/liblib__libc__minimal.a(string.c.obj)
                0x0000000000008e9c                memcmp
 .text.memmove  0x0000000000008ebc       0x2e zephyr/lib/libc/minimal/liblib__libc__minimal.a(string.c.obj)
                0x0000000000008ebc                memmove
 .text.memcpy   0x0000000000008eea       0x16 zephyr/lib/libc/minimal/liblib__libc__minimal.a(string.c.obj)
                0x0000000000008eea                memcpy
 .text.memset   0x0000000000008f00       0x12 zephyr/lib/libc/minimal/liblib__libc__minimal.a(string.c.obj)
                0x0000000000008f00                memset
 .text.sprintf_out
                0x0000000000008f12       0x1a zephyr/lib/libc/minimal/liblib__libc__minimal.a(sprintf.c.obj)
 .text.onoff_stop
                0x0000000000008f2c       0x10 zephyr/soc/soc/nrf5340/libsoc__nordic.a(nrf53_cpunet_mgmt.c.obj)
 .text.get_status
                0x0000000000008f3c       0x12 zephyr/drivers/clock_control/libdrivers__clock_control.a(clock_control_nrf.c.obj)
 .text.stop     0x0000000000008f4e       0x52 zephyr/drivers/clock_control/libdrivers__clock_control.a(clock_control_nrf.c.obj)
 .text.api_stop
                0x0000000000008fa0        0x6 zephyr/drivers/clock_control/libdrivers__clock_control.a(clock_control_nrf.c.obj)
 .text.async_start
                0x0000000000008fa6       0x5c zephyr/drivers/clock_control/libdrivers__clock_control.a(clock_control_nrf.c.obj)
 .text.api_start
                0x0000000000009002        0xe zephyr/drivers/clock_control/libdrivers__clock_control.a(clock_control_nrf.c.obj)
 .text.onoff_started_callback
                0x0000000000009010       0x12 zephyr/drivers/clock_control/libdrivers__clock_control.a(clock_control_nrf.c.obj)
 .text.hfclkaudio_start
                0x0000000000009022        0x6 zephyr/drivers/clock_control/libdrivers__clock_control.a(clock_control_nrf.c.obj)
 .text.hfclk192m_start
                0x0000000000009028        0x6 zephyr/drivers/clock_control/libdrivers__clock_control.a(clock_control_nrf.c.obj)
 .text.lfclk_start
                0x000000000000902e        0x6 zephyr/drivers/clock_control/libdrivers__clock_control.a(clock_control_nrf.c.obj)
 .text.hfclkaudio_stop
                0x0000000000009034        0x6 zephyr/drivers/clock_control/libdrivers__clock_control.a(clock_control_nrf.c.obj)
 .text.hfclk192m_stop
                0x000000000000903a        0x6 zephyr/drivers/clock_control/libdrivers__clock_control.a(clock_control_nrf.c.obj)
 .text.lfclk_stop
                0x0000000000009040        0x6 zephyr/drivers/clock_control/libdrivers__clock_control.a(clock_control_nrf.c.obj)
 .text.blocking_start_callback
                0x0000000000009046        0x6 zephyr/drivers/clock_control/libdrivers__clock_control.a(clock_control_nrf.c.obj)
 .text.flash_get_page_info
                0x000000000000904c       0x62 zephyr/drivers/flash/libdrivers__flash.a(flash_page_layout.c.obj)
 .text.z_impl_flash_get_page_info_by_offs
                0x00000000000090ae        0x8 zephyr/drivers/flash/libdrivers__flash.a(flash_page_layout.c.obj)
                0x00000000000090ae                z_impl_flash_get_page_info_by_offs
 .text.flash_page_foreach
                0x00000000000090b6       0x58 zephyr/drivers/flash/libdrivers__flash.a(flash_page_layout.c.obj)
                0x00000000000090b6                flash_page_foreach
 .text.qspi_nor_get_size
                0x000000000000910e        0xe zephyr/drivers/flash/libdrivers__flash.a(nrf_qspi_nor.c.obj)
                0x000000000000910e                qspi_nor_get_size
 .text.qspi_handler
                0x000000000000911c        0xc zephyr/drivers/flash/libdrivers__flash.a(nrf_qspi_nor.c.obj)
 .text.qspi_send_cmd.constprop.0
                0x0000000000009128       0x62 zephyr/drivers/flash/libdrivers__flash.a(nrf_qspi_nor.c.obj)
 .text.qspi_rdsr.constprop.0.isra.0
                0x000000000000918a       0x36 zephyr/drivers/flash/libdrivers__flash.a(nrf_qspi_nor.c.obj)
 .text.qspi_nor_write_protection_set.isra.0
                0x00000000000091c0       0x2a zephyr/drivers/flash/libdrivers__flash.a(nrf_qspi_nor.c.obj)
 .text.qspi_release
                0x00000000000091ea       0x38 zephyr/drivers/flash/libdrivers__flash.a(nrf_qspi_nor.c.obj)
 .text.qspi_acquire
                0x0000000000009222       0x3e zephyr/drivers/flash/libdrivers__flash.a(nrf_qspi_nor.c.obj)
 .text.flash_nrf_get_size
                0x0000000000009260       0x12 zephyr/drivers/flash/libdrivers__flash.a(soc_flash_nrf.c.obj)
 .text.is_regular_addr_valid
                0x0000000000009272       0x22 zephyr/drivers/flash/libdrivers__flash.a(soc_flash_nrf.c.obj)
 .text.flash_nrf_read
                0x0000000000009294       0x28 zephyr/drivers/flash/libdrivers__flash.a(soc_flash_nrf.c.obj)
 .text.flash_sim_get_size
                0x00000000000092bc        0xe zephyr/drivers/flash/libdrivers__flash.a(flash_simulator.c.obj)
 .text.gpio_nrfx_port_get_raw
                0x00000000000092ca        0xc zephyr/drivers/gpio/libdrivers__gpio.a(gpio_nrfx.c.obj)
 .text.gpio_nrfx_port_set_masked_raw
                0x00000000000092d6       0x14 zephyr/drivers/gpio/libdrivers__gpio.a(gpio_nrfx.c.obj)
 .text.gpio_nrfx_port_set_bits_raw
                0x00000000000092ea        0xa zephyr/drivers/gpio/libdrivers__gpio.a(gpio_nrfx.c.obj)
 .text.gpio_nrfx_port_clear_bits_raw
                0x00000000000092f4        0xa zephyr/drivers/gpio/libdrivers__gpio.a(gpio_nrfx.c.obj)
 .text.gpio_nrfx_port_toggle_bits
                0x00000000000092fe       0x14 zephyr/drivers/gpio/libdrivers__gpio.a(gpio_nrfx.c.obj)
 .text.gpio_nrfx_manage_callback
                0x0000000000009312       0x52 zephyr/drivers/gpio/libdrivers__gpio.a(gpio_nrfx.c.obj)
 .text.pinctrl_lookup_state
                0x0000000000009364       0x26 zephyr/drivers/pinctrl/libdrivers__pinctrl.a(common.c.obj)
                0x0000000000009364                pinctrl_lookup_state
 .text.uarte_nrfx_err_check
                0x000000000000938a        0xe zephyr/drivers/serial/libdrivers__serial.a(uart_nrfx_uarte.c.obj)
 .text.uarte_nrfx_poll_in
                0x0000000000009398       0x26 zephyr/drivers/serial/libdrivers__serial.a(uart_nrfx_uarte.c.obj)
 .text.uarte_nrfx_fifo_read
                0x00000000000093be       0x28 zephyr/drivers/serial/libdrivers__serial.a(uart_nrfx_uarte.c.obj)
 .text.uarte_nrfx_irq_tx_enable
                0x00000000000093e6       0x34 zephyr/drivers/serial/libdrivers__serial.a(uart_nrfx_uarte.c.obj)
 .text.uarte_nrfx_irq_tx_disable
                0x000000000000941a       0x10 zephyr/drivers/serial/libdrivers__serial.a(uart_nrfx_uarte.c.obj)
 .text.uarte_nrfx_irq_tx_ready_complete
                0x000000000000942a       0x1e zephyr/drivers/serial/libdrivers__serial.a(uart_nrfx_uarte.c.obj)
 .text.uarte_nrfx_irq_rx_ready
                0x0000000000009448       0x10 zephyr/drivers/serial/libdrivers__serial.a(uart_nrfx_uarte.c.obj)
 .text.uarte_nrfx_irq_rx_enable
                0x0000000000009458        0xc zephyr/drivers/serial/libdrivers__serial.a(uart_nrfx_uarte.c.obj)
 .text.uarte_nrfx_irq_rx_disable
                0x0000000000009464        0xc zephyr/drivers/serial/libdrivers__serial.a(uart_nrfx_uarte.c.obj)
 .text.uarte_nrfx_irq_err_enable
                0x0000000000009470        0xe zephyr/drivers/serial/libdrivers__serial.a(uart_nrfx_uarte.c.obj)
 .text.uarte_nrfx_irq_err_disable
                0x000000000000947e        0xe zephyr/drivers/serial/libdrivers__serial.a(uart_nrfx_uarte.c.obj)
 .text.uarte_nrfx_irq_is_pending
                0x000000000000948c       0x36 zephyr/drivers/serial/libdrivers__serial.a(uart_nrfx_uarte.c.obj)
 .text.uarte_nrfx_irq_update
                0x00000000000094c2        0x4 zephyr/drivers/serial/libdrivers__serial.a(uart_nrfx_uarte.c.obj)
 .text.uarte_nrfx_irq_callback_set
                0x00000000000094c6        0xc zephyr/drivers/serial/libdrivers__serial.a(uart_nrfx_uarte.c.obj)
 .text.is_tx_ready.isra.0
                0x00000000000094d2       0x20 zephyr/drivers/serial/libdrivers__serial.a(uart_nrfx_uarte.c.obj)
 .text.uarte_nrfx_isr_int
                0x00000000000094f2       0x88 zephyr/drivers/serial/libdrivers__serial.a(uart_nrfx_uarte.c.obj)
 .text.uarte_nrfx_fifo_fill
                0x000000000000957a       0x8a zephyr/drivers/serial/libdrivers__serial.a(uart_nrfx_uarte.c.obj)
 .text.event_clear
                0x0000000000009604       0x18 zephyr/drivers/timer/libdrivers__timer.a(nrf_rtc_timer.c.obj)
 .text.sys_clock_cycle_get_32
                0x000000000000961c        0x8 zephyr/drivers/timer/libdrivers__timer.a(nrf_rtc_timer.c.obj)
                0x000000000000961c                sys_clock_cycle_get_32
 .text.boot_read_image_header_hook
                0x0000000000009624       0x5e modules/nrf/modules/mcuboot/hooks/lib..__nrf__modules__mcuboot__hooks.a(nrf53_hooks.c.obj)
                0x0000000000009624                boot_read_image_header_hook
 .text.boot_perform_update_hook
                0x0000000000009682        0x4 modules/nrf/modules/mcuboot/hooks/lib..__nrf__modules__mcuboot__hooks.a(nrf53_hooks.c.obj)
                0x0000000000009682                boot_perform_update_hook
 .text.boot_read_swap_state_primary_slot_hook
                0x0000000000009686       0x18 modules/nrf/modules/mcuboot/hooks/lib..__nrf__modules__mcuboot__hooks.a(nrf53_hooks.c.obj)
                0x0000000000009686                boot_read_swap_state_primary_slot_hook
 .text.boot_copy_region_post_hook
                0x000000000000969e        0xc modules/nrf/modules/mcuboot/hooks/lib..__nrf__modules__mcuboot__hooks.a(nrf53_hooks.c.obj)
                0x000000000000969e                boot_copy_region_post_hook
 .text.boot_serial_uploaded_hook
                0x00000000000096aa        0xe modules/nrf/modules/mcuboot/hooks/lib..__nrf__modules__mcuboot__hooks.a(nrf53_hooks.c.obj)
                0x00000000000096aa                boot_serial_uploaded_hook
 .text.boot_reset_request_hook
                0x00000000000096b8        0xe modules/nrf/modules/mcuboot/hooks/lib..__nrf__modules__mcuboot__hooks.a(nrf53_hooks.c.obj)
                0x00000000000096b8                boot_reset_request_hook
 .text.hw_cc3xx_init_internal
                0x00000000000096c6        0x4 modules/nrf/drivers/hw_cc3xx/lib..__nrf__drivers__hw_cc3xx.a(hw_cc3xx.c.obj)
 .text.hw_cc3xx_init
                0x00000000000096ca       0x12 modules/nrf/drivers/hw_cc3xx/lib..__nrf__drivers__hw_cc3xx.a(hw_cc3xx.c.obj)
 .text.boot_swap_info_off
                0x00000000000096dc        0xc modules/mcuboot/boot/bootutil/zephyr/libmcuboot_util.a(bootutil_public.c.obj)
                0x00000000000096dc                boot_swap_info_off
 .text.boot_magic_compatible_check
                0x00000000000096e8       0x1c modules/mcuboot/boot/bootutil/zephyr/libmcuboot_util.a(bootutil_public.c.obj)
                0x00000000000096e8                boot_magic_compatible_check
 .text.bootutil_buffer_is_erased
                0x0000000000009704       0x26 modules/mcuboot/boot/bootutil/zephyr/libmcuboot_util.a(bootutil_public.c.obj)
                0x0000000000009704                bootutil_buffer_is_erased
 .text.boot_read_flag
                0x000000000000972a       0x38 modules/mcuboot/boot/bootutil/zephyr/libmcuboot_util.a(bootutil_public.c.obj)
 .text.boot_read_image_ok
                0x0000000000009762        0xc modules/mcuboot/boot/bootutil/zephyr/libmcuboot_util.a(bootutil_public.c.obj)
                0x0000000000009762                boot_read_image_ok
 .text.boot_read_swap_state_by_id
                0x000000000000976e       0x28 modules/mcuboot/boot/bootutil/zephyr/libmcuboot_util.a(bootutil_public.c.obj)
                0x000000000000976e                boot_read_swap_state_by_id
 .text.mbedtls_asn1_get_len
                0x0000000000009796       0x68 modules/mbedtls/libmbedTLSBase.a(asn1parse.c.obj)
                0x0000000000009796                mbedtls_asn1_get_len
 .text.mbedtls_asn1_get_tag
                0x00000000000097fe       0x28 modules/mbedtls/libmbedTLSBase.a(asn1parse.c.obj)
                0x00000000000097fe                mbedtls_asn1_get_tag
 .text.mbedtls_asn1_get_mpi
                0x0000000000009826       0x26 modules/mbedtls/libmbedTLSBase.a(asn1parse.c.obj)
                0x0000000000009826                mbedtls_asn1_get_mpi
 .text.mbedtls_mpi_core_bitlen
                0x000000000000984c       0x1e modules/mbedtls/libmbedTLSBase.a(bignum_core.c.obj)
                0x000000000000984c                mbedtls_mpi_core_bitlen
 .text.mbedtls_mpi_core_bigendian_to_host
                0x000000000000986a       0x26 modules/mbedtls/libmbedTLSBase.a(bignum_core.c.obj)
                0x000000000000986a                mbedtls_mpi_core_bigendian_to_host
 .text.mbedtls_mpi_core_read_be
                0x0000000000009890       0x4a modules/mbedtls/libmbedTLSBase.a(bignum_core.c.obj)
                0x0000000000009890                mbedtls_mpi_core_read_be
 .text.mbedtls_mpi_core_write_be
                0x00000000000098da       0x64 modules/mbedtls/libmbedTLSBase.a(bignum_core.c.obj)
                0x00000000000098da                mbedtls_mpi_core_write_be
 .text.mbedtls_mpi_core_shift_r
                0x000000000000993e       0x74 modules/mbedtls/libmbedTLSBase.a(bignum_core.c.obj)
                0x000000000000993e                mbedtls_mpi_core_shift_r
 .text.mbedtls_mpi_core_shift_l
                0x00000000000099b2       0x6c modules/mbedtls/libmbedTLSBase.a(bignum_core.c.obj)
                0x00000000000099b2                mbedtls_mpi_core_shift_l
 .text.mbedtls_mpi_core_add
                0x0000000000009a1e       0x2c modules/mbedtls/libmbedTLSBase.a(bignum_core.c.obj)
                0x0000000000009a1e                mbedtls_mpi_core_add
 .text.mbedtls_mpi_core_sub
                0x0000000000009a4a       0x3a modules/mbedtls/libmbedTLSBase.a(bignum_core.c.obj)
                0x0000000000009a4a                mbedtls_mpi_core_sub
 .text.mbedtls_mpi_core_mla
                0x0000000000009a84      0x178 modules/mbedtls/libmbedTLSBase.a(bignum_core.c.obj)
                0x0000000000009a84                mbedtls_mpi_core_mla
 .text.mbedtls_mpi_core_montmul_init
                0x0000000000009bfc       0x22 modules/mbedtls/libmbedTLSBase.a(bignum_core.c.obj)
                0x0000000000009bfc                mbedtls_mpi_core_montmul_init
 .text.mbedtls_mpi_core_montmul
                0x0000000000009c1e       0x96 modules/mbedtls/libmbedTLSBase.a(bignum_core.c.obj)
                0x0000000000009c1e                mbedtls_mpi_core_montmul
 .text.mbedtls_mpi_core_get_mont_r2_unsafe
                0x0000000000009cb4       0x34 modules/mbedtls/libmbedTLSBase.a(bignum_core.c.obj)
                0x0000000000009cb4                mbedtls_mpi_core_get_mont_r2_unsafe
 .text.mbedtls_mpi_core_exp_mod_working_limbs
                0x0000000000009ce8       0x16 modules/mbedtls/libmbedTLSBase.a(bignum_core.c.obj)
                0x0000000000009ce8                mbedtls_mpi_core_exp_mod_working_limbs
 .text.mbedtls_mpi_core_exp_mod
                0x0000000000009cfe       0x20 modules/mbedtls/libmbedTLSBase.a(bignum_core.c.obj)
                0x0000000000009cfe                mbedtls_mpi_core_exp_mod
 .text.mbedtls_mpi_core_exp_mod_unsafe
                0x0000000000009d1e       0x22 modules/mbedtls/libmbedTLSBase.a(bignum_core.c.obj)
                0x0000000000009d1e                mbedtls_mpi_core_exp_mod_unsafe
 .text.mbedtls_mpi_core_sub_int
                0x0000000000009d40       0x22 modules/mbedtls/libmbedTLSBase.a(bignum_core.c.obj)
                0x0000000000009d40                mbedtls_mpi_core_sub_int
 .text.mbedtls_mpi_core_check_zero_ct
                0x0000000000009d62       0x18 modules/mbedtls/libmbedTLSBase.a(bignum_core.c.obj)
                0x0000000000009d62                mbedtls_mpi_core_check_zero_ct
 .text.mbedtls_mpi_core_to_mont_rep
                0x0000000000009d7a       0x18 modules/mbedtls/libmbedTLSBase.a(bignum_core.c.obj)
                0x0000000000009d7a                mbedtls_mpi_core_to_mont_rep
 .text.mbedtls_mpi_core_from_mont_rep
                0x0000000000009d92       0x20 modules/mbedtls/libmbedTLSBase.a(bignum_core.c.obj)
                0x0000000000009d92                mbedtls_mpi_core_from_mont_rep
 .text.mbedtls_mpi_init
                0x0000000000009db2        0xa modules/mbedtls/libmbedTLSBase.a(bignum.c.obj)
                0x0000000000009db2                mbedtls_mpi_init
 .text.mbedtls_mpi_free
                0x0000000000009dbc       0x1c modules/mbedtls/libmbedTLSBase.a(bignum.c.obj)
                0x0000000000009dbc                mbedtls_mpi_free
 .text.mbedtls_mpi_grow
                0x0000000000009dd8       0x48 modules/mbedtls/libmbedTLSBase.a(bignum.c.obj)
                0x0000000000009dd8                mbedtls_mpi_grow
 .text.mbedtls_mpi_resize_clear
                0x0000000000009e20       0x36 modules/mbedtls/libmbedTLSBase.a(bignum.c.obj)
 .text.mbedtls_mpi_shrink
                0x0000000000009e56       0x62 modules/mbedtls/libmbedTLSBase.a(bignum.c.obj)
                0x0000000000009e56                mbedtls_mpi_shrink
 .text.mbedtls_mpi_copy
                0x0000000000009eb8       0x6a modules/mbedtls/libmbedTLSBase.a(bignum.c.obj)
                0x0000000000009eb8                mbedtls_mpi_copy
 .text.mbedtls_mpi_lset
                0x0000000000009f22       0x38 modules/mbedtls/libmbedTLSBase.a(bignum.c.obj)
                0x0000000000009f22                mbedtls_mpi_lset
 .text.mbedtls_mpi_get_bit
                0x0000000000009f5a       0x20 modules/mbedtls/libmbedTLSBase.a(bignum.c.obj)
                0x0000000000009f5a                mbedtls_mpi_get_bit
 .text.mbedtls_mpi_bitlen
                0x0000000000009f7a        0x8 modules/mbedtls/libmbedTLSBase.a(bignum.c.obj)
                0x0000000000009f7a                mbedtls_mpi_bitlen
 .text.mbedtls_mpi_size
                0x0000000000009f82        0xc modules/mbedtls/libmbedTLSBase.a(bignum.c.obj)
                0x0000000000009f82                mbedtls_mpi_size
 .text.mbedtls_mpi_read_binary
                0x0000000000009f8e       0x2c modules/mbedtls/libmbedTLSBase.a(bignum.c.obj)
                0x0000000000009f8e                mbedtls_mpi_read_binary
 .text.mbedtls_mpi_write_binary
                0x0000000000009fba        0xc modules/mbedtls/libmbedTLSBase.a(bignum.c.obj)
                0x0000000000009fba                mbedtls_mpi_write_binary
 .text.mbedtls_mpi_shift_l
                0x0000000000009fc6       0x3a modules/mbedtls/libmbedTLSBase.a(bignum.c.obj)
                0x0000000000009fc6                mbedtls_mpi_shift_l
 .text.mbedtls_mpi_shift_r
                0x000000000000a000       0x12 modules/mbedtls/libmbedTLSBase.a(bignum.c.obj)
                0x000000000000a000                mbedtls_mpi_shift_r
 .text.mbedtls_mpi_cmp_abs
                0x000000000000a012       0x5e modules/mbedtls/libmbedTLSBase.a(bignum.c.obj)
                0x000000000000a012                mbedtls_mpi_cmp_abs
 .text.mbedtls_mpi_cmp_mpi
                0x000000000000a070       0x90 modules/mbedtls/libmbedTLSBase.a(bignum.c.obj)
                0x000000000000a070                mbedtls_mpi_cmp_mpi
 .text.mbedtls_mpi_cmp_int
                0x000000000000a100       0x30 modules/mbedtls/libmbedTLSBase.a(bignum.c.obj)
                0x000000000000a100                mbedtls_mpi_cmp_int
 .text.mbedtls_mpi_add_abs
                0x000000000000a130       0x90 modules/mbedtls/libmbedTLSBase.a(bignum.c.obj)
                0x000000000000a130                mbedtls_mpi_add_abs
 .text.mbedtls_mpi_sub_abs
                0x000000000000a1c0       0xa2 modules/mbedtls/libmbedTLSBase.a(bignum.c.obj)
                0x000000000000a1c0                mbedtls_mpi_sub_abs
 .text.add_sub_mpi
                0x000000000000a262       0x62 modules/mbedtls/libmbedTLSBase.a(bignum.c.obj)
 .text.mbedtls_mpi_add_mpi
                0x000000000000a2c4        0x6 modules/mbedtls/libmbedTLSBase.a(bignum.c.obj)
                0x000000000000a2c4                mbedtls_mpi_add_mpi
 .text.mbedtls_mpi_sub_mpi
                0x000000000000a2ca        0x8 modules/mbedtls/libmbedTLSBase.a(bignum.c.obj)
                0x000000000000a2ca                mbedtls_mpi_sub_mpi
 .text.mbedtls_mpi_mul_int
                0x000000000000a2d2       0x62 modules/mbedtls/libmbedTLSBase.a(bignum.c.obj)
                0x000000000000a2d2                mbedtls_mpi_mul_int
 .text.mbedtls_mpi_mod_mpi
                0x000000000000a334       0x64 modules/mbedtls/libmbedTLSBase.a(bignum.c.obj)
                0x000000000000a334                mbedtls_mpi_mod_mpi
 .text.mbedtls_mpi_exp_mod_optionally_safe
                0x000000000000a398      0x1da modules/mbedtls/libmbedTLSBase.a(bignum.c.obj)
 .text.mbedtls_mpi_exp_mod_unsafe
                0x000000000000a572       0x14 modules/mbedtls/libmbedTLSBase.a(bignum.c.obj)
                0x000000000000a572                mbedtls_mpi_exp_mod_unsafe
 .text.mbedtls_zeroize_and_free
                0x000000000000a586       0x14 modules/mbedtls/libmbedTLSBase.a(platform_util.c.obj)
                0x000000000000a586                mbedtls_zeroize_and_free
 .text.platform_calloc_uninit
                0x000000000000a59a        0x4 modules/mbedtls/libmbedTLSBase.a(platform.c.obj)
 .text.platform_exit_uninit
                0x000000000000a59e        0x2 modules/mbedtls/libmbedTLSBase.a(platform.c.obj)
 .text.platform_free_uninit
                0x000000000000a5a0        0x2 modules/mbedtls/libmbedTLSBase.a(platform.c.obj)
 .text.mbedtls_rsa_import
                0x000000000000a5a2       0x86 modules/mbedtls/libmbedTLSBase.a(rsa.c.obj)
                0x000000000000a5a2                mbedtls_rsa_import
 .text.mbedtls_rsa_init
                0x000000000000a628       0x14 modules/mbedtls/libmbedTLSBase.a(rsa.c.obj)
                0x000000000000a628                mbedtls_rsa_init
 .text.mbedtls_rsa_get_len
                0x000000000000a63c        0x4 modules/mbedtls/libmbedTLSBase.a(rsa.c.obj)
                0x000000000000a63c                mbedtls_rsa_get_len
 .text.mbedtls_rsa_free
                0x000000000000a640       0x72 modules/mbedtls/libmbedTLSBase.a(rsa.c.obj)
                0x000000000000a640                mbedtls_rsa_free
 .text.mbedtls_bswap32
                0x000000000000a6b2        0x4 modules/mbedtls/libmbedTLSBase.a(sha256.c.obj)
 .text.mbedtls_sha256_init
                0x000000000000a6b6        0x8 modules/mbedtls/libmbedTLSBase.a(sha256.c.obj)
                0x000000000000a6b6                mbedtls_sha256_init
 .text.mbedtls_sha256_free
                0x000000000000a6be        0xa modules/mbedtls/libmbedTLSBase.a(sha256.c.obj)
                0x000000000000a6be                mbedtls_sha256_free
 .text.mbedtls_sha256_update
                0x000000000000a6c8       0x7e modules/mbedtls/libmbedTLSBase.a(sha256.c.obj)
                0x000000000000a6c8                mbedtls_sha256_update
 .text.mbedtls_sha256_finish
                0x000000000000a746      0x13e modules/mbedtls/libmbedTLSBase.a(sha256.c.obj)
                0x000000000000a746                mbedtls_sha256_finish
 .text._mbedtls_init
                0x000000000000a884        0x4 modules/mbedtls/libmbedTLSBase.a(zephyr_init.c.obj)
 .text.nrfx_isr
                0x000000000000a888        0x2 modules/hal_nordic/modules/hal_nordic/nrfx/libmodules__hal_nordic__nrfx.a(nrfx_glue.c.obj)
                0x000000000000a888                nrfx_isr
 .text.nrfx_busy_wait
                0x000000000000a88a        0x4 modules/hal_nordic/modules/hal_nordic/nrfx/libmodules__hal_nordic__nrfx.a(nrfx_glue.c.obj)
                0x000000000000a88a                nrfx_busy_wait
 .text.nrfx_gppi_event_endpoint_setup
                0x000000000000a88e        0xa modules/hal_nordic/modules/hal_nordic/nrfx/libmodules__hal_nordic__nrfx.a(nrfx_gppi_dppi.c.obj)
                0x000000000000a88e                nrfx_gppi_event_endpoint_setup
 .text.nrfx_gppi_task_endpoint_setup
                0x000000000000a898        0xa modules/hal_nordic/modules/hal_nordic/nrfx/libmodules__hal_nordic__nrfx.a(nrfx_gppi_dppi.c.obj)
                0x000000000000a898                nrfx_gppi_task_endpoint_setup
 .text.nrfx_gppi_channel_endpoints_setup
                0x000000000000a8a2        0xe modules/hal_nordic/modules/hal_nordic/nrfx/libmodules__hal_nordic__nrfx.a(nrfx_gppi_dppi.c.obj)
                0x000000000000a8a2                nrfx_gppi_channel_endpoints_setup
 .text.nrfx_clock_stop
                0x000000000000a8b0        0x4 modules/hal_nordic/modules/hal_nordic/nrfx/libmodules__hal_nordic__nrfx.a(nrfx_clock.c.obj)
                0x000000000000a8b0                nrfx_clock_stop
 .text.nrf_gpio_reconfigure
                0x000000000000a8b4       0x92 modules/hal_nordic/modules/hal_nordic/nrfx/libmodules__hal_nordic__nrfx.a(nrfx_gpiote.c.obj)
 .text.nrf_gpio_cfg_sense_set
                0x000000000000a946       0x1e modules/hal_nordic/modules/hal_nordic/nrfx/libmodules__hal_nordic__nrfx.a(nrfx_gpiote.c.obj)
 .text.pin_trigger_disable
                0x000000000000a964       0x48 modules/hal_nordic/modules/hal_nordic/nrfx/libmodules__hal_nordic__nrfx.a(nrfx_gpiote.c.obj)
 .text.nrfx_gpiote_pin_uninit
                0x000000000000a9ac        0x4 modules/hal_nordic/modules/hal_nordic/nrfx/libmodules__hal_nordic__nrfx.a(nrfx_gpiote.c.obj)
                0x000000000000a9ac                nrfx_gpiote_pin_uninit
 .text.nrfx_gpiote_trigger_disable
                0x000000000000a9b0        0x4 modules/hal_nordic/modules/hal_nordic/nrfx/libmodules__hal_nordic__nrfx.a(nrfx_gpiote.c.obj)
                0x000000000000a9b0                nrfx_gpiote_trigger_disable
 .text.partial_word_create
                0x000000000000a9b4       0x26 modules/hal_nordic/modules/hal_nordic/nrfx/libmodules__hal_nordic__nrfx.a(nrfx_nvmc.c.obj)
 .text.nrfx_nvmc_flash_size_get
                0x000000000000a9da        0x6 modules/hal_nordic/modules/hal_nordic/nrfx/libmodules__hal_nordic__nrfx.a(nrfx_nvmc.c.obj)
                0x000000000000a9da                nrfx_nvmc_flash_size_get
 .text.nrfx_nvmc_flash_page_size_get
                0x000000000000a9e0        0x6 modules/hal_nordic/modules/hal_nordic/nrfx/libmodules__hal_nordic__nrfx.a(nrfx_nvmc.c.obj)
                0x000000000000a9e0                nrfx_nvmc_flash_page_size_get
 .text.nrfx_nvmc_flash_page_count_get
                0x000000000000a9e6        0x6 modules/hal_nordic/modules/hal_nordic/nrfx/libmodules__hal_nordic__nrfx.a(nrfx_nvmc.c.obj)
                0x000000000000a9e6                nrfx_nvmc_flash_page_count_get
 .text.qspi_errata_159_conditions_check
                0x000000000000a9ec       0x20 modules/hal_nordic/modules/hal_nordic/nrfx/libmodules__hal_nordic__nrfx.a(nrfx_qspi.c.obj)
 .text.nrfx_qspi_write
                0x000000000000aa0c        0x6 modules/hal_nordic/modules/hal_nordic/nrfx/libmodules__hal_nordic__nrfx.a(nrfx_qspi.c.obj)
                0x000000000000aa0c                nrfx_qspi_write
 .text.nrfx_qspi_read
                0x000000000000aa12        0x6 modules/hal_nordic/modules/hal_nordic/nrfx/libmodules__hal_nordic__nrfx.a(nrfx_qspi.c.obj)
                0x000000000000aa12                nrfx_qspi_read
 .text.nrfx_qspi_chip_erase
                0x000000000000aa18        0x8 modules/hal_nordic/modules/hal_nordic/nrfx/libmodules__hal_nordic__nrfx.a(nrfx_qspi.c.obj)
                0x000000000000aa18                nrfx_qspi_chip_erase
 .text.zcbor_new_backup
                0x000000000000aa20       0x3c modules/zcbor/libmodules__zcbor.a(zcbor_common.c.obj)
                0x000000000000aa20                zcbor_new_backup
 .text.zcbor_process_backup
                0x000000000000aa5c       0x8c modules/zcbor/libmodules__zcbor.a(zcbor_common.c.obj)
                0x000000000000aa5c                zcbor_process_backup
 .text.zcbor_new_state