Archive member included to satisfy reference by file (symbol)

app/libapp.a(main.c.obj)      (--whole-archive)
zephyr/libzephyr.a(heap.c.obj)
                              (--whole-archive)
zephyr/libzephyr.a(cbprintf_packaged.c.obj)
                              (--whole-archive)
zephyr/libzephyr.a(printk.c.obj)
                              (--whole-archive)
zephyr/libzephyr.a(sem.c.obj)
                              (--whole-archive)
zephyr/libzephyr.a(thread_entry.c.obj)
                              (--whole-archive)
zephyr/libzephyr.a(cbprintf_complete.c.obj)
                              (--whole-archive)
zephyr/libzephyr.a(assert.c.obj)
                              (--whole-archive)
zephyr/libzephyr.a(reboot.c.obj)
                              (--whole-archive)
zephyr/libzephyr.a(dec.c.obj)
                              (--whole-archive)
zephyr/libzephyr.a(hex.c.obj)
                              (--whole-archive)
zephyr/libzephyr.a(rb.c.obj)  (--whole-archive)
zephyr/libzephyr.a(timeutil.c.obj)
                              (--whole-archive)
zephyr/libzephyr.a(bitarray.c.obj)
                              (--whole-archive)
zephyr/libzephyr.a(onoff.c.obj)
                              (--whole-archive)
zephyr/libzephyr.a(notify.c.obj)
                              (--whole-archive)
zephyr/libzephyr.a(last_section_id.c.obj)
                              (--whole-archive)
zephyr/libzephyr.a(configs.c.obj)
                              (--whole-archive)
zephyr/libzephyr.a(log_minimal.c.obj)
                              (--whole-archive)
zephyr/libzephyr.a(stream_flash.c.obj)
                              (--whole-archive)
zephyr/libzephyr.a(tracing_none.c.obj)
                              (--whole-archive)
zephyr/libzephyr.a(flash_util.c.obj)
                              (--whole-archive)
zephyr/libzephyr.a(banner.c.obj)
                              (--whole-archive)
zephyr/libzephyr.a(flash_map_partition_manager.c.obj)
                              (--whole-archive)
zephyr/arch/common/libarch__common.a(sw_isr_common.c.obj)
                              (--whole-archive)
zephyr/arch/arch/arm/core/libarch__arm__core.a(fatal.c.obj)
                              (--whole-archive)
zephyr/arch/arch/arm/core/libarch__arm__core.a(nmi.c.obj)
                              (--whole-archive)
zephyr/arch/arch/arm/core/libarch__arm__core.a(nmi_on_reset.S.obj)
                              (--whole-archive)
zephyr/arch/arch/arm/core/libarch__arm__core.a(tls.c.obj)
                              (--whole-archive)
zephyr/arch/arch/arm/core/cortex_m/libarch__arm__core__cortex_m.a(exc_exit.c.obj)
                              (--whole-archive)
zephyr/arch/arch/arm/core/cortex_m/libarch__arm__core__cortex_m.a(fault.c.obj)
                              (--whole-archive)
zephyr/arch/arch/arm/core/cortex_m/libarch__arm__core__cortex_m.a(fault_s.S.obj)
                              (--whole-archive)
zephyr/arch/arch/arm/core/cortex_m/libarch__arm__core__cortex_m.a(fpu.c.obj)
                              (--whole-archive)
zephyr/arch/arch/arm/core/cortex_m/libarch__arm__core__cortex_m.a(reset.S.obj)
                              (--whole-archive)
zephyr/arch/arch/arm/core/cortex_m/libarch__arm__core__cortex_m.a(scb.c.obj)
                              (--whole-archive)
zephyr/arch/arch/arm/core/cortex_m/libarch__arm__core__cortex_m.a(thread_abort.c.obj)
                              (--whole-archive)
zephyr/arch/arch/arm/core/cortex_m/libarch__arm__core__cortex_m.a(vector_table.S.obj)
                              (--whole-archive)
zephyr/arch/arch/arm/core/cortex_m/libarch__arm__core__cortex_m.a(swap_helper.S.obj)
                              (--whole-archive)
zephyr/arch/arch/arm/core/cortex_m/libarch__arm__core__cortex_m.a(irq_manage.c.obj)
                              (--whole-archive)
zephyr/arch/arch/arm/core/cortex_m/libarch__arm__core__cortex_m.a(prep_c.c.obj)
                              (--whole-archive)
zephyr/arch/arch/arm/core/cortex_m/libarch__arm__core__cortex_m.a(thread.c.obj)
                              (--whole-archive)
zephyr/arch/arch/arm/core/cortex_m/libarch__arm__core__cortex_m.a(cpu_idle.c.obj)
                              (--whole-archive)
zephyr/arch/arch/arm/core/cortex_m/libarch__arm__core__cortex_m.a(irq_init.c.obj)
                              (--whole-archive)
zephyr/arch/arch/arm/core/cortex_m/libarch__arm__core__cortex_m.a(isr_wrapper.c.obj)
                              (--whole-archive)
zephyr/arch/arch/arm/core/cortex_m/libarch__arm__core__cortex_m.a(__aeabi_read_tp.S.obj)
                              (--whole-archive)
zephyr/arch/arch/arm/core/cortex_m/cmse/libarch__arm__core__cortex_m__cmse.a(arm_core_cmse.c.obj)
                              (--whole-archive)
zephyr/lib/libc/picolibc/liblib__libc__picolibc.a(assert.c.obj)
                              (--whole-archive)
zephyr/lib/libc/picolibc/liblib__libc__picolibc.a(cbprintf.c.obj)
[...]
Memory Configuration

Name             Origin             Length             Attributes
FLASH            0x0000000001000000 0x0000000000008580 xr
RAM              0x0000000021000000 0x0000000000010000 xw
SRAM1            0x0000000021000000 0x0000000000010000 rw
IDT_LIST         0x00000000ffff7fff 0x0000000000008000 xw
*default*        0x0000000000000000 0xffffffffffffffff

Linker script and memory map

                0x000000000100358c                vfprintf = __l_vfprintf
                0x0000000000000000                vfscanf = __l_vfscanf
LOAD zephyr/CMakeFiles/zephyr_final.dir/misc/empty_file.c.obj
LOAD zephyr/CMakeFiles/zephyr_final.dir/isr_tables.c.obj
LOAD zephyr/CMakeFiles/offsets.dir/./arch/arm/core/offsets/offsets.c.obj
LOAD app/libapp.a
LOAD zephyr/libzephyr.a
LOAD zephyr/arch/common/libarch__common.a
LOAD zephyr/arch/arch/arm/core/libarch__arm__core.a
LOAD zephyr/arch/arch/arm/core/cortex_m/libarch__arm__core__cortex_m.a
LOAD zephyr/arch/arch/arm/core/cortex_m/cmse/libarch__arm__core__cortex_m__cmse.a
LOAD zephyr/lib/libc/picolibc/liblib__libc__picolibc.a
LOAD zephyr/lib/libc/common/liblib__libc__common.a
LOAD zephyr/soc/soc/nrf5340/libsoc__nordic.a
LOAD zephyr/drivers/clock_control/libdrivers__clock_control.a
LOAD zephyr/drivers/console/libdrivers__console.a
LOAD zephyr/drivers/flash/libdrivers__flash.a
LOAD zephyr/drivers/pinctrl/libdrivers__pinctrl.a
LOAD zephyr/drivers/serial/libdrivers__serial.a
LOAD zephyr/drivers/timer/libdrivers__timer.a
LOAD modules/nrf/lib/fprotect/lib..__nrf__lib__fprotect.a
LOAD modules/nrf/lib/fatal_error/lib..__nrf__lib__fatal_error.a
LOAD modules/nrf/subsys/bootloader/bl_boot/lib..__nrf__subsys__bootloader__bl_boot.a
LOAD modules/nrf/subsys/bootloader/bl_crypto/lib..__nrf__subsys__bootloader__bl_crypto.a
LOAD modules/nrf/subsys/bootloader/bl_validation/lib..__nrf__subsys__bootloader__bl_validation.a
LOAD modules/nrf/subsys/bootloader/bl_storage/lib..__nrf__subsys__bootloader__bl_storage.a
LOAD modules/nrf/subsys/pcd/lib..__nrf__subsys__pcd.a
LOAD modules/nrf/subsys/fw_info/lib..__nrf__subsys__fw_info.a
LOAD modules/hal_nordic/modules/hal_nordic/nrfx/libmodules__hal_nordic__nrfx.a
LOAD zephyr/kernel/libkernel.a
LOAD zephyr/arch/common/libisr_tables.a
LOAD /opt/nordic/ncs/v3.0.2/nrfxlib/crypto/nrf_oberon/lib/cortex-m33+nodsp/soft-float/liboberon_3.0.16.a
LOAD /opt/nordic/ncs/toolchains/ef4fc6722e/opt/zephyr-sdk/arm-zephyr-eabi/bin/../lib/gcc/../../picolibc/arm-zephyr-eabi/lib/thumb/v8-m.main/nofp/libc.a
LOAD /opt/nordic/ncs/toolchains/ef4fc6722e/opt/zephyr-sdk/arm-zephyr-eabi/bin/../lib/gcc/arm-zephyr-eabi/12.2.0/thumb/v8-m.main/nofp/libgcc.a
                0x0000000000000004                _region_min_align = 0x4

.rel.plt        0x0000000001000000        0x0
 *(SORT_BY_ALIGNMENT(.rel.plt))
                [!provide]                        PROVIDE (__rel_iplt_start = .)
 *(SORT_BY_ALIGNMENT(.rel.iplt))
 .rel.iplt      0x0000000001000000        0x0 zephyr/CMakeFiles/zephyr_final.dir/isr_tables.c.obj
                [!provide]                        PROVIDE (__rel_iplt_end = .)

.rela.plt       0x0000000000000000        0x0
 *(SORT_BY_ALIGNMENT(.rela.plt))
                [!provide]                        PROVIDE (__rela_iplt_start = .)
 *(SORT_BY_ALIGNMENT(.rela.iplt))
                [!provide]                        PROVIDE (__rela_iplt_end = .)

.rel.dyn
 *(SORT_BY_ALIGNMENT(.rel.*))

.rela.dyn
 *(SORT_BY_ALIGNMENT(.rela.*))

/DISCARD/
 *(SORT_BY_ALIGNMENT(.plt))

/DISCARD/
 *(SORT_BY_ALIGNMENT(.iplt))
                0x0000000001000000                __rom_region_start = 0x1000000

rom_start       0x0000000001000000      0x23c
                0x0000000001000000                __rom_start_address = .
 FILL mask 0x00
                0x0000000001000000                . = (. + (0x0 - (. - __rom_start_address)))
                0x0000000001000000                . = ALIGN (0x4)
                0x0000000001000000                . = ALIGN (0x80)
                0x0000000001000000                . = ALIGN (0x100)
                0x0000000001000000                _vector_start = .
 *(SORT_BY_ALIGNMENT(.exc_vector_table))
 *(SORT_BY_ALIGNMENT(.exc_vector_table.*))
 .exc_vector_table._vector_table_section
                0x0000000001000000       0x40 zephyr/arch/arch/arm/core/cortex_m/libarch__arm__core__cortex_m.a(vector_table.S.obj)
                0x0000000001000000                _vector_table
 *(SORT_BY_ALIGNMENT(.vectors))
                0x00000000010000b8                _vector_end = .
                0x0000000001000040                . = ALIGN (0x4)
 *(SORT_BY_ALIGNMENT(.gnu.linkonce.irq_vector_table*))
 .gnu.linkonce.irq_vector_table
                0x0000000001000040       0x78 zephyr/CMakeFiles/zephyr_final.dir/isr_tables.c.obj
                0x0000000001000040                _irq_vector_table
                0x00000000010000b8                _vector_end = .
                0x0000000000000200                . = 0x200
 *fill*         0x00000000010000b8      0x148 00
                0x0000000001000200                _fw_info_start = .
 *(SORT_BY_NAME(SORT_BY_ALIGNMENT(.firmware_info*)))
 .firmware_info
                0x0000000001000200       0x3c modules/nrf/subsys/fw_info/lib..__nrf__subsys__fw_info.a(fw_info.c.obj)
                0x0000000001000200                m_firmware_info
                0x000000000000003c                _fw_info_size = ABSOLUTE ((. - _fw_info_start))

text            0x000000000100023c     0x4298
                0x000000000100023c                __text_region_start = .
 *(SORT_BY_ALIGNMENT(.text))
 .text          0x000000000100023c       0x5c /opt/nordic/ncs/v3.0.2/nrfxlib/crypto/nrf_oberon/lib/cortex-m33+nodsp/soft-float/liboberon_3.0.16.a(ocrypto_constant_time.s.obj)
                0x000000000100023c                ocrypto_constant_time_equal
                0x0000000001000264                ocrypto_constant_time_is_zero
                0x0000000001000280                ocrypto_constant_time_xor
 .text          0x0000000001000298      0x334 /opt/nordic/ncs/v3.0.2/nrfxlib/crypto/nrf_oberon/lib/cortex-m33+nodsp/soft-float/liboberon_3.0.16.a(ocrypto_sha256_loop.s.obj)
                0x0000000001000298                ocrypto_sha256_loop
 *(SORT_BY_ALIGNMENT(.text.*))
 .text.main     0x00000000010005cc       0xec app/libapp.a(main.c.obj)
                0x00000000010005cc                main
 .text.sys_heap_init
                0x00000000010006b8      0x10c zephyr/libzephyr.a(heap.c.obj)
                0x00000000010006b8                sys_heap_init
 .text.char_out
                0x00000000010007c4        0xc zephyr/libzephyr.a(printk.c.obj)
 .text.__printk_hook_install
                0x00000000010007d0        0xc zephyr/libzephyr.a(printk.c.obj)
                0x00000000010007d0                __printk_hook_install
 .text.vprintk  0x00000000010007dc       0x30 zephyr/libzephyr.a(printk.c.obj)
                0x00000000010007dc                vprintk
 .text.process_event
                0x000000000100080c      0x2f8 zephyr/libzephyr.a(onoff.c.obj)
 .text.onoff_request
                0x0000000001000b04       0xcc zephyr/libzephyr.a(onoff.c.obj)
                0x0000000001000b04                onoff_request
 .text.sys_notify_finalize
                0x0000000001000bd0       0x38 zephyr/libzephyr.a(notify.c.obj)
                0x0000000001000bd0                sys_notify_finalize
 .text.stream_flash_init
                0x0000000001000c08       0xa4 zephyr/libzephyr.a(stream_flash.c.obj)
                0x0000000001000c08                stream_flash_init
 .text.boot_banner
                0x0000000001000cac       0x1c zephyr/libzephyr.a(banner.c.obj)
                0x0000000001000cac                boot_banner
 .text.z_SysNmiOnReset
                0x0000000001000cc8        0x8 zephyr/arch/arch/arm/core/libarch__arm__core.a(nmi_on_reset.S.obj)
                0x0000000001000cc8                z_SysNmiOnReset
 .text.usage_fault.constprop.0
                0x0000000001000cd0       0x5c zephyr/arch/arch/arm/core/cortex_m/libarch__arm__core__cortex_m.a(fault.c.obj)
 .text.bus_fault.constprop.0
                0x0000000001000d2c       0x60 zephyr/arch/arch/arm/core/cortex_m/libarch__arm__core__cortex_m.a(fault.c.obj)
 .text.mem_manage_fault.constprop.0
                0x0000000001000d8c       0x88 zephyr/arch/arch/arm/core/cortex_m/libarch__arm__core__cortex_m.a(fault.c.obj)
 .text.z_arm_fault
                0x0000000001000e14      0x168 zephyr/arch/arch/arm/core/cortex_m/libarch__arm__core__cortex_m.a(fault.c.obj)
                0x0000000001000e14                z_arm_fault
 .text.z_arm_fault_init
                0x0000000001000f7c       0x20 zephyr/arch/arch/arm/core/cortex_m/libarch__arm__core__cortex_m.a(fault.c.obj)
                0x0000000001000f7c                z_arm_fault_init
 .text.__fault  0x0000000001000f9c       0x14 zephyr/arch/arch/arm/core/cortex_m/libarch__arm__core__cortex_m.a(fault_s.S.obj)
                0x0000000001000f9c                z_arm_bus_fault
                0x0000000001000f9c                z_arm_usage_fault
                0x0000000001000f9c                z_arm_mpu_fault
                0x0000000001000f9c                z_arm_exc_spurious
                0x0000000001000f9c                z_arm_debug_monitor
                0x0000000001000f9c                z_arm_hard_fault
 .text._reset_section
                0x0000000001000fb0       0x60 zephyr/arch/arch/arm/core/cortex_m/libarch__arm__core__cortex_m.a(reset.S.obj)
                0x0000000001000fb0                z_arm_reset
                0x0000000001000fb0                __start
 .text.z_arm_init_arch_hw_at_boot
                0x0000000001001010       0x44 zephyr/arch/arch/arm/core/cortex_m/libarch__arm__core__cortex_m.a(scb.c.obj)
                0x0000000001001010                z_arm_init_arch_hw_at_boot
 .text.z_arm_svc
                0x0000000001001054       0x24 zephyr/arch/arch/arm/core/cortex_m/libarch__arm__core__cortex_m.a(swap_helper.S.obj)
                0x0000000001001054                z_arm_svc
 .text.arch_irq_enable
                0x0000000001001078       0x1c zephyr/arch/arch/arm/core/cortex_m/libarch__arm__core__cortex_m.a(irq_manage.c.obj)
                0x0000000001001078                arch_irq_enable
 .text.arch_irq_is_enabled
                0x0000000001001094       0x1c zephyr/arch/arch/arm/core/cortex_m/libarch__arm__core__cortex_m.a(irq_manage.c.obj)
                0x0000000001001094                arch_irq_is_enabled
 .text.z_arm_irq_priority_set
                0x00000000010010b0       0x4c zephyr/arch/arch/arm/core/cortex_m/libarch__arm__core__cortex_m.a(irq_manage.c.obj)
                0x00000000010010b0                z_arm_irq_priority_set
 .text.z_prep_c
                0x00000000010010fc       0x2c zephyr/arch/arch/arm/core/cortex_m/libarch__arm__core__cortex_m.a(prep_c.c.obj)
                0x00000000010010fc                z_prep_c
 .text.z_arm_switch_to_main_no_multithreading
                0x0000000001001128       0x40 zephyr/arch/arch/arm/core/cortex_m/libarch__arm__core__cortex_m.a(thread.c.obj)
                0x0000000001001128                z_arm_switch_to_main_no_multithreading
 .text.z_arm_cpu_idle_init
                0x0000000001001168        0xc zephyr/arch/arch/arm/core/cortex_m/libarch__arm__core__cortex_m.a(cpu_idle.c.obj)
                0x0000000001001168                z_arm_cpu_idle_init
 .text.z_arm_interrupt_init
                0x0000000001001174       0x18 zephyr/arch/arch/arm/core/cortex_m/libarch__arm__core__cortex_m.a(irq_init.c.obj)
                0x0000000001001174                z_arm_interrupt_init
 .text._isr_wrapper
                0x000000000100118c       0x24 zephyr/arch/arch/arm/core/cortex_m/libarch__arm__core__cortex_m.a(isr_wrapper.c.obj)
                0x000000000100118c                _isr_wrapper
 .text.z_impl_zephyr_fputc
                0x00000000010011b0       0x10 zephyr/lib/libc/picolibc/liblib__libc__picolibc.a(stdio.c.obj)
                0x00000000010011b0                z_impl_zephyr_fputc
 .text.__stdout_hook_install
                0x00000000010011c0       0x18 zephyr/lib/libc/picolibc/liblib__libc__picolibc.a(stdio.c.obj)
                0x00000000010011c0                __stdout_hook_install
 .text.malloc_prepare
                0x00000000010011d8       0x24 zephyr/lib/libc/common/liblib__libc__common.a(malloc.c.obj)
 .text.rtc_pretick_finish_previous
                0x00000000010011fc       0x24 zephyr/soc/soc/nrf5340/libsoc__nordic.a(soc.c.obj)
 .text.nordicsemi_nrf53_init
                0x0000000001001220       0x10 zephyr/soc/soc/nrf5340/libsoc__nordic.a(soc.c.obj)
 .text.rtc_pretick_init
                0x0000000001001230       0xa4 zephyr/soc/soc/nrf5340/libsoc__nordic.a(soc.c.obj)
 .text.z_arm_on_enter_cpu_idle_prepare
                0x00000000010012d4       0xfc zephyr/soc/soc/nrf5340/libsoc__nordic.a(soc.c.obj)
                0x00000000010012d4                z_arm_on_enter_cpu_idle_prepare
 .text.z_arm_on_enter_cpu_idle
                0x00000000010013d0       0x9c zephyr/soc/soc/nrf5340/libsoc__nordic.a(soc.c.obj)
                0x00000000010013d0                z_arm_on_enter_cpu_idle
 .text.arch_busy_wait
                0x000000000100146c       0x14 zephyr/soc/soc/nrf5340/libsoc__nordic.a(soc.c.obj)
                0x000000000100146c                arch_busy_wait
 .text.sys_arch_reboot
                0x0000000001001480       0x24 zephyr/soc/soc/nrf5340/libsoc__nordic.a(reboot.c.obj)
                0x0000000001001480                sys_arch_reboot
 .text.onoff_start
                0x00000000010014a4       0x44 zephyr/drivers/clock_control/libdrivers__clock_control.a(clock_control_nrf.c.obj)
 .text.get_status
                0x00000000010014e8       0x34 zephyr/drivers/clock_control/libdrivers__clock_control.a(clock_control_nrf.c.obj)
 .text.stop     0x000000000100151c       0x74 zephyr/drivers/clock_control/libdrivers__clock_control.a(clock_control_nrf.c.obj)
 .text.onoff_stop
                0x0000000001001590       0x30 zephyr/drivers/clock_control/libdrivers__clock_control.a(clock_control_nrf.c.obj)
 .text.clk_init
                0x00000000010015c0       0x58 zephyr/drivers/clock_control/libdrivers__clock_control.a(clock_control_nrf.c.obj)
 .text.generic_hfclk_stop
                0x0000000001001618       0x34 zephyr/drivers/clock_control/libdrivers__clock_control.a(clock_control_nrf.c.obj)
 .text.clkstarted_handle.constprop.0
                0x000000000100164c       0x4c zephyr/drivers/clock_control/libdrivers__clock_control.a(clock_control_nrf.c.obj)
 .text.clock_event_handler
                0x0000000001001698       0x54 zephyr/drivers/clock_control/libdrivers__clock_control.a(clock_control_nrf.c.obj)
 .text.generic_hfclk_start
                0x00000000010016ec       0x7c zephyr/drivers/clock_control/libdrivers__clock_control.a(clock_control_nrf.c.obj)
 .text.z_nrf_clock_control_lf_on
                0x0000000001001768      0x120 zephyr/drivers/clock_control/libdrivers__clock_control.a(clock_control_nrf.c.obj)
                0x0000000001001768                z_nrf_clock_control_lf_on
 .text.uart_console_init
                0x0000000001001888       0x28 zephyr/drivers/console/libdrivers__console.a(uart_console.c.obj)
 .text.console_out
                0x00000000010018b0       0x28 zephyr/drivers/console/libdrivers__console.a(uart_console.c.obj)
 .text.flash_nrf_pages_layout
                0x00000000010018d8       0x10 zephyr/drivers/flash/libdrivers__flash.a(soc_flash_nrf.c.obj)
 .text.flash_nrf_get_parameters
                0x00000000010018e8        0x8 zephyr/drivers/flash/libdrivers__flash.a(soc_flash_nrf.c.obj)
 .text.nrf_flash_init
                0x00000000010018f0       0x18 zephyr/drivers/flash/libdrivers__flash.a(soc_flash_nrf.c.obj)
 .text.flash_nrf_write
                0x0000000001001908       0x50 zephyr/drivers/flash/libdrivers__flash.a(soc_flash_nrf.c.obj)
 .text.nrf_gpio_pin_port_decode
                0x0000000001001958       0x58 zephyr/drivers/pinctrl/libdrivers__pinctrl.a(pinctrl_nrf.c.obj)
 .text.pinctrl_configure_pins
                0x00000000010019b0       0xe4 zephyr/drivers/pinctrl/libdrivers__pinctrl.a(pinctrl_nrf.c.obj)
                0x00000000010019b0                pinctrl_configure_pins
 .text.uarte_nrfx_poll_out
                0x0000000001001a94       0xac zephyr/drivers/serial/libdrivers__serial.a(uart_nrfx_uarte.c.obj)
 .text.uarte_0_init
                0x0000000001001b40      0x10c zephyr/drivers/serial/libdrivers__serial.a(uart_nrfx_uarte.c.obj)
 .text.z_nrf_rtc_timer_read
                0x0000000001001c4c       0x44 zephyr/drivers/timer/libdrivers__timer.a(nrf_rtc_timer.c.obj)
                0x0000000001001c4c                z_nrf_rtc_timer_read
 .text.rtc_nrf_isr
                0x0000000001001c90       0xd4 zephyr/drivers/timer/libdrivers__timer.a(nrf_rtc_timer.c.obj)
                0x0000000001001c90                rtc_nrf_isr
 .text.compare_set.constprop.0.isra.0
                0x0000000001001d64      0x168 zephyr/drivers/timer/libdrivers__timer.a(nrf_rtc_timer.c.obj)
 .text.sys_clock_driver_init
                0x0000000001001ecc       0x80 zephyr/drivers/timer/libdrivers__timer.a(nrf_rtc_timer.c.obj)
 .text.sys_clock_timeout_handler
                0x0000000001001f4c       0x60 zephyr/drivers/timer/libdrivers__timer.a(nrf_rtc_timer.c.obj)
 .text.find_free_region
                0x0000000001001fac       0x3c modules/nrf/lib/fprotect/lib..__nrf__lib__fprotect.a(fprotect_acl.c.obj)
 .text.fprotect_set_permission
                0x0000000001001fe8      0x120 modules/nrf/lib/fprotect/lib..__nrf__lib__fprotect.a(fprotect_acl.c.obj)
 .text.bl_boot  0x0000000001002108      0x160 modules/nrf/subsys/bootloader/bl_boot/lib..__nrf__subsys__bootloader__bl_boot.a(bl_boot.c.obj)
                0x0000000001002108                bl_boot
 .text.fw_info_check
                0x0000000001002268       0x28 modules/nrf/subsys/bootloader/bl_validation/lib..__nrf__subsys__bootloader__bl_validation.a(bl_validation.c.obj)
 .text.fw_info_find
                0x0000000001002290       0x20 modules/nrf/subsys/bootloader/bl_validation/lib..__nrf__subsys__bootloader__bl_validation.a(bl_validation.c.obj)
 .text.get_monotonic_version
                0x00000000010022b0       0x38 modules/nrf/subsys/bootloader/bl_validation/lib..__nrf__subsys__bootloader__bl_validation.a(bl_validation.c.obj)
                0x00000000010022b0                get_monotonic_version
 .text.validate_firmware
                0x00000000010022e8      0x22c modules/nrf/subsys/bootloader/bl_validation/lib..__nrf__subsys__bootloader__bl_validation.a(bl_validation.c.obj)
 .text.get_counter_struct
                0x0000000001002514       0x60 modules/nrf/subsys/bootloader/bl_storage/lib..__nrf__subsys__bootloader__bl_storage.a(bl_storage.c.obj)
 .text.s0_address_read
                0x0000000001002574        0xc modules/nrf/subsys/bootloader/bl_storage/lib..__nrf__subsys__bootloader__bl_storage.a(bl_storage.c.obj)
                0x0000000001002574                s0_address_read
 .text.pcd_fw_copy_invalidate
                0x0000000001002580       0x10 modules/nrf/subsys/pcd/lib..__nrf__subsys__pcd.a(pcd.c.obj)
                0x0000000001002580                pcd_fw_copy_invalidate
 .text.pcd_fw_copy_status_get
                0x0000000001002590       0x48 modules/nrf/subsys/pcd/lib..__nrf__subsys__pcd.a(pcd.c.obj)
                0x0000000001002590                pcd_fw_copy_status_get
 .text.pcd_fw_copy
                0x00000000010025d8       0x4c modules/nrf/subsys/pcd/lib..__nrf__subsys__pcd.a(pcd.c.obj)
                0x00000000010025d8                pcd_fw_copy
 .text.pcd_done
                0x0000000001002624       0x10 modules/nrf/subsys/pcd/lib..__nrf__subsys__pcd.a(pcd.c.obj)
                0x0000000001002624                pcd_done
 .text.check_ext_api_requests
                0x0000000001002634       0xa0 modules/nrf/subsys/fw_info/lib..__nrf__subsys__fw_info.a(fw_info.c.obj)
 .text.fw_info_ext_api_provide
                0x00000000010026d4       0xe0 modules/nrf/subsys/fw_info/lib..__nrf__subsys__fw_info.a(fw_info.c.obj)
                0x00000000010026d4                fw_info_ext_api_provide
 .text.SystemInit
                0x00000000010027b4       0xd0 modules/hal_nordic/modules/hal_nordic/nrfx/libmodules__hal_nordic__nrfx.a(system_nrf5340_network.c.obj)
                0x00000000010027b4                SystemInit
 .text.nrfx_flag32_alloc
                0x0000000001002884       0x40 modules/hal_nordic/modules/hal_nordic/nrfx/libmodules__hal_nordic__nrfx.a(nrfx_flag32_allocator.c.obj)
                0x0000000001002884                nrfx_flag32_alloc
 .text.nrfx_gppi_channels_enable
                0x00000000010028c4        0xc modules/hal_nordic/modules/hal_nordic/nrfx/libmodules__hal_nordic__nrfx.a(nrfx_gppi_dppi.c.obj)
                0x00000000010028c4                nrfx_gppi_channels_enable
 .text.nrfx_gppi_event_endpoint_setup
                0x00000000010028d0       0x28 modules/hal_nordic/modules/hal_nordic/nrfx/libmodules__hal_nordic__nrfx.a(nrfx_gppi_dppi.c.obj)
                0x00000000010028d0                nrfx_gppi_event_endpoint_setup
 .text.nrfx_gppi_task_endpoint_setup
                0x00000000010028f8       0x28 modules/hal_nordic/modules/hal_nordic/nrfx/libmodules__hal_nordic__nrfx.a(nrfx_gppi_dppi.c.obj)
                0x00000000010028f8                nrfx_gppi_task_endpoint_setup
 .text.nrfx_gppi_channel_alloc
                0x0000000001002920        0xc modules/hal_nordic/modules/hal_nordic/nrfx/libmodules__hal_nordic__nrfx.a(nrfx_gppi_dppi.c.obj)
                0x0000000001002920                nrfx_gppi_channel_alloc
 .text.clock_stop
                0x000000000100292c       0xe8 modules/hal_nordic/modules/hal_nordic/nrfx/libmodules__hal_nordic__nrfx.a(nrfx_clock.c.obj)
 .text.nrfx_clock_init
                0x0000000001002a14       0x20 modules/hal_nordic/modules/hal_nordic/nrfx/libmodules__hal_nordic__nrfx.a(nrfx_clock.c.obj)
                0x0000000001002a14                nrfx_clock_init
 .text.nrfx_clock_enable
                0x0000000001002a34       0x50 modules/hal_nordic/modules/hal_nordic/nrfx/libmodules__hal_nordic__nrfx.a(nrfx_clock.c.obj)
                0x0000000001002a34                nrfx_clock_enable
 .text.nrfx_clock_start
                0x0000000001002a84       0xe8 modules/hal_nordic/modules/hal_nordic/nrfx/libmodules__hal_nordic__nrfx.a(nrfx_clock.c.obj)
                0x0000000001002a84                nrfx_clock_start
 .text.nrfx_clock_stop
                0x0000000001002b6c       0x34 modules/hal_nordic/modules/hal_nordic/nrfx/libmodules__hal_nordic__nrfx.a(nrfx_clock.c.obj)
                0x0000000001002b6c                nrfx_clock_stop
 .text.nrfx_power_clock_irq_handler
                0x0000000001002ba0       0x94 modules/hal_nordic/modules/hal_nordic/nrfx/libmodules__hal_nordic__nrfx.a(nrfx_clock.c.obj)
                0x0000000001002ba0                nrfx_power_clock_irq_handler
 .text.nrfx_dppi_channel_alloc
                0x0000000001002c34       0x10 modules/hal_nordic/modules/hal_nordic/nrfx/libmodules__hal_nordic__nrfx.a(nrfx_dppi.c.obj)
                0x0000000001002c34                nrfx_dppi_channel_alloc
 .text.nvmc_word_write
                0x0000000001002c44       0x18 modules/hal_nordic/modules/hal_nordic/nrfx/libmodules__hal_nordic__nrfx.a(nrfx_nvmc.c.obj)
 .text.nrfx_nvmc_page_erase
                0x0000000001002c5c       0x60 modules/hal_nordic/modules/hal_nordic/nrfx/libmodules__hal_nordic__nrfx.a(nrfx_nvmc.c.obj)
                0x0000000001002c5c                nrfx_nvmc_page_erase
 .text.nrfx_nvmc_word_write
                0x0000000001002cbc       0x5c modules/hal_nordic/modules/hal_nordic/nrfx/libmodules__hal_nordic__nrfx.a(nrfx_nvmc.c.obj)
                0x0000000001002cbc                nrfx_nvmc_word_write
 .text.nrfx_nvmc_otp_halfword_read
                0x0000000001002d18       0x34 modules/hal_nordic/modules/hal_nordic/nrfx/libmodules__hal_nordic__nrfx.a(nrfx_nvmc.c.obj)
                0x0000000001002d18                nrfx_nvmc_otp_halfword_read
 .text.z_device_state_init
                0x0000000001002d4c       0x34 zephyr/kernel/libkernel.a(device.c.obj)
                0x0000000001002d4c                z_device_state_init
 .text.z_fatal_error
                0x0000000001002d80       0x40 zephyr/kernel/libkernel.a(fatal.c.obj)
                0x0000000001002d80                z_fatal_error
 .text.z_sys_init_run_level
                0x0000000001002dc0       0x2c zephyr/kernel/libkernel.a(init.c.obj)
 .text.bg_thread_main
                0x0000000001002dec       0x34 zephyr/kernel/libkernel.a(init.c.obj)
 .text.z_bss_zero
                0x0000000001002e20       0x18 zephyr/kernel/libkernel.a(init.c.obj)
                0x0000000001002e20                z_bss_zero
 .text.z_cstart
                0x0000000001002e38       0x70 zephyr/kernel/libkernel.a(init.c.obj)
                0x0000000001002e38                z_cstart
 .text.z_data_copy
                0x0000000001002ea8       0x38 zephyr/kernel/libkernel.a(xip.c.obj)
                0x0000000001002ea8                z_data_copy
 .text.first    0x0000000001002ee0       0x10 zephyr/kernel/libkernel.a(timeout.c.obj)
 .text.elapsed  0x0000000001002ef0       0x14 zephyr/kernel/libkernel.a(timeout.c.obj)
 .text.remove_timeout
                0x0000000001002f04       0x38 zephyr/kernel/libkernel.a(timeout.c.obj)
 .text.sys_clock_announce
                0x0000000001002f3c       0xb8 zephyr/kernel/libkernel.a(timeout.c.obj)
                0x0000000001002f3c                sys_clock_announce
 .text.sha256_blocks
                0x0000000001002ff4       0xbc /opt/nordic/ncs/v3.0.2/nrfxlib/crypto/nrf_oberon/lib/cortex-m33+nodsp/soft-float/liboberon_3.0.16.a(ocrypto_sha256.c.obj)
 .text.sha256_blocks.constprop.0
                0x00000000010030b0       0x74 /opt/nordic/ncs/v3.0.2/nrfxlib/crypto/nrf_oberon/lib/cortex-m33+nodsp/soft-float/liboberon_3.0.16.a(ocrypto_sha256.c.obj)
 .text.ocrypto_sha256
                0x0000000001003124      0x468 /opt/nordic/ncs/v3.0.2/nrfxlib/crypto/nrf_oberon/lib/cortex-m33+nodsp/soft-float/liboberon_3.0.16.a(ocrypto_sha256.c.obj)
                0x0000000001003124                ocrypto_sha256
 .text.__l_vfprintf
                0x000000000100358c      0x4b4 /opt/nordic/ncs/toolchains/ef4fc6722e/opt/zephyr-sdk/arm-zephyr-eabi/bin/../lib/gcc/../../picolibc/arm-zephyr-eabi/lib/thumb/v8-m.main/nofp/libc.a(libc_tinystdio_vflprintf.c.o)
                0x000000000100358c                __l_vfprintf
 .text._OffsetAbsSyms
                0x0000000001003a40        0x2 zephyr/CMakeFiles/offsets.dir/./arch/arm/core/offsets/offsets.c.obj
                0x0000000001003a40                _OffsetAbsSyms
 .text.chunk_field
                0x0000000001003a42       0x16 zephyr/libzephyr.a(heap.c.obj)
 .text.chunk_set
                0x0000000001003a58       0x16 zephyr/libzephyr.a(heap.c.obj)
 .text.chunk_size
                0x0000000001003a6e        0xc zephyr/libzephyr.a(heap.c.obj)
 .text.set_chunk_used
                0x0000000001003a7a       0x30 zephyr/libzephyr.a(heap.c.obj)
 .text.set_chunk_size
                0x0000000001003aaa        0x8 zephyr/libzephyr.a(heap.c.obj)
 .text.bytes_to_chunksz.isra.0
                0x0000000001003ab2       0x12 zephyr/libzephyr.a(heap.c.obj)
 .text.bucket_idx.isra.0
                0x0000000001003ac4       0x18 zephyr/libzephyr.a(heap.c.obj)
 .text.free_list_add
                0x0000000001003adc       0x84 zephyr/libzephyr.a(heap.c.obj)
 .text.arch_printk_char_out
                0x0000000001003b60        0x4 zephyr/libzephyr.a(printk.c.obj)
                0x0000000001003b60                arch_printk_char_out
 .text.printk   0x0000000001003b64       0x1a zephyr/libzephyr.a(printk.c.obj)
                0x0000000001003b64                printk
 .text.assert_post_action
                0x0000000001003b7e       0x12 zephyr/libzephyr.a(assert.c.obj)
                0x0000000001003b7e                assert_post_action
 .text.assert_print
                0x0000000001003b90       0x1a zephyr/libzephyr.a(assert.c.obj)
                0x0000000001003b90                assert_print
 .text.process_recheck
                0x0000000001003baa       0x38 zephyr/libzephyr.a(onoff.c.obj)
 .text.validate_args
                0x0000000001003be2       0x20 zephyr/libzephyr.a(onoff.c.obj)
 .text.notify_one
                0x0000000001003c02       0x2c zephyr/libzephyr.a(onoff.c.obj)
 .text.transition_complete
                0x0000000001003c2e       0x1a zephyr/libzephyr.a(onoff.c.obj)
 .text.onoff_manager_init
                0x0000000001003c48       0x26 zephyr/libzephyr.a(onoff.c.obj)
                0x0000000001003c48                onoff_manager_init
 .text.sys_notify_validate
                0x0000000001003c6e       0x22 zephyr/libzephyr.a(notify.c.obj)
                0x0000000001003c6e                sys_notify_validate
 .text._ConfigAbsSyms
                0x0000000001003c90        0x2 zephyr/libzephyr.a(configs.c.obj)
                0x0000000001003c90                _ConfigAbsSyms
 .text.z_log_minimal_printk
                0x0000000001003c92       0x1a zephyr/libzephyr.a(log_minimal.c.obj)
                0x0000000001003c92                z_log_minimal_printk
 .text.find_flash_total_size
                0x0000000001003cac       0x18 zephyr/libzephyr.a(stream_flash.c.obj)
 .text.stream_flash_erase_page
                0x0000000001003cc4       0x50 zephyr/libzephyr.a(stream_flash.c.obj)
                0x0000000001003cc4                stream_flash_erase_page
 .text.flash_sync
                0x0000000001003d14       0x8c zephyr/libzephyr.a(stream_flash.c.obj)
 .text.stream_flash_buffered_write
                0x0000000001003da0       0x88 zephyr/libzephyr.a(stream_flash.c.obj)
                0x0000000001003da0                stream_flash_buffered_write
 .text.z_arm_fatal_error
                0x0000000001003e28        0xc zephyr/arch/arch/arm/core/libarch__arm__core.a(fatal.c.obj)
                0x0000000001003e28                z_arm_fatal_error
 .text.z_do_kernel_oops
                0x0000000001003e34        0x8 zephyr/arch/arch/arm/core/libarch__arm__core.a(fatal.c.obj)
                0x0000000001003e34                z_do_kernel_oops
 .text.z_arm_nmi
                0x0000000001003e3c        0xe zephyr/arch/arch/arm/core/libarch__arm__core.a(nmi.c.obj)
                0x0000000001003e3c                z_arm_nmi
 .text._HandlerModeExit
                0x0000000001003e4a        0x2 zephyr/arch/arch/arm/core/cortex_m/libarch__arm__core__cortex_m.a(exc_exit.c.obj)
                0x0000000001003e4a                z_arm_exc_exit
                0x0000000001003e4a                z_arm_int_exit
 .text.z_irq_spurious
                0x0000000001003e4c        0x8 zephyr/arch/arch/arm/core/cortex_m/libarch__arm__core__cortex_m.a(irq_manage.c.obj)
                0x0000000001003e4c                z_irq_spurious
 .text.arch_irq_unlock_outlined
                0x0000000001003e54        0xe zephyr/arch/arch/arm/core/cortex_m/libarch__arm__core__cortex_m.a(thread.c.obj)
                0x0000000001003e54                arch_irq_unlock_outlined
 .text.arch_irq_lock_outlined
                0x0000000001003e62       0x10 zephyr/arch/arch/arm/core/cortex_m/libarch__arm__core__cortex_m.a(thread.c.obj)
                0x0000000001003e62                arch_irq_lock_outlined
 .text.arch_cpu_atomic_idle
                0x0000000001003e72       0x3c zephyr/arch/arch/arm/core/cortex_m/libarch__arm__core__cortex_m.a(cpu_idle.c.obj)
                0x0000000001003e72                arch_cpu_atomic_idle
 .text.picolibc_put
                0x0000000001003eae        0xa zephyr/lib/libc/picolibc/liblib__libc__picolibc.a(stdio.c.obj)
 .text.rtc_ticks_to_next_event_get
                0x0000000001003eb8       0x5e zephyr/soc/soc/nrf5340/libsoc__nordic.a(soc.c.obj)
 .text.rtc_pretick_rtc1_isr_hook
                0x0000000001003f16        0x4 zephyr/soc/soc/nrf5340/libsoc__nordic.a(soc.c.obj)
                0x0000000001003f16                rtc_pretick_rtc1_isr_hook
 .text.async_start
                0x0000000001003f1a       0x5a zephyr/drivers/clock_control/libdrivers__clock_control.a(clock_control_nrf.c.obj)
 .text.api_start
                0x0000000001003f74        0xe zephyr/drivers/clock_control/libdrivers__clock_control.a(clock_control_nrf.c.obj)
 .text.api_blocking_start
                0x0000000001003f82        0x6 zephyr/drivers/clock_control/libdrivers__clock_control.a(clock_control_nrf.c.obj)
 .text.onoff_started_callback
                0x0000000001003f88       0x12 zephyr/drivers/clock_control/libdrivers__clock_control.a(clock_control_nrf.c.obj)
 .text.lfclk_start
                0x0000000001003f9a        0x6 zephyr/drivers/clock_control/libdrivers__clock_control.a(clock_control_nrf.c.obj)
 .text.lfclk_stop
                0x0000000001003fa0        0x6 zephyr/drivers/clock_control/libdrivers__clock_control.a(clock_control_nrf.c.obj)
 .text.api_stop
                0x0000000001003fa6        0x6 zephyr/drivers/clock_control/libdrivers__clock_control.a(clock_control_nrf.c.obj)
 .text.flash_get_page_info
                0x0000000001003fac       0x62 zephyr/drivers/flash/libdrivers__flash.a(flash_page_layout.c.obj)
 .text.z_impl_flash_get_page_info_by_offs
                0x000000000100400e        0x8 zephyr/drivers/flash/libdrivers__flash.a(flash_page_layout.c.obj)
                0x000000000100400e                z_impl_flash_get_page_info_by_offs
 .text.flash_page_foreach
                0x0000000001004016       0x58 zephyr/drivers/flash/libdrivers__flash.a(flash_page_layout.c.obj)
                0x0000000001004016                flash_page_foreach
 .text.flash_nrf_get_size
                0x000000000100406e       0x12 zephyr/drivers/flash/libdrivers__flash.a(soc_flash_nrf.c.obj)
 .text.is_regular_addr_valid
                0x0000000001004080       0x22 zephyr/drivers/flash/libdrivers__flash.a(soc_flash_nrf.c.obj)
 .text.flash_nrf_erase
                0x00000000010040a2       0x50 zephyr/drivers/flash/libdrivers__flash.a(soc_flash_nrf.c.obj)
 .text.flash_nrf_read
                0x00000000010040f2       0x2a zephyr/drivers/flash/libdrivers__flash.a(soc_flash_nrf.c.obj)
 .text.pinctrl_lookup_state
                0x000000000100411c       0x26 zephyr/drivers/pinctrl/libdrivers__pinctrl.a(common.c.obj)
                0x000000000100411c                pinctrl_lookup_state
 .text.uarte_nrfx_err_check
                0x0000000001004142        0xe zephyr/drivers/serial/libdrivers__serial.a(uart_nrfx_uarte.c.obj)
 .text.uarte_nrfx_poll_in
                0x0000000001004150       0x26 zephyr/drivers/serial/libdrivers__serial.a(uart_nrfx_uarte.c.obj)
 .text.is_tx_ready.isra.0
                0x0000000001004176       0x20 zephyr/drivers/serial/libdrivers__serial.a(uart_nrfx_uarte.c.obj)
 .text.uarte_nrfx_isr_int
                0x0000000001004196       0x42 zephyr/drivers/serial/libdrivers__serial.a(uart_nrfx_uarte.c.obj)
 .text.sys_clock_set_timeout
                0x00000000010041d8        0x2 zephyr/drivers/timer/libdrivers__timer.a(nrf_rtc_timer.c.obj)
                0x00000000010041d8                sys_clock_set_timeout
 .text.sys_clock_elapsed
                0x00000000010041da        0x4 zephyr/drivers/timer/libdrivers__timer.a(nrf_rtc_timer.c.obj)
                0x00000000010041da                sys_clock_elapsed
 .text.sys_clock_cycle_get_32
                0x00000000010041de        0x8 zephyr/drivers/timer/libdrivers__timer.a(nrf_rtc_timer.c.obj)
                0x00000000010041de                sys_clock_cycle_get_32
 .text.fprotect_area
                0x00000000010041e6        0x6 modules/nrf/lib/fprotect/lib..__nrf__lib__fprotect.a(fprotect_acl.c.obj)
                0x00000000010041e6                fprotect_area
 .text.k_sys_fatal_error_handler
                0x00000000010041ec        0x8 modules/nrf/lib/fatal_error/lib..__nrf__lib__fatal_error.a(fatal_error.c.obj)
                0x00000000010041ec                k_sys_fatal_error_handler
 .text.crypto_init_signing
                0x00000000010041f4        0x4 modules/nrf/subsys/bootloader/bl_crypto/lib..__nrf__subsys__bootloader__bl_crypto.a(bl_crypto.c.obj)
                0x00000000010041f4                crypto_init_signing
 .text.crypto_init_hash
                0x00000000010041f8        0x4 modules/nrf/subsys/bootloader/bl_crypto/lib..__nrf__subsys__bootloader__bl_crypto.a(bl_crypto.c.obj)
                0x00000000010041f8                crypto_init_hash
 .text.bl_crypto_init
                0x00000000010041fc        0xe modules/nrf/subsys/bootloader/bl_crypto/lib..__nrf__subsys__bootloader__bl_crypto.a(bl_crypto.c.obj)
                0x00000000010041fc                bl_crypto_init
 .text.bl_sha256_verify
                0x000000000100420a       0x2e modules/nrf/subsys/bootloader/bl_crypto/lib..__nrf__subsys__bootloader__bl_crypto.a(bl_crypto.c.obj)
                0x000000000100420a                bl_sha256_verify
 .text.get_hash
                0x0000000001004238        0xa modules/nrf/subsys/bootloader/bl_crypto/lib..__nrf__subsys__bootloader__bl_crypto.a(bl_crypto_oberon_hash.c.obj)
                0x0000000001004238                get_hash
 .text.bl_validate_firmware
                0x0000000001004242       0x1c modules/nrf/subsys/bootloader/bl_validation/lib..__nrf__subsys__bootloader__bl_validation.a(bl_validation.c.obj)
                0x0000000001004242                bl_validate_firmware
 .text.get_counter
                0x000000000100425e       0x58 modules/nrf/subsys/bootloader/bl_storage/lib..__nrf__subsys__bootloader__bl_storage.a(bl_storage.c.obj)
                0x000000000100425e                get_counter
 .text.get_monotonic_counter
                0x00000000010042b6        0x6 modules/nrf/subsys/bootloader/bl_storage/lib..__nrf__subsys__bootloader__bl_storage.a(bl_storage.c.obj)
                0x00000000010042b6                get_monotonic_counter
 .text.pcd_cmd_data_ptr_get
                0x00000000010042bc        0x8 modules/nrf/subsys/pcd/lib..__nrf__subsys__pcd.a(pcd.c.obj)
                0x00000000010042bc                pcd_cmd_data_ptr_get
 .text.skip_ext_apis
                0x00000000010042c4       0x16 modules/nrf/subsys/fw_info/lib..__nrf__subsys__fw_info.a(fw_info.c.obj)
                0x00000000010042c4                skip_ext_apis
 .text.nrfx_isr
                0x00000000010042da        0x2 modules/hal_nordic/modules/hal_nordic/nrfx/libmodules__hal_nordic__nrfx.a(nrfx_glue.c.obj)
                0x00000000010042da                nrfx_isr
 .text.nrfx_busy_wait
                0x00000000010042dc        0x4 modules/hal_nordic/modules/hal_nordic/nrfx/libmodules__hal_nordic__nrfx.a(nrfx_glue.c.obj)
                0x00000000010042dc                nrfx_busy_wait
 .text.nrfx_gppi_channel_endpoints_setup
                0x00000000010042e0       0x16 modules/hal_nordic/modules/hal_nordic/nrfx/libmodules__hal_nordic__nrfx.a(nrfx_gppi_dppi.c.obj)
                0x00000000010042e0                nrfx_gppi_channel_endpoints_setup
 .text.is_valid_address
                0x00000000010042f6       0x28 modules/hal_nordic/modules/hal_nordic/nrfx/libmodules__hal_nordic__nrfx.a(nrfx_nvmc.c.obj)
 .text.nrfx_nvmc_flash_size_get
                0x000000000100431e        0x6 modules/hal_nordic/modules/hal_nordic/nrfx/libmodules__hal_nordic__nrfx.a(nrfx_nvmc.c.obj)
                0x000000000100431e                nrfx_nvmc_flash_size_get
 .text.nrfx_nvmc_flash_page_size_get
                0x0000000001004324        0x6 modules/hal_nordic/modules/hal_nordic/nrfx/libmodules__hal_nordic__nrfx.a(nrfx_nvmc.c.obj)
                0x0000000001004324                nrfx_nvmc_flash_page_size_get
 .text.nrfx_nvmc_flash_page_count_get
                0x000000000100432a        0x4 modules/hal_nordic/modules/hal_nordic/nrfx/libmodules__hal_nordic__nrfx.a(nrfx_nvmc.c.obj)
                0x000000000100432a                nrfx_nvmc_flash_page_count_get
 .text.z_impl_k_busy_wait
                0x000000000100432e        0x8 zephyr/kernel/libkernel.a(busy_wait.c.obj)
                0x000000000100432e                z_impl_k_busy_wait
 .text.z_impl_device_is_ready
                0x0000000001004336       0x16 zephyr/kernel/libkernel.a(device.c.obj)
                0x0000000001004336                z_impl_device_is_ready
 .text.do_device_init
                0x000000000100434c       0x30 zephyr/kernel/libkernel.a(init.c.obj)
 .text.z_early_memset
                0x000000000100437c        0x4 zephyr/kernel/libkernel.a(init.c.obj)
                0x000000000100437c                z_early_memset
 .text.z_early_memcpy
                0x0000000001004380        0x4 zephyr/kernel/libkernel.a(init.c.obj)
                0x0000000001004380                z_early_memcpy
 .text.z_init_static
                0x0000000001004384        0x2 zephyr/kernel/libkernel.a(init_static.c.obj)
                0x0000000001004384                z_init_static
 .text.k_is_in_isr
                0x0000000001004386        0xc zephyr/kernel/libkernel.a(nothread.c.obj)
                0x0000000001004386                k_is_in_isr
 .text.next_timeout
                0x0000000001004392       0x32 zephyr/kernel/libkernel.a(timeout.c.obj)
 .text.memcpy   0x00000000010043c4       0x1a /opt/nordic/ncs/toolchains/ef4fc6722e/opt/zephyr-sdk/arm-zephyr-eabi/bin/../lib/gcc/../../picolibc/arm-zephyr-eabi/lib/thumb/v8-m.main/nofp/libc.a(memcpy.c.o)
                0x00000000010043c4                memcpy
                0x00000000010043c4                __aeabi_memcpy
                0x00000000010043c4                __aeabi_memcpy4
                0x00000000010043c4                __aeabi_memcpy8
 .text.memset   0x00000000010043de       0x10 /opt/nordic/ncs/toolchains/ef4fc6722e/opt/zephyr-sdk/arm-zephyr-eabi/bin/../lib/gcc/../../picolibc/arm-zephyr-eabi/lib/thumb/v8-m.main/nofp/libc.a(memset.c.o)
                0x00000000010043de                memset
 .text.memcmp   0x00000000010043ee       0x20 /opt/nordic/ncs/toolchains/ef4fc6722e/opt/zephyr-sdk/arm-zephyr-eabi/bin/../lib/gcc/../../picolibc/arm-zephyr-eabi/lib/thumb/v8-m.main/nofp/libc.a(libc_string_memcmp.c.o)
                0x00000000010043ee                memcmp
 .text.strnlen  0x000000000100440e       0x18 /opt/nordic/ncs/toolchains/ef4fc6722e/opt/zephyr-sdk/arm-zephyr-eabi/bin/../lib/gcc/../../picolibc/arm-zephyr-eabi/lib/thumb/v8-m.main/nofp/libc.a(libc_string_strnlen.c.o)
                0x000000000100440e                strnlen
 .text.__ultoa_invert
                0x0000000001004426       0xac /opt/nordic/ncs/toolchains/ef4fc6722e/opt/zephyr-sdk/arm-zephyr-eabi/bin/../lib/gcc/../../picolibc/arm-zephyr-eabi/lib/thumb/v8-m.main/nofp/libc.a(libc_tinystdio_vflprintf.c.o)
 *(SORT_BY_ALIGNMENT(.TEXT.*))
 *(SORT_BY_ALIGNMENT(.gnu.linkonce.t.*))
 *(SORT_BY_ALIGNMENT(.glue_7t))
 .glue_7t       0x00000000010044d2        0x0 linker stubs
 *(SORT_BY_ALIGNMENT(.glue_7))
 .glue_7        0x00000000010044d2        0x0 linker stubs
 *(SORT_BY_ALIGNMENT(.vfp11_veneer))
 .vfp11_veneer  0x00000000010044d2        0x0 linker stubs
 *(SORT_BY_ALIGNMENT(.v4_bx))
 .v4_bx         0x00000000010044d2        0x0 linker stubs
                0x00000000010044d4                . = ALIGN (0x4)
 *fill*         0x00000000010044d2        0x2 
                0x00000000010044d4                __text_region_end = .

.ARM.exidx      0x00000000010044d4        0x0
                0x00000000010044d4                __exidx_start = .
 *(SORT_BY_ALIGNMENT(.ARM.exidx*) SORT_BY_ALIGNMENT(gnu.linkonce.armexidx.*))
                0x00000000010044d4                __exidx_end = .
                0x00000000010044d4                __rodata_region_start = .

initlevel       0x00000000010044d4       0x48
                0x00000000010044d4                __init_start = .
                0x00000000010044d4                __init_EARLY_start = .
 *(SORT_BY_NAME(SORT_BY_ALIGNMENT(.z_init_EARLY?_*)))
 *(SORT_BY_NAME(SORT_BY_ALIGNMENT(.z_init_EARLY??_*)))
                0x00000000010044d4                __init_PRE_KERNEL_1_start = .
 *(SORT_BY_NAME(SORT_BY_ALIGNMENT(.z_init_PRE_KERNEL_1?_*)))
 .z_init_PRE_KERNEL_10_0_
                0x00000000010044d4        0x8 zephyr/soc/soc/nrf5340/libsoc__nordic.a(soc.c.obj)
 *(SORT_BY_NAME(SORT_BY_ALIGNMENT(.z_init_PRE_KERNEL_1??_*)))
 .z_init_PRE_KERNEL_130_00045_
                0x00000000010044dc        0x8 zephyr/drivers/clock_control/libdrivers__clock_control.a(clock_control_nrf.c.obj)
 .z_init_PRE_KERNEL_150_00066_
                0x00000000010044e4        0x8 zephyr/drivers/serial/libdrivers__serial.a(uart_nrfx_uarte.c.obj)
 .z_init_PRE_KERNEL_160_0_
                0x00000000010044ec        0x8 zephyr/drivers/console/libdrivers__console.a(uart_console.c.obj)
                0x00000000010044f4                __init_PRE_KERNEL_2_start = .
 *(SORT_BY_NAME(SORT_BY_ALIGNMENT(.z_init_PRE_KERNEL_2?_*)))
 .z_init_PRE_KERNEL_20_0_
                0x00000000010044f4        0x8 zephyr/drivers/timer/libdrivers__timer.a(nrf_rtc_timer.c.obj)
 *(SORT_BY_NAME(SORT_BY_ALIGNMENT(.z_init_PRE_KERNEL_2??_*)))
                0x00000000010044fc                __init_POST_KERNEL_start = .
 *(SORT_BY_NAME(SORT_BY_ALIGNMENT(.z_init_POST_KERNEL?_*)))
 .z_init_POST_KERNEL0_0_
                0x00000000010044fc        0x8 zephyr/soc/soc/nrf5340/libsoc__nordic.a(soc.c.obj)
 *(SORT_BY_NAME(SORT_BY_ALIGNMENT(.z_init_POST_KERNEL??_*)))
 .z_init_POST_KERNEL35_0_
                0x0000000001004504        0x8 zephyr/lib/libc/common/liblib__libc__common.a(malloc.c.obj)
 .z_init_POST_KERNEL50_00070_
                0x000000000100450c        0x8 zephyr/drivers/flash/libdrivers__flash.a(soc_flash_nrf.c.obj)
 .z_init_POST_KERNEL90_0_
                0x0000000001004514        0x8 modules/nrf/subsys/fw_info/lib..__nrf__subsys__fw_info.a(fw_info.c.obj)
                0x000000000100451c                __init_APPLICATION_start = .
 *(SORT_BY_NAME(SORT_BY_ALIGNMENT(.z_init_APPLICATION?_*)))
 *(SORT_BY_NAME(SORT_BY_ALIGNMENT(.z_init_APPLICATION??_*)))
                0x000000000100451c                __init_SMP_start = .
 *(SORT_BY_NAME(SORT_BY_ALIGNMENT(.z_init_SMP?_*)))
 *(SORT_BY_NAME(SORT_BY_ALIGNMENT(.z_init_SMP??_*)))
                0x000000000100451c                __init_end = .
                0x000000000100451c                __deferred_init_list_start = .
 *(SORT_BY_ALIGNMENT(.z_deferred_init*))
                0x000000000100451c                __deferred_init_list_end = .

device_area     0x000000000100451c       0x3c
                0x000000000100451c                _device_list_start = .
 *(SORT_BY_NAME(SORT_BY_ALIGNMENT(._device.static.*_?_*)))
 *(SORT_BY_NAME(SORT_BY_ALIGNMENT(._device.static.*_??_*)))
 ._device.static.1_30_
                0x000000000100451c       0x14 zephyr/drivers/clock_control/libdrivers__clock_control.a(clock_control_nrf.c.obj)
                0x000000000100451c                __device_dts_ord_45
 ._device.static.1_50_
                0x0000000001004530       0x14 zephyr/drivers/serial/libdrivers__serial.a(uart_nrfx_uarte.c.obj)
                0x0000000001004530                __device_dts_ord_66
 ._device.static.3_50_
                0x0000000001004544       0x14 zephyr/drivers/flash/libdrivers__flash.a(soc_flash_nrf.c.obj)
                0x0000000001004544                __device_dts_ord_70
                0x0000000001004558                _device_list_end = .

sw_isr_table    0x0000000001004558       0xf0
                0x0000000001004558                . = ALIGN (0x4)
 *(SORT_BY_ALIGNMENT(.gnu.linkonce.sw_isr_table*))
 .gnu.linkonce.sw_isr_table
                0x0000000001004558       0xf0 zephyr/CMakeFiles/zephyr_final.dir/isr_tables.c.obj
                0x0000000001004558                _sw_isr_table

initlevel_error
                0x00000000010044d4        0x0
 *(SORT_BY_NAME(SORT_BY_ALIGNMENT(.z_init_[_A-Z0-9]*)))
                0x0000000000000001                ASSERT ((SIZEOF (initlevel_error) == 0x0), Undefined initialization levels used.)

app_shmem_regions
                0x0000000001004648        0x0
                0x0000000001004648                __app_shmem_regions_start = .
 *(SORT_BY_NAME(SORT_BY_ALIGNMENT(.app_regions.*)))
                0x0000000001004648                __app_shmem_regions_end = .

k_p4wq_initparam_area
                0x0000000001004648        0x0
                0x0000000001004648                _k_p4wq_initparam_list_start = .
 *(SORT_BY_NAME(SORT_BY_ALIGNMENT(._k_p4wq_initparam.static.*)))
                0x0000000001004648                _k_p4wq_initparam_list_end = .

_static_thread_data_area
                0x0000000001004648        0x0
                0x0000000001004648                __static_thread_data_list_start = .
 *(SORT_BY_NAME(SORT_BY_ALIGNMENT(.__static_thread_data.static.*)))
                0x0000000001004648                __static_thread_data_list_end = .

device_deps     0x0000000001004648        0x0
                0x0000000001004648                __device_deps_start = .
 *(SORT_BY_NAME(SORT_BY_ALIGNMENT(.__device_deps_pass2*)))
                0x0000000001004648                __device_deps_end = .

flash_driver_api_area
                0x0000000001004648       0x18
                0x0000000001004648                _flash_driver_api_list_start = .
 *(SORT_BY_NAME(SORT_BY_ALIGNMENT(._flash_driver_api.static.*)))
 ._flash_driver_api.static.flash_nrf_api_
                0x0000000001004648       0x18 zephyr/drivers/flash/libdrivers__flash.a(soc_flash_nrf.c.obj)
                0x0000000001004660                _flash_driver_api_list_end = .

shared_irq_driver_api_area
                0x0000000001004660        0x0
                0x0000000001004660                _shared_irq_driver_api_list_start = .
 *(SORT_BY_NAME(SORT_BY_ALIGNMENT(._shared_irq_driver_api.static.*)))
                0x0000000001004660                _shared_irq_driver_api_list_end = .

crypto_driver_api_area
                0x0000000001004660        0x0
                0x0000000001004660                _crypto_driver_api_list_start = .
 *(SORT_BY_NAME(SORT_BY_ALIGNMENT(._crypto_driver_api.static.*)))
                0x0000000001004660                _crypto_driver_api_list_end = .

adc_driver_api_area
                0x0000000001004660        0x0
                0x0000000001004660                _adc_driver_api_list_start = .
 *(SORT_BY_NAME(SORT_BY_ALIGNMENT(._adc_driver_api.static.*)))
                0x0000000001004660                _adc_driver_api_list_end = .

auxdisplay_driver_api_area
                0x0000000001004660        0x0
                0x0000000001004660                _auxdisplay_driver_api_list_start = .
 *(SORT_BY_NAME(SORT_BY_ALIGNMENT(._auxdisplay_driver_api.static.*)))
                0x0000000001004660                _auxdisplay_driver_api_list_end = .

bbram_driver_api_area
                0x0000000001004660        0x0
                0x0000000001004660                _bbram_driver_api_list_start = .
 *(SORT_BY_NAME(SORT_BY_ALIGNMENT(._bbram_driver_api.static.*)))
                0x0000000001004660                _bbram_driver_api_list_end = .

bt_hci_driver_api_area
                0x0000000001004660        0x0
                0x0000000001004660                _bt_hci_driver_api_list_start = .
 *(SORT_BY_NAME(SORT_BY_ALIGNMENT(._bt_hci_driver_api.static.*)))
                0x0000000001004660                _bt_hci_driver_api_list_end = .

can_driver_api_area
                0x0000000001004660        0x0
                0x0000000001004660                _can_driver_api_list_start = .
 *(SORT_BY_NAME(SORT_BY_ALIGNMENT(._can_driver_api.static.*)))
                0x0000000001004660                _can_driver_api_list_end = .

cellular_driver_api_area
                0x0000000001004660        0x0
                0x0000000001004660                _cellular_driver_api_list_start = .
 *(SORT_BY_NAME(SORT_BY_ALIGNMENT(._cellular_driver_api.static.*)))
                0x0000000001004660                _cellular_driver_api_list_end = .

charger_driver_api_area
                0x0000000001004660        0x0
                0x0000000001004660                _charger_driver_api_list_start = .
 *(SORT_BY_NAME(SORT_BY_ALIGNMENT(._charger_driver_api.static.*)))
                0x0000000001004660                _charger_driver_api_list_end = .

clock_control_driver_api_area
                0x0000000001004660       0x1c
                0x0000000001004660                _clock_control_driver_api_list_start = .
 *(SORT_BY_NAME(SORT_BY_ALIGNMENT(._clock_control_driver_api.static.*)))
 ._clock_control_driver_api.static.clock_control_api_
                0x0000000001004660       0x1c zephyr/drivers/clock_control/libdrivers__clock_control.a(clock_control_nrf.c.obj)
                0x000000000100467c                _clock_control_driver_api_list_end = .

comparator_driver_api_area
                0x000000000100467c        0x0
                0x000000000100467c                _comparator_driver_api_list_start = .
 *(SORT_BY_NAME(SORT_BY_ALIGNMENT(._comparator_driver_api.static.*)))
                0x000000000100467c                _comparator_driver_api_list_end = .

coredump_driver_api_area
                0x000000000100467c        0x0
                0x000000000100467c                _coredump_driver_api_list_start = .
 *(SORT_BY_NAME(SORT_BY_ALIGNMENT(._coredump_driver_api.static.*)))
                0x000000000100467c                _coredump_driver_api_list_end = .

counter_driver_api_area
                0x000000000100467c        0x0
                0x000000000100467c                _counter_driver_api_list_start = .
 *(SORT_BY_NAME(SORT_BY_ALIGNMENT(._counter_driver_api.static.*)))
                0x000000000100467c                _counter_driver_api_list_end = .

dac_driver_api_area
                0x000000000100467c        0x0
                0x000000000100467c                _dac_driver_api_list_start = .
 *(SORT_BY_NAME(SORT_BY_ALIGNMENT(._dac_driver_api.static.*)))
                0x000000000100467c                _dac_driver_api_list_end = .

dai_driver_api_area
                0x000000000100467c        0x0
                0x000000000100467c                _dai_driver_api_list_start = .
 *(SORT_BY_NAME(SORT_BY_ALIGNMENT(._dai_driver_api.static.*)))
                0x000000000100467c                _dai_driver_api_list_end = .

display_driver_api_area
                0x000000000100467c        0x0
                0x000000000100467c                _display_driver_api_list_start = .
 *(SORT_BY_NAME(SORT_BY_ALIGNMENT(._display_driver_api.static.*)))
                0x000000000100467c                _display_driver_api_list_end = .

dma_driver_api_area
                0x000000000100467c        0x0
                0x000000000100467c                _dma_driver_api_list_start = .
 *(SORT_BY_NAME(SORT_BY_ALIGNMENT(._dma_driver_api.static.*)))
                0x000000000100467c                _dma_driver_api_list_end = .

edac_driver_api_area
                0x000000000100467c        0x0
                0x000000000100467c                _edac_driver_api_list_start = .
 *(SORT_BY_NAME(SORT_BY_ALIGNMENT(._edac_driver_api.static.*)))
                0x000000000100467c                _edac_driver_api_list_end = .

eeprom_driver_api_area
                0x000000000100467c        0x0
                0x000000000100467c                _eeprom_driver_api_list_start = .
 *(SORT_BY_NAME(SORT_BY_ALIGNMENT(._eeprom_driver_api.static.*)))
                0x000000000100467c                _eeprom_driver_api_list_end = .

emul_bbram_driver_api_area
                0x000000000100467c        0x0
                0x000000000100467c                _emul_bbram_driver_api_list_start = .
 *(SORT_BY_NAME(SORT_BY_ALIGNMENT(._emul_bbram_driver_api.static.*)))
                0x000000000100467c                _emul_bbram_driver_api_list_end = .

fuel_gauge_emul_driver_api_area
                0x000000000100467c        0x0
                0x000000000100467c                _fuel_gauge_emul_driver_api_list_start = .
 *(SORT_BY_NAME(SORT_BY_ALIGNMENT(._fuel_gauge_emul_driver_api.static.*)))
                0x000000000100467c                _fuel_gauge_emul_driver_api_list_end = .

emul_sensor_driver_api_area
                0x000000000100467c        0x0
                0x000000000100467c                _emul_sensor_driver_api_list_start = .
 *(SORT_BY_NAME(SORT_BY_ALIGNMENT(._emul_sensor_driver_api.static.*)))
                0x000000000100467c                _emul_sensor_driver_api_list_end = .

entropy_driver_api_area
                0x000000000100467c        0x0
                0x000000000100467c                _entropy_driver_api_list_start = .
 *(SORT_BY_NAME(SORT_BY_ALIGNMENT(._entropy_driver_api.static.*)))
                0x000000000100467c                _entropy_driver_api_list_end = .

espi_driver_api_area
                0x000000000100467c        0x0
                0x000000000100467c                _espi_driver_api_list_start = .
 *(SORT_BY_NAME(SORT_BY_ALIGNMENT(._espi_driver_api.static.*)))
                0x000000000100467c                _espi_driver_api_list_end = .

espi_saf_driver_api_area
                0x000000000100467c        0x0
                0x000000000100467c                _espi_saf_driver_api_list_start = .
 *(SORT_BY_NAME(SORT_BY_ALIGNMENT(._espi_saf_driver_api.static.*)))
                0x000000000100467c                _espi_saf_driver_api_list_end = .

fpga_driver_api_area
                0x000000000100467c        0x0
                0x000000000100467c                _fpga_driver_api_list_start = .
 *(SORT_BY_NAME(SORT_BY_ALIGNMENT(._fpga_driver_api.static.*)))
                0x000000000100467c                _fpga_driver_api_list_end = .

fuel_gauge_driver_api_area
                0x000000000100467c        0x0
                0x000000000100467c                _fuel_gauge_driver_api_list_start = .
 *(SORT_BY_NAME(SORT_BY_ALIGNMENT(._fuel_gauge_driver_api.static.*)))
                0x000000000100467c                _fuel_gauge_driver_api_list_end = .

gnss_driver_api_area
                0x000000000100467c        0x0
                0x000000000100467c                _gnss_driver_api_list_start = .
 *(SORT_BY_NAME(SORT_BY_ALIGNMENT(._gnss_driver_api.static.*)))
                0x000000000100467c                _gnss_driver_api_list_end = .

gpio_driver_api_area
                0x000000000100467c        0x0
                0x000000000100467c                _gpio_driver_api_list_start = .
 *(SORT_BY_NAME(SORT_BY_ALIGNMENT(._gpio_driver_api.static.*)))
                0x000000000100467c                _gpio_driver_api_list_end = .

haptics_driver_api_area
                0x000000000100467c        0x0
                0x000000000100467c                _haptics_driver_api_list_start = .
 *(SORT_BY_NAME(SORT_BY_ALIGNMENT(._haptics_driver_api.static.*)))
                0x000000000100467c                _haptics_driver_api_list_end = .

hwspinlock_driver_api_area
                0x000000000100467c        0x0
                0x000000000100467c                _hwspinlock_driver_api_list_start = .
 *(SORT_BY_NAME(SORT_BY_ALIGNMENT(._hwspinlock_driver_api.static.*)))
                0x000000000100467c                _hwspinlock_driver_api_list_end = .

i2c_driver_api_area
                0x000000000100467c        0x0
                0x000000000100467c                _i2c_driver_api_list_start = .
 *(SORT_BY_NAME(SORT_BY_ALIGNMENT(._i2c_driver_api.static.*)))
                0x000000000100467c                _i2c_driver_api_list_end = .

i2c_target_driver_api_area
                0x000000000100467c        0x0
                0x000000000100467c                _i2c_target_driver_api_list_start = .
 *(SORT_BY_NAME(SORT_BY_ALIGNMENT(._i2c_target_driver_api.static.*)))
                0x000000000100467c                _i2c_target_driver_api_list_end = .

i2s_driver_api_area
                0x000000000100467c        0x0
                0x000000000100467c                _i2s_driver_api_list_start = .
 *(SORT_BY_NAME(SORT_BY_ALIGNMENT(._i2s_driver_api.static.*)))
                0x000000000100467c                _i2s_driver_api_list_end = .

i3c_driver_api_area
                0x000000000100467c        0x0
                0x000000000100467c                _i3c_driver_api_list_start = .
 *(SORT_BY_NAME(SORT_BY_ALIGNMENT(._i3c_driver_api.static.*)))
                0x000000000100467c                _i3c_driver_api_list_end = .

ipm_driver_api_area
                0x000000000100467c        0x0
                0x000000000100467c                _ipm_driver_api_list_start = .
 *(SORT_BY_NAME(SORT_BY_ALIGNMENT(._ipm_driver_api.static.*)))
                0x000000000100467c                _ipm_driver_api_list_end = .

kscan_driver_api_area
                0x000000000100467c        0x0
                0x000000000100467c                _kscan_driver_api_list_start = .
 *(SORT_BY_NAME(SORT_BY_ALIGNMENT(._kscan_driver_api.static.*)))
                0x000000000100467c                _kscan_driver_api_list_end = .

led_driver_api_area
                0x000000000100467c        0x0
                0x000000000100467c                _led_driver_api_list_start = .
 *(SORT_BY_NAME(SORT_BY_ALIGNMENT(._led_driver_api.static.*)))
                0x000000000100467c                _led_driver_api_list_end = .

led_strip_driver_api_area
                0x000000000100467c        0x0
                0x000000000100467c                _led_strip_driver_api_list_start = .
 *(SORT_BY_NAME(SORT_BY_ALIGNMENT(._led_strip_driver_api.static.*)))
                0x000000000100467c                _led_strip_driver_api_list_end = .

lora_driver_api_area
                0x000000000100467c        0x0
                0x000000000100467c                _lora_driver_api_list_start = .
 *(SORT_BY_NAME(SORT_BY_ALIGNMENT(._lora_driver_api.static.*)))
                0x000000000100467c                _lora_driver_api_list_end = .

mbox_driver_api_area
                0x000000000100467c        0x0
                0x000000000100467c                _mbox_driver_api_list_start = .
 *(SORT_BY_NAME(SORT_BY_ALIGNMENT(._mbox_driver_api.static.*)))
                0x000000000100467c                _mbox_driver_api_list_end = .

mdio_driver_api_area
                0x000000000100467c        0x0
                0x000000000100467c                _mdio_driver_api_list_start = .
 *(SORT_BY_NAME(SORT_BY_ALIGNMENT(._mdio_driver_api.static.*)))
                0x000000000100467c                _mdio_driver_api_list_end = .

mipi_dbi_driver_api_area
                0x000000000100467c        0x0
                0x000000000100467c                _mipi_dbi_driver_api_list_start = .
 *(SORT_BY_NAME(SORT_BY_ALIGNMENT(._mipi_dbi_driver_api.static.*)))
                0x000000000100467c                _mipi_dbi_driver_api_list_end = .

mipi_dsi_driver_api_area
                0x000000000100467c        0x0
                0x000000000100467c                _mipi_dsi_driver_api_list_start = .
 *(SORT_BY_NAME(SORT_BY_ALIGNMENT(._mipi_dsi_driver_api.static.*)))
                0x000000000100467c                _mipi_dsi_driver_api_list_end = .

mspi_driver_api_area
                0x000000000100467c        0x0
                0x000000000100467c                _mspi_driver_api_list_start = .
 *(SORT_BY_NAME(SORT_BY_ALIGNMENT(._mspi_driver_api.static.*)))
                0x000000000100467c                _mspi_driver_api_list_end = .

peci_driver_api_area
                0x000000000100467c        0x0
                0x000000000100467c                _peci_driver_api_list_start = .
 *(SORT_BY_NAME(SORT_BY_ALIGNMENT(._peci_driver_api.static.*)))
                0x000000000100467c                _peci_driver_api_list_end = .

ps2_driver_api_area
                0x000000000100467c        0x0
                0x000000000100467c                _ps2_driver_api_list_start = .
 *(SORT_BY_NAME(SORT_BY_ALIGNMENT(._ps2_driver_api.static.*)))
                0x000000000100467c                _ps2_driver_api_list_end = .

ptp_clock_driver_api_area
                0x000000000100467c        0x0
                0x000000000100467c                _ptp_clock_driver_api_list_start = .
 *(SORT_BY_NAME(SORT_BY_ALIGNMENT(._ptp_clock_driver_api.static.*)))
                0x000000000100467c                _ptp_clock_driver_api_list_end = .

pwm_driver_api_area
                0x000000000100467c        0x0
                0x000000000100467c                _pwm_driver_api_list_start = .
 *(SORT_BY_NAME(SORT_BY_ALIGNMENT(._pwm_driver_api.static.*)))
                0x000000000100467c                _pwm_driver_api_list_end = .

regulator_parent_driver_api_area
                0x000000000100467c        0x0
                0x000000000100467c                _regulator_parent_driver_api_list_start = .
 *(SORT_BY_NAME(SORT_BY_ALIGNMENT(._regulator_parent_driver_api.static.*)))
                0x000000000100467c                _regulator_parent_driver_api_list_end = .

regulator_driver_api_area
                0x000000000100467c        0x0
                0x000000000100467c                _regulator_driver_api_list_start = .
 *(SORT_BY_NAME(SORT_BY_ALIGNMENT(._regulator_driver_api.static.*)))
                0x000000000100467c                _regulator_driver_api_list_end = .

reset_driver_api_area
                0x000000000100467c        0x0
                0x000000000100467c                _reset_driver_api_list_start = .
 *(SORT_BY_NAME(SORT_BY_ALIGNMENT(._reset_driver_api.static.*)))
                0x000000000100467c                _reset_driver_api_list_end = .

retained_mem_driver_api_area
                0x000000000100467c        0x0
                0x000000000100467c                _retained_mem_driver_api_list_start = .
 *(SORT_BY_NAME(SORT_BY_ALIGNMENT(._retained_mem_driver_api.static.*)))
                0x000000000100467c                _retained_mem_driver_api_list_end = .

rtc_driver_api_area
                0x000000000100467c        0x0
                0x000000000100467c                _rtc_driver_api_list_start = .
 *(SORT_BY_NAME(SORT_BY_ALIGNMENT(._rtc_driver_api.static.*)))
                0x000000000100467c                _rtc_driver_api_list_end = .

sdhc_driver_api_area
                0x000000000100467c        0x0
                0x000000000100467c                _sdhc_driver_api_list_start = .
 *(SORT_BY_NAME(SORT_BY_ALIGNMENT(._sdhc_driver_api.static.*)))
                0x000000000100467c                _sdhc_driver_api_list_end = .

sensor_driver_api_area
                0x000000000100467c        0x0
                0x000000000100467c                _sensor_driver_api_list_start = .
 *(SORT_BY_NAME(SORT_BY_ALIGNMENT(._sensor_driver_api.static.*)))
                0x000000000100467c                _sensor_driver_api_list_end = .

smbus_driver_api_area
                0x000000000100467c        0x0
                0x000000000100467c                _smbus_driver_api_list_start = .
 *(SORT_BY_NAME(SORT_BY_ALIGNMENT(._smbus_driver_api.static.*)))
                0x000000000100467c                _smbus_driver_api_list_end = .

spi_driver_api_area
                0x000000000100467c        0x0
                0x000000000100467c                _spi_driver_api_list_start = .
 *(SORT_BY_NAME(SORT_BY_ALIGNMENT(._spi_driver_api.static.*)))
                0x000000000100467c                _spi_driver_api_list_end = .

stepper_driver_api_area
                0x000000000100467c        0x0
                0x000000000100467c                _stepper_driver_api_list_start = .
 *(SORT_BY_NAME(SORT_BY_ALIGNMENT(._stepper_driver_api.static.*)))
                0x000000000100467c                _stepper_driver_api_list_end = .

syscon_driver_api_area
                0x000000000100467c        0x0
                0x000000000100467c                _syscon_driver_api_list_start = .
 *(SORT_BY_NAME(SORT_BY_ALIGNMENT(._syscon_driver_api.static.*)))
                0x000000000100467c                _syscon_driver_api_list_end = .

tee_driver_api_area
                0x000000000100467c        0x0
                0x000000000100467c                _tee_driver_api_list_start = .
 *(SORT_BY_NAME(SORT_BY_ALIGNMENT(._tee_driver_api.static.*)))
                0x000000000100467c                _tee_driver_api_list_end = .

video_driver_api_area
                0x000000000100467c        0x0
                0x000000000100467c                _video_driver_api_list_start = .
 *(SORT_BY_NAME(SORT_BY_ALIGNMENT(._video_driver_api.static.*)))
                0x000000000100467c                _video_driver_api_list_end = .

w1_driver_api_area
                0x000000000100467c        0x0
                0x000000000100467c                _w1_driver_api_list_start = .
 *(SORT_BY_NAME(SORT_BY_ALIGNMENT(._w1_driver_api.static.*)))
                0x000000000100467c                _w1_driver_api_list_end = .

wdt_driver_api_area
                0x000000000100467c        0x0
                0x000000000100467c                _wdt_driver_api_list_start = .
 *(SORT_BY_NAME(SORT_BY_ALIGNMENT(._wdt_driver_api.static.*)))
                0x000000000100467c                _wdt_driver_api_list_end = .

can_transceiver_driver_api_area
                0x000000000100467c        0x0
                0x000000000100467c                _can_transceiver_driver_api_list_start = .
 *(SORT_BY_NAME(SORT_BY_ALIGNMENT(._can_transceiver_driver_api.static.*)))
                0x000000000100467c                _can_transceiver_driver_api_list_end = .

nrf_clock_control_driver_api_area
                0x000000000100467c        0x0
                0x000000000100467c                _nrf_clock_control_driver_api_list_start = .
 *(SORT_BY_NAME(SORT_BY_ALIGNMENT(._nrf_clock_control_driver_api.static.*)))
                0x000000000100467c                _nrf_clock_control_driver_api_list_end = .

i3c_target_driver_api_area
                0x000000000100467c        0x0
                0x000000000100467c                _i3c_target_driver_api_list_start = .
 *(SORT_BY_NAME(SORT_BY_ALIGNMENT(._i3c_target_driver_api.static.*)))
                0x000000000100467c                _i3c_target_driver_api_list_end = .

its_driver_api_area
                0x000000000100467c        0x0
                0x000000000100467c                _its_driver_api_list_start = .
 *(SORT_BY_NAME(SORT_BY_ALIGNMENT(._its_driver_api.static.*)))
                0x000000000100467c                _its_driver_api_list_end = .

vtd_driver_api_area
                0x000000000100467c        0x0
                0x000000000100467c                _vtd_driver_api_list_start = .
 *(SORT_BY_NAME(SORT_BY_ALIGNMENT(._vtd_driver_api.static.*)))
                0x000000000100467c                _vtd_driver_api_list_end = .

tgpio_driver_api_area
                0x000000000100467c        0x0
                0x000000000100467c                _tgpio_driver_api_list_start = .
 *(SORT_BY_NAME(SORT_BY_ALIGNMENT(._tgpio_driver_api.static.*)))
                0x000000000100467c                _tgpio_driver_api_list_end = .

pcie_ctrl_driver_api_area
                0x000000000100467c        0x0
                0x000000000100467c                _pcie_ctrl_driver_api_list_start = .
 *(SORT_BY_NAME(SORT_BY_ALIGNMENT(._pcie_ctrl_driver_api.static.*)))
                0x000000000100467c                _pcie_ctrl_driver_api_list_end = .

pcie_ep_driver_api_area
                0x000000000100467c        0x0
                0x000000000100467c                _pcie_ep_driver_api_list_start = .
 *(SORT_BY_NAME(SORT_BY_ALIGNMENT(._pcie_ep_driver_api.static.*)))
                0x000000000100467c                _pcie_ep_driver_api_list_end = .

svc_driver_api_area
                0x000000000100467c        0x0
                0x000000000100467c                _svc_driver_api_list_start = .
 *(SORT_BY_NAME(SORT_BY_ALIGNMENT(._svc_driver_api.static.*)))
                0x000000000100467c                _svc_driver_api_list_end = .

uart_driver_api_area
                0x000000000100467c        0xc
                0x000000000100467c                _uart_driver_api_list_start = .
 *(SORT_BY_NAME(SORT_BY_ALIGNMENT(._uart_driver_api.static.*)))
 ._uart_driver_api.static.uart_nrfx_uarte_driver_api_
                0x000000000100467c        0xc zephyr/drivers/serial/libdrivers__serial.a(uart_nrfx_uarte.c.obj)
                0x0000000001004688                _uart_driver_api_list_end = .

bc12_emul_driver_api_area
                0x0000000001004688        0x0
                0x0000000001004688                _bc12_emul_driver_api_list_start = .
 *(SORT_BY_NAME(SORT_BY_ALIGNMENT(._bc12_emul_driver_api.static.*)))
                0x0000000001004688                _bc12_emul_driver_api_list_end = .

bc12_driver_api_area
                0x0000000001004688        0x0
                0x0000000001004688                _bc12_driver_api_list_start = .
 *(SORT_BY_NAME(SORT_BY_ALIGNMENT(._bc12_driver_api.static.*)))
                0x0000000001004688                _bc12_driver_api_list_end = .

usbc_ppc_driver_api_area
                0x0000000001004688        0x0
                0x0000000001004688                _usbc_ppc_driver_api_list_start = .
 *(SORT_BY_NAME(SORT_BY_ALIGNMENT(._usbc_ppc_driver_api.static.*)))
                0x0000000001004688                _usbc_ppc_driver_api_list_end = .

tcpc_driver_api_area
                0x0000000001004688        0x0
                0x0000000001004688                _tcpc_driver_api_list_start = .
 *(SORT_BY_NAME(SORT_BY_ALIGNMENT(._tcpc_driver_api.static.*)))
                0x0000000001004688                _tcpc_driver_api_list_end = .

usbc_vbus_driver_api_area
                0x0000000001004688        0x0
                0x0000000001004688                _usbc_vbus_driver_api_list_start = .
 *(SORT_BY_NAME(SORT_BY_ALIGNMENT(._usbc_vbus_driver_api.static.*)))
                0x0000000001004688                _usbc_vbus_driver_api_list_end = .

ivshmem_driver_api_area
                0x0000000001004688        0x0
                0x0000000001004688                _ivshmem_driver_api_list_start = .
 *(SORT_BY_NAME(SORT_BY_ALIGNMENT(._ivshmem_driver_api.static.*)))
                0x0000000001004688                _ivshmem_driver_api_list_end = .

ethphy_driver_api_area
                0x0000000001004688        0x0
                0x0000000001004688                _ethphy_driver_api_list_start = .
 *(SORT_BY_NAME(SORT_BY_ALIGNMENT(._ethphy_driver_api.static.*)))
                0x0000000001004688                _ethphy_driver_api_list_end = .

ztest           0x0000000001004688        0x0
                0x0000000001004688                _ztest_expected_result_entry_list_start = .
 *(SORT_BY_NAME(SORT_BY_ALIGNMENT(._ztest_expected_result_entry.static.*)))
                0x0000000001004688                _ztest_expected_result_entry_list_end = .
                0x0000000001004688                _ztest_suite_node_list_start = .
 *(SORT_BY_NAME(SORT_BY_ALIGNMENT(._ztest_suite_node.static.*)))
                0x0000000001004688                _ztest_suite_node_list_end = .
                0x0000000001004688                _ztest_unit_test_list_start = .
 *(SORT_BY_NAME(SORT_BY_ALIGNMENT(._ztest_unit_test.static.*)))
                0x0000000001004688                _ztest_unit_test_list_end = .
                0x0000000001004688                _ztest_test_rule_list_start = .
 *(SORT_BY_NAME(SORT_BY_ALIGNMENT(._ztest_test_rule.static.*)))
                0x0000000001004688                _ztest_test_rule_list_end = .

init_array      0x0000000001004688        0x0
 *(SORT_BY_NAME(SORT_BY_ALIGNMENT(.ctors*)))
 *(SORT_BY_NAME(SORT_BY_ALIGNMENT(.init_array*)))
                0x0000000000000001                ASSERT ((SIZEOF (init_array) == 0x0), GNU-style constructors required but STATIC_INIT_GNU not enabled)

bt_l2cap_fixed_chan_area
                0x0000000001004688        0x0
                0x0000000001004688                _bt_l2cap_fixed_chan_list_start = .
 *(SORT_BY_NAME(SORT_BY_ALIGNMENT(._bt_l2cap_fixed_chan.static.*)))
                0x0000000001004688                _bt_l2cap_fixed_chan_list_end = .

bt_gatt_service_static_area
                0x0000000001004688        0x0
                0x0000000001004688                _bt_gatt_service_static_list_start = .
 *(SORT_BY_NAME(SORT_BY_ALIGNMENT(._bt_gatt_service_static.static.*)))
                0x0000000001004688                _bt_gatt_service_static_list_end = .

log_strings_area
                0x0000000001004688        0x0
                0x0000000001004688                _log_strings_list_start = .
 *(SORT_BY_NAME(SORT_BY_ALIGNMENT(._log_strings.static.*)))
                0x0000000001004688                _log_strings_list_end = .

log_stmesp_ptr_area
                0x0000000001004688        0x0
                0x0000000001004688                _log_stmesp_ptr_list_start = .
 *(SORT_BY_NAME(SORT_BY_ALIGNMENT(._log_stmesp_ptr.static.*)))
                0x0000000001004688                _log_stmesp_ptr_list_end = .

log_stmesp_str_area
                0x0000000001004688        0x0
                0x0000000001004688                _log_stmesp_str_list_start = .
 *(SORT_BY_NAME(SORT_BY_ALIGNMENT(._log_stmesp_str.static.*)))
                0x0000000001004688                _log_stmesp_str_list_end = .

log_const_area  0x0000000001004688        0x8
                0x0000000001004688                _log_const_list_start = .
 *(SORT_BY_NAME(SORT_BY_ALIGNMENT(._log_const.static.*)))
 ._log_const.static.log_const_bl_validation_
                0x0000000001004688        0x8 modules/nrf/subsys/bootloader/bl_validation/lib..__nrf__subsys__bootloader__bl_validation.a(bl_validation.c.obj)
                0x0000000001004688                log_const_bl_validation
                0x0000000001004690                _log_const_list_end = .

log_backend_area
                0x0000000001004690        0x0
                0x0000000001004690                _log_backend_list_start = .
 *(SORT_BY_NAME(SORT_BY_ALIGNMENT(._log_backend.static.*)))
                0x0000000001004690                _log_backend_list_end = .

log_link_area   0x0000000001004690        0x0
                0x0000000001004690                _log_link_list_start = .
 *(SORT_BY_NAME(SORT_BY_ALIGNMENT(._log_link.static.*)))
                0x0000000001004690                _log_link_list_end = .

tracing_backend_area
                0x0000000001004690        0x0
                0x0000000001004690                _tracing_backend_list_start = .
 *(SORT_BY_NAME(SORT_BY_ALIGNMENT(._tracing_backend.static.*)))
                0x0000000001004690                _tracing_backend_list_end = .

zephyr_dbg_info
 *(SORT_BY_ALIGNMENT(.dbg_thread_info))

intc_table_area
                0x0000000001004690        0x0
                0x0000000001004690                _intc_table_list_start = .
 *(SORT_BY_NAME(SORT_BY_ALIGNMENT(._intc_table.static.*)))
                0x0000000001004690                _intc_table_list_end = .

symbol_to_keep  0x0000000001004690        0x0
                0x0000000001004690                __symbol_to_keep_start = .
 *(SORT_BY_NAME(SORT_BY_ALIGNMENT(.symbol_to_keep*)))
                0x0000000001004690                __symbol_to_keep_end = .

shell_area      0x0000000001004690        0x0
                0x0000000001004690                _shell_list_start = .
 *(SORT_BY_NAME(SORT_BY_ALIGNMENT(._shell.static.*)))
                0x0000000001004690                _shell_list_end = .

shell_root_cmds_area
                0x0000000001004690        0x0
                0x0000000001004690                _shell_root_cmds_list_start = .
 *(SORT_BY_NAME(SORT_BY_ALIGNMENT(._shell_root_cmds.static.*)))
                0x0000000001004690                _shell_root_cmds_list_end = .

shell_subcmds_area
                0x0000000001004690        0x0
                0x0000000001004690                _shell_subcmds_list_start = .
 *(SORT_BY_NAME(SORT_BY_ALIGNMENT(._shell_subcmds.static.*)))
                0x0000000001004690                _shell_subcmds_list_end = .

shell_dynamic_subcmds_area
                0x0000000001004690        0x0
                0x0000000001004690                _shell_dynamic_subcmds_list_start = .
 *(SORT_BY_NAME(SORT_BY_ALIGNMENT(._shell_dynamic_subcmds.static.*)))
                0x0000000001004690                _shell_dynamic_subcmds_list_end = .

cfb_font_area   0x0000000001004690        0x0
                0x0000000001004690                _cfb_font_list_start = .
 *(SORT_BY_NAME(SORT_BY_ALIGNMENT(._cfb_font.static.*)))
                0x0000000001004690                _cfb_font_list_end = .

tdata           0x0000000001004690        0x0
 *(SORT_BY_ALIGNMENT(.tdata) SORT_BY_ALIGNMENT(.tdata.*) SORT_BY_ALIGNMENT(.gnu.linkonce.td.*))

tbss            0x0000000001004690        0x0
 *(SORT_BY_ALIGNMENT(.tbss) SORT_BY_ALIGNMENT(.tbss.*) SORT_BY_ALIGNMENT(.gnu.linkonce.tb.*) SORT_BY_ALIGNMENT(.tcommon))
                0x0000000001004690                PROVIDE (__tdata_start = LOADADDR (tdata))
                0x0000000000000001                PROVIDE (__tdata_align = ALIGNOF (tdata))
                0x0000000000000000                PROVIDE (__tdata_size = (((SIZEOF (tdata) + __tdata_align) - 0x1) & ~ ((__tdata_align - 0x1))))
                [!provide]                        PROVIDE (__tdata_end = (__tdata_start + __tdata_size))
                0x0000000000000001                PROVIDE (__tbss_align = ALIGNOF (tbss))
                [!provide]                        PROVIDE (__tbss_start = ADDR (tbss))
                0x0000000000000000                PROVIDE (__tbss_size = (((SIZEOF (tbss) + __tbss_align) - 0x1) & ~ ((__tbss_align - 0x1))))
                [!provide]                        PROVIDE (__tbss_end = (__tbss_start + __tbss_size))
                [!provide]                        PROVIDE (__tls_start = __tdata_start)
                [!provide]                        PROVIDE (__tls_end = __tbss_end)
                [!provide]                        PROVIDE (__tls_size = (__tbss_end - __tdata_start))

rodata          0x0000000001004690      0xab8
 *(SORT_BY_ALIGNMENT(.rodata))
 .rodata        0x0000000001004690        0xc app/libapp.a(main.c.obj)
 .rodata        0x000000000100469c       0x18 modules/nrf/subsys/bootloader/bl_validation/lib..__nrf__subsys__bootloader__bl_validation.a(bl_validation.c.obj)
 .rodata        0x00000000010046b4       0x18 modules/nrf/subsys/fw_info/lib..__nrf__subsys__fw_info.a(fw_info.c.obj)
 *(SORT_BY_ALIGNMENT(.rodata.*))
 *fill*         0x00000000010046cc        0x4 
 .rodata.delay_machine_code.0
                0x00000000010046d0        0x6 zephyr/soc/soc/nrf5340/libsoc__nordic.a(soc.c.obj)
 *fill*         0x00000000010046d6        0x2 
 .rodata.fw_info_allowed_offsets
                0x00000000010046d8       0x1c app/libapp.a(main.c.obj)
 .rodata.transitions.0
                0x00000000010046f4        0xc zephyr/drivers/clock_control/libdrivers__clock_control.a(clock_control_nrf.c.obj)
 .rodata.config
                0x0000000001004700       0x18 zephyr/drivers/clock_control/libdrivers__clock_control.a(clock_control_nrf.c.obj)
 .rodata.flash_nrf_parameters
                0x0000000001004718        0x8 zephyr/drivers/flash/libdrivers__flash.a(soc_flash_nrf.c.obj)
 .rodata.uarte_0z_config
                0x0000000001004720       0x24 zephyr/drivers/serial/libdrivers__serial.a(uart_nrfx_uarte.c.obj)
 .rodata.__pinctrl_dev_config__device_dts_ord_66
                0x0000000001004744        0xc zephyr/drivers/serial/libdrivers__serial.a(uart_nrfx_uarte.c.obj)
 .rodata.__pinctrl_states__device_dts_ord_66
                0x0000000001004750        0x8 zephyr/drivers/serial/libdrivers__serial.a(uart_nrfx_uarte.c.obj)
 .rodata.__pinctrl_state_pins_0__device_dts_ord_66
                0x0000000001004758       0x10 zephyr/drivers/serial/libdrivers__serial.a(uart_nrfx_uarte.c.obj)
 .rodata.fw_info_allowed_offsets
                0x0000000001004768       0x1c modules/nrf/subsys/bootloader/bl_validation/lib..__nrf__subsys__bootloader__bl_validation.a(bl_validation.c.obj)
 .rodata.fw_info_allowed_offsets
                0x0000000001004784       0x1c modules/nrf/subsys/fw_info/lib..__nrf__subsys__fw_info.a(fw_info.c.obj)
 .rodata.levels.0
                0x00000000010047a0       0x18 zephyr/kernel/libkernel.a(init.c.obj)
 .rodata.const_table
                0x00000000010047b8      0x100 /opt/nordic/ncs/v3.0.2/nrfxlib/crypto/nrf_oberon/lib/cortex-m33+nodsp/soft-float/liboberon_3.0.16.a(ocrypto_sha256.c.obj)
 .rodata.main.str1.1
                0x00000000010048b8       0xb1 app/libapp.a(main.c.obj)
 .rodata.sys_heap_free.str1.1
                0x0000000001004969       0x3b zephyr/libzephyr.a(heap.c.obj)
 .rodata.process_event.str1.1
                0x00000000010049a4       0x25 zephyr/libzephyr.a(onoff.c.obj)
                                         0x3d (size before relaxing)
 .rodata.sys_notify_finalize.str1.1
                0x00000000010049c9       0x26 zephyr/libzephyr.a(notify.c.obj)
                                         0x3e (size before relaxing)
 .rodata.boot_banner.str1.1
                0x00000000010049ef       0x63 zephyr/libzephyr.a(banner.c.obj)
 .rodata.mem_manage_fault.constprop.0.str1.1
                0x0000000001004a52       0x32 zephyr/arch/arch/arm/core/cortex_m/libarch__arm__core__cortex_m.a(fault.c.obj)
                                         0x4a (size before relaxing)
 .rodata.z_arm_irq_priority_set.str1.1
                0x0000000001004a84       0x37 zephyr/arch/arch/arm/core/cortex_m/libarch__arm__core__cortex_m.a(irq_manage.c.obj)
                                         0x4f (size before relaxing)
 .rodata.get_status.str1.1
                0x0000000001004abb       0x3d zephyr/drivers/clock_control/libdrivers__clock_control.a(clock_control_nrf.c.obj)
                                         0x55 (size before relaxing)
 .rodata.str1.1
                0x0000000001004af8       0x1b zephyr/drivers/clock_control/libdrivers__clock_control.a(clock_control_nrf.c.obj)
 .rodata.str1.1
                0x0000000001004b13       0x1a zephyr/drivers/flash/libdrivers__flash.a(soc_flash_nrf.c.obj)
 .rodata.nrf_gpio_pin_port_decode.str1.1
                0x0000000001004b2d       0x33 zephyr/drivers/pinctrl/libdrivers__pinctrl.a(pinctrl_nrf.c.obj)
                                         0x4b (size before relaxing)
 .rodata.drive_modes
                0x0000000001004b60        0x9 zephyr/drivers/pinctrl/libdrivers__pinctrl.a(pinctrl_nrf.c.obj)
 .rodata.str1.1
                0x0000000001004b69        0xe zephyr/drivers/serial/libdrivers__serial.a(uart_nrfx_uarte.c.obj)
 .rodata.fprotect_set_permission.str1.1
                0x0000000001004b77       0x5e modules/nrf/lib/fprotect/lib..__nrf__lib__fprotect.a(fprotect_acl.c.obj)
                                         0x76 (size before relaxing)
 .rodata.bl_boot.str1.1
                0x0000000001004bd5       0x47 modules/nrf/subsys/bootloader/bl_boot/lib..__nrf__subsys__bootloader__bl_boot.a(bl_boot.c.obj)
                                         0x92 (size before relaxing)
 .rodata.get_monotonic_version.str1.1
                0x0000000001004c1c       0x25 modules/nrf/subsys/bootloader/bl_validation/lib..__nrf__subsys__bootloader__bl_validation.a(bl_validation.c.obj)
 .rodata.validate_firmware.str1.1
                0x0000000001004c41      0x31e modules/nrf/subsys/bootloader/bl_validation/lib..__nrf__subsys__bootloader__bl_validation.a(bl_validation.c.obj)
 .rodata.str1.1
                0x0000000001004f5f        0xe modules/nrf/subsys/bootloader/bl_validation/lib..__nrf__subsys__bootloader__bl_validation.a(bl_validation.c.obj)
 .rodata.check_ext_api_requests.str1.1
                0x0000000001004f6d       0x5c modules/nrf/subsys/fw_info/lib..__nrf__subsys__fw_info.a(fw_info.c.obj)
 .rodata.CSWTCH.4
                0x0000000001004fc9        0x4 modules/hal_nordic/modules/hal_nordic/nrfx/libmodules__hal_nordic__nrfx.a(system_nrf5340_network.c.obj)
 .rodata.CSWTCH.1
                0x0000000001004fcd        0x4 modules/hal_nordic/modules/hal_nordic/nrfx/libmodules__hal_nordic__nrfx.a(system_nrf5340_network.c.obj)
 .rodata.nrfx_gppi_channel_check.str1.1
                0x0000000001004fd1       0x33 modules/hal_nordic/modules/hal_nordic/nrfx/libmodules__hal_nordic__nrfx.a(nrfx_gppi_dppi.c.obj)
                                         0x4b (size before relaxing)
 .rodata.nrfx_gppi_event_endpoint_setup.str1.1
                0x0000000001005004       0x3d modules/hal_nordic/modules/hal_nordic/nrfx/libmodules__hal_nordic__nrfx.a(nrfx_gppi_dppi.c.obj)
 .rodata.clock_stop.str1.1
                0x0000000001005041       0x71 modules/hal_nordic/modules/hal_nordic/nrfx/libmodules__hal_nordic__nrfx.a(nrfx_clock.c.obj)
                                         0x89 (size before relaxing)
 .rodata.partial_word_create.str1.1
                0x00000000010050b2       0x3c modules/hal_nordic/modules/hal_nordic/nrfx/libmodules__hal_nordic__nrfx.a(nrfx_nvmc.c.obj)
                                         0x54 (size before relaxing)
 .rodata.z_device_state_init.str1.1
                0x00000000010050ee       0x23 zephyr/kernel/libkernel.a(device.c.obj)
                                         0x3b (size before relaxing)
 .rodata.z_fatal_error.str1.1
                0x0000000001005111       0x22 zephyr/kernel/libkernel.a(fatal.c.obj)
                                         0x3a (size before relaxing)
 .rodata.__l_vfprintf.str1.1
                0x0000000001005133        0xf /opt/nordic/ncs/toolchains/ef4fc6722e/opt/zephyr-sdk/arm-zephyr-eabi/bin/../lib/gcc/../../picolibc/arm-zephyr-eabi/lib/thumb/v8-m.main/nofp/libc.a(libc_tinystdio_vflprintf.c.o)
 *(SORT_BY_ALIGNMENT(.gnu.linkonce.r.*))
                0x0000000001005144                . = ALIGN (0x4)
 *fill*         0x0000000001005142        0x2 
                0x0000000001005144                _fw_info_images_start = .
 *(SORT_BY_ALIGNMENT(.fw_info_images))
 .fw_info_images
                0x0000000001005144        0x4 modules/nrf/subsys/fw_info/lib..__nrf__subsys__fw_info.a(fw_info.c.obj)
                0x0000000001005144                self_image
                0x0000000000000001                _fw_info_images_size = ABSOLUTE (((. - _fw_info_images_start) / 0x4))
                0x0000000001005148                _ext_apis_start = .
 *(SORT_BY_ALIGNMENT(.ext_apis))
                0x0000000000000000                _ext_apis_size = ABSOLUTE ((. - _ext_apis_start))
                0x0000000001005148                _ext_apis_req_start = .
 *(SORT_BY_ALIGNMENT(.ext_apis_req))
                0x0000000000000000                _ext_apis_req_size = ABSOLUTE ((. - _ext_apis_req_start))
                0x0000000001005148                . = ALIGN (0x4)

/DISCARD/
 *(SORT_BY_ALIGNMENT(.eh_frame))
                0x0000000001005148                __rodata_region_end = .
                0x0000000001005148                . = ALIGN (_region_min_align)
                0x0000000001005148                __rom_region_end = ((__rom_region_start + .) - ADDR (rom_start))

/DISCARD/
 *(SORT_BY_ALIGNMENT(.got.plt))
 *(SORT_BY_ALIGNMENT(.igot.plt))
 *(SORT_BY_ALIGNMENT(.got))
 *(SORT_BY_ALIGNMENT(.igot))
                0x0000000021000000                . = 0x21000000
                0x0000000021000000                . = ALIGN (_region_min_align)
                0x0000000021000000                _image_ram_start = .

.ramfunc        0x0000000021000000        0x0 load address 0x0000000001005148
                0x0000000021000000                __ramfunc_region_start = .
                0x0000000021000000                . = ALIGN (_region_min_align)
                0x0000000021000000                __ramfunc_start = .
 *(SORT_BY_ALIGNMENT(.ramfunc))
 *(SORT_BY_ALIGNMENT(.ramfunc.*))
                0x0000000021000000                . = ALIGN (_region_min_align)
                0x0000000021000000                __ramfunc_end = .
                0x0000000000000000                __ramfunc_size = (__ramfunc_end - __ramfunc_start)
                0x0000000001005148                __ramfunc_load_start = LOADADDR (.ramfunc)

datas           0x0000000021000000       0x34 load address 0x0000000001005148
                0x0000000021000000                __data_region_start = .
                0x0000000021000000                __data_start = .
 *(SORT_BY_ALIGNMENT(.data))
 *(SORT_BY_ALIGNMENT(.data.*))
 .data._char_out
                0x0000000021000000        0x4 zephyr/libzephyr.a(printk.c.obj)
 .data.__stdout
                0x0000000021000004       0x10 zephyr/lib/libc/picolibc/liblib__libc__picolibc.a(stdio.c.obj)
 .data.dppi     0x0000000021000014        0x8 modules/hal_nordic/modules/hal_nordic/nrfx/libmodules__hal_nordic__nrfx.a(nrfx_gppi_dppi.c.obj)
 .data.m_cb     0x000000002100001c       0x10 modules/hal_nordic/modules/hal_nordic/nrfx/libmodules__hal_nordic__nrfx.a(nrfx_dppi.c.obj)
 .data.timeout_list
                0x000000002100002c        0x8 zephyr/kernel/libkernel.a(timeout.c.obj)
 *(SORT_BY_ALIGNMENT(.kernel.*))
                0x0000000021000034                __data_end = .
                0x0000000000000034                __data_size = (__data_end - __data_start)
                0x0000000001005148                __data_load_start = LOADADDR (datas)
                0x0000000001005148                __data_region_load_start = LOADADDR (datas)

device_states   0x0000000021000034        0x6 load address 0x000000000100517c
                0x0000000021000034                __device_states_start = .
 *(SORT_BY_ALIGNMENT(.z_devstate))
 .z_devstate    0x0000000021000034        0x2 zephyr/drivers/clock_control/libdrivers__clock_control.a(clock_control_nrf.c.obj)
 .z_devstate    0x0000000021000036        0x2 zephyr/drivers/flash/libdrivers__flash.a(soc_flash_nrf.c.obj)
 .z_devstate    0x0000000021000038        0x2 zephyr/drivers/serial/libdrivers__serial.a(uart_nrfx_uarte.c.obj)
 *(SORT_BY_ALIGNMENT(.z_devstate.*))
                0x000000002100003a                __device_states_end = .

log_mpsc_pbuf_area
                0x000000002100003a        0x0 load address 0x0000000001005182
                0x000000002100003a                _log_mpsc_pbuf_list_start = .
 *(SORT_BY_NAME(SORT_BY_ALIGNMENT(._log_mpsc_pbuf.static.*)))
                0x000000002100003a                _log_mpsc_pbuf_list_end = .

log_msg_ptr_area
                0x000000002100003a        0x0 load address 0x0000000001005182
                0x000000002100003a                _log_msg_ptr_list_start = .
 *(SORT_BY_NAME(SORT_BY_ALIGNMENT(._log_msg_ptr.static.*)))
                0x000000002100003a                _log_msg_ptr_list_end = .

log_dynamic_area