The target system is: Generic - 4.0.99 - arm
The host system is: Darwin - 25.5.0 - arm64
Compiling the C compiler identification source file "CMakeCCompilerId.c" succeeded.
Compiler: /opt/nordic/ncs/toolchains/ef4fc6722e/opt/zephyr-sdk/arm-zephyr-eabi/bin/arm-zephyr-eabi-gcc 
Build flags: 
Id flags: -c 

The output was:
0


Compilation of the C compiler identification source "CMakeCCompilerId.c" produced "CMakeCCompilerId.o"

The C compiler identification is GNU, found in "/opt/nordic/ncs/v3.0.2/nrf/applications/machine_learning/build/ipc_radio/CMakeFiles/3.21.0/CompilerIdC/CMakeCCompilerId.o"

Compiling the CXX compiler identification source file "CMakeCXXCompilerId.cpp" succeeded.
Compiler: /opt/nordic/ncs/toolchains/ef4fc6722e/opt/zephyr-sdk/arm-zephyr-eabi/bin/arm-zephyr-eabi-g++ 
Build flags: 
Id flags: -c 

The output was:
0


Compilation of the CXX compiler identification source "CMakeCXXCompilerId.cpp" produced "CMakeCXXCompilerId.o"

The CXX compiler identification is GNU, found in "/opt/nordic/ncs/v3.0.2/nrf/applications/machine_learning/build/ipc_radio/CMakeFiles/3.21.0/CompilerIdCXX/CMakeCXXCompilerId.o"

Checking whether the ASM compiler is GNU using "--version" matched "(GNU assembler)|(GCC)|(Free Software Foundation)":
arm-zephyr-eabi-gcc (Zephyr SDK 0.17.0) 12.2.0
Copyright (C) 2022 Free Software Foundation, Inc.
This is free software; see the source for copying conditions.  There is NO
warranty; not even for MERCHANTABILITY or FITNESS FOR A PARTICULAR PURPOSE.

Determining if files stdatomic.h exist passed with the following output:
Change Dir: /opt/nordic/ncs/v3.0.2/nrf/applications/machine_learning/build/ipc_radio/CMakeFiles/CMakeTmp

Run Build Command(s):/opt/nordic/ncs/toolchains/ef4fc6722e/bin/ninja cmTC_2f986 && [1/2] Building C object CMakeFiles/cmTC_2f986.dir/HAVE_STDATOMIC_H.c.obj
[2/2] Linking C executable cmTC_2f986
arm-zephyr-eabi-gcc: warning: CMakeFiles/cmTC_2f986.dir/HAVE_STDATOMIC_H.c.obj: linker input file unused because linking not done



Determining if files fcntl.h exist passed with the following output:
Change Dir: /opt/nordic/ncs/v3.0.2/nrf/applications/machine_learning/build/ipc_radio/CMakeFiles/CMakeTmp

Run Build Command(s):/opt/nordic/ncs/toolchains/ef4fc6722e/bin/ninja cmTC_4081a && [1/2] Building C object CMakeFiles/cmTC_4081a.dir/HAVE_FCNTL_H.c.obj
[2/2] Linking C executable cmTC_4081a
arm-zephyr-eabi-gcc: warning: CMakeFiles/cmTC_4081a.dir/HAVE_FCNTL_H.c.obj: linker input file unused because linking not done



